02-24 19:03:10.419 18849 18849 W BatteryUsageContentProvider: create content provider from null
02-24 19:03:10.509   357 18928 I resolv  : ResNSendHandler::run: 0 / {100 983140 100 983140 1073 1}
02-24 19:03:10.517   357 18928 I resolv  : res_nsend: used send_dg 63 terrno: 0
02-24 19:03:10.518   357 18929 I resolv  : ResNSendHandler::run: 0 / {100 983140 100 983140 1073 1}
02-24 19:03:10.524   357 18930 I resolv  : ResNSendHandler::run: 0 / {100 983140 100 983140 1073 1}
02-24 19:03:10.530   357 18930 I resolv  : res_nsend: used send_dg 48 terrno: 0
02-24 19:03:10.532   357 18927 I resolv  : ResNSendHandler::run: 0 / {100 983140 100 983140 1073 1}
02-24 19:03:10.538   357 18929 I resolv  : res_nsend: used send_dg 60 terrno: 0
02-24 19:03:10.543   357 18927 I resolv  : res_nsend: used send_dg 75 terrno: 0
02-24 19:03:10.566 18719 18875 W ziparchive: Unable to open '/data/user_de/0/com.google.android.gms/app_chimera/m/00000009/CronetDynamite.dm': No such file or directory
02-24 19:03:10.569 18719 18875 W ziparchive: Unable to open '/data/user_de/0/com.google.android.gms/app_chimera/m/00000009/CronetDynamite.dm': No such file or directory
02-24 19:03:10.582  1719  2734 I MdiSyncModule: Receiving API connection from package 'com.google.android.gm'...
02-24 19:03:10.584  1719  2734 I MdiSyncModule: API connection successful!
02-24 19:03:10.599  2894  2907 E AuthPII : [GoogleAccountDataServiceImpl] getToken() -> BAD_AUTHENTICATION. App: com.google.android.gms, Service: oauth2:https://www.googleapis.com/auth/userinfo.email https://www.googleapis.com/auth/account.capabilities https://www.googleapis.com/auth/account.service_flags
02-24 19:03:10.599  2894  2907 E AuthPII : abcp: Long live credential not available.
02-24 19:03:10.599  2894  2907 E AuthPII : 	at mbt.a(:com.google.android.gms@231818047@23.18.18 (190800-535401451):8)
02-24 19:03:10.599  2894  2907 E AuthPII : 	at mca.b(:com.google.android.gms@231818047@23.18.18 (190800-535401451):3)
02-24 19:03:10.599  2894  2907 E AuthPII : 	at lzx.m(:com.google.android.gms@231818047@23.18.18 (190800-535401451):48)
02-24 19:03:10.599  2894  2907 E AuthPII : 	at lyz.a(:com.google.android.gms@231818047@23.18.18 (190800-535401451):22)
02-24 19:03:10.599  2894  2907 E AuthPII : 	at lze.a(:com.google.android.gms@231818047@23.18.18 (190800-535401451):2)
02-24 19:03:10.599  2894  2907 E AuthPII : 	at mcs.b(:com.google.android.gms@231818047@23.18.18 (190800-535401451):3)
02-24 19:03:10.599  2894  2907 E AuthPII : 	at mcs.a(:com.google.android.gms@231818047@23.18.18 (190800-535401451):6)
02-24 19:03:10.599  2894  2907 E AuthPII : 	at lye.hasFeatures(:com.google.android.gms@231818047@23.18.18 (190800-535401451):2)
02-24 19:03:10.599  2894  2907 E AuthPII : 	at android.accounts.AbstractAccountAuthenticator$Transport.hasFeatures(AbstractAccountAuthenticator.java:324)
02-24 19:03:10.599  2894  2907 E AuthPII : 	at android.accounts.IAccountAuthenticator$Stub.onTransact(IAccountAuthenticator.java:299)
02-24 19:03:10.599  2894  2907 E AuthPII : 	at android.os.Binder.transact(Binder.java:1183)
02-24 19:03:10.599  2894  2907 E AuthPII : 	at aumo.onTransact(:com.google.android.gms@231818047@23.18.18 (190800-535401451):1)
02-24 19:03:10.599  2894  2907 E AuthPII : 	at android.os.Binder.transact(Binder.java:1183)
02-24 19:03:10.599  2894  2907 E AuthPII : 	at aoey.onTransact(:com.google.android.gms@231818047@23.18.18 (190800-535401451):22)
02-24 19:03:10.599  2894  2907 E AuthPII : 	at android.os.Binder.execTransactInternal(Binder.java:1344)
02-24 19:03:10.599  2894  2907 E AuthPII : 	at android.os.Binder.execTransact(Binder.java:1275)
02-24 19:03:10.599  2894  2907 E AuthPII : Message is Long live credential not available.
02-24 19:03:10.599  2894  2907 E AuthPII : abcp: Long live credential not available.
02-24 19:03:10.599  2894  2907 E AuthPII : 	at mbt.a(:com.google.android.gms@231818047@23.18.18 (190800-535401451):8)
02-24 19:03:10.599  2894  2907 E AuthPII : 	at mca.b(:com.google.android.gms@231818047@23.18.18 (190800-535401451):3)
02-24 19:03:10.599  2894  2907 E AuthPII : 	at lzx.m(:com.google.android.gms@231818047@23.18.18 (190800-535401451):48)
02-24 19:03:10.599  2894  2907 E AuthPII : 	at lyz.a(:com.google.android.gms@231818047@23.18.18 (190800-535401451):22)
02-24 19:03:10.599  2894  2907 E AuthPII : 	at lze.a(:com.google.android.gms@231818047@23.18.18 (190800-535401451):2)
02-24 19:03:10.599  2894  2907 E AuthPII : 	at mcs.b(:com.google.android.gms@231818047@23.18.18 (190800-535401451):3)
02-24 19:03:10.599  2894  2907 E AuthPII : 	at mcs.a(:com.google.android.gms@231818047@23.18.18 (190800-535401451):6)
02-24 19:03:10.599  2894  2907 E AuthPII : 	at lye.hasFeatures(:com.google.android.gms@231818047@23.18.18 (190800-535401451):2)
02-24 19:03:10.599  2894  2907 E AuthPII : 	at android.accounts.AbstractAccountAuthenticator$Transport.hasFeatures(AbstractAccountAuthenticator.java:324)
02-24 19:03:10.599  2894  2907 E AuthPII : 	at android.accounts.IAccountAuthenticator$Stub.onTransact(IAccountAuthenticator.java:299)
02-24 19:03:10.599  2894  2907 E AuthPII : 	at android.os.Binder.transact(Binder.java:1183)
02-24 19:03:10.599  2894  2907 E AuthPII : 	at aumo.onTransact(:com.google.android.gms@231818047@23.18.18 (190800-535401451):1)
02-24 19:03:10.599  2894  2907 E AuthPII : 	at android.os.Binder.transact(Binder.java:1183)
02-24 19:03:10.599  2894  2907 E AuthPII : 	at aoey.onTransact(:com.google.android.gms@231818047@23.18.18 (190800-535401451):22)
02-24 19:03:10.599  2894  2907 E AuthPII : 	at android.os.Binder.execTransactInternal(Binder.java:1344)
02-24 19:03:10.599  2894  2907 E AuthPII : 	at android.os.Binder.execTransact(Binder.java:1275)
02-24 19:03:10.601  2894  2907 W Auth    : [AccountStateSyncher] Unable to look up account state from server: couldn't fetch accessToken [CONTEXT service_id=153 ]
02-24 19:03:10.602  2894  2907 W Auth    : [GaiaServicesFlagManager] Services not available! [CONTEXT service_id=153 ]
02-24 19:03:10.724   357 18938 I resolv  : GetAddrInfoHandler::run: {100 983140 100 983140 1073 1}
02-24 19:03:10.726   357 18937 I resolv  : GetAddrInfoHandler::run: {100 983140 100 983140 1073 1}
02-24 19:03:10.733   357 18942 I resolv  : res_nmkquery: (QUERY, IN, A)
02-24 19:03:10.733   357 18941 I resolv  : res_nmkquery: (QUERY, IN, AAAA)
02-24 19:03:10.734   357 18940 I resolv  : res_nmkquery: (QUERY, IN, A)
02-24 19:03:10.736   357 18939 I resolv  : res_nmkquery: (QUERY, IN, AAAA)
02-24 19:03:10.739   357 18942 I resolv  : resolv_cache_lookup: FOUND IN CACHE entry=0x7ba321ae5070
02-24 19:03:10.739   357 18942 I resolv  : doQuery: rcode=0, ancount=1, return value=63
02-24 19:03:10.739   357 18941 I resolv  : resolv_cache_lookup: FOUND IN CACHE entry=0x7ba321ae4dd0
02-24 19:03:10.739   357 18941 I resolv  : doQuery: rcode=0, ancount=1, return value=75
02-24 19:03:10.740   357 18940 I resolv  : resolv_cache_lookup: FOUND IN CACHE entry=0x7ba431ade2f0
02-24 19:03:10.740   357 18939 I resolv  : resolv_cache_lookup: FOUND IN CACHE entry=0x7ba2b1adc4d0
02-24 19:03:10.740   357 18939 I resolv  : doQuery: rcode=0, ancount=1, return value=60
02-24 19:03:10.741   357 18940 I resolv  : doQuery: rcode=0, ancount=1, return value=48
02-24 19:03:10.747   568  2476 I ActivityManager: Flag disabled. Ignoring finishAttachApplication from uid: 1000. pid: 18849
02-24 19:03:10.804 18719 18923 W ogle.android.gm: Long monitor contention with owner AsyncTask #3 (18922) at android.database.sqlite.SQLiteDatabase com.android.email.provider.EmailProvider.g(android.content.Context)(PG:42) waiters=0 in android.database.sqlite.SQLiteDatabase com.android.email.provider.EmailProvider.g(android.content.Context) for 303ms
02-24 19:03:10.837  2894  2939 E AuthPII : [GoogleAccountDataServiceImpl] getToken() -> BAD_AUTHENTICATION. App: com.google.android.gms, Service: oauth2:https://www.googleapis.com/auth/userinfo.email https://www.googleapis.com/auth/account.capabilities https://www.googleapis.com/auth/account.service_flags
02-24 19:03:10.837  2894  2939 E AuthPII : abcp: Long live credential not available.
02-24 19:03:10.837  2894  2939 E AuthPII : 	at mbt.a(:com.google.android.gms@231818047@23.18.18 (190800-535401451):8)
02-24 19:03:10.837  2894  2939 E AuthPII : 	at mca.b(:com.google.android.gms@231818047@23.18.18 (190800-535401451):3)
02-24 19:03:10.837  2894  2939 E AuthPII : 	at lzx.m(:com.google.android.gms@231818047@23.18.18 (190800-535401451):48)
02-24 19:03:10.837  2894  2939 E AuthPII : 	at lyz.a(:com.google.android.gms@231818047@23.18.18 (190800-535401451):22)
02-24 19:03:10.837  2894  2939 E AuthPII : 	at lze.a(:com.google.android.gms@231818047@23.18.18 (190800-535401451):2)
02-24 19:03:10.837  2894  2939 E AuthPII : 	at mcs.b(:com.google.android.gms@231818047@23.18.18 (190800-535401451):3)
02-24 19:03:10.837  2894  2939 E AuthPII : 	at mcs.a(:com.google.android.gms@231818047@23.18.18 (190800-535401451):6)
02-24 19:03:10.837  2894  2939 E AuthPII : 	at lye.hasFeatures(:com.google.android.gms@231818047@23.18.18 (190800-535401451):2)
02-24 19:03:10.837  2894  2939 E AuthPII : 	at android.accounts.AbstractAccountAuthenticator$Transport.hasFeatures(AbstractAccountAuthenticator.java:324)
02-24 19:03:10.837  2894  2939 E AuthPII : 	at android.accounts.IAccountAuthenticator$Stub.onTransact(IAccountAuthenticator.java:299)
02-24 19:03:10.837  2894  2939 E AuthPII : 	at android.os.Binder.transact(Binder.java:1183)
02-24 19:03:10.837  2894  2939 E AuthPII : 	at aumo.onTransact(:com.google.android.gms@231818047@23.18.18 (190800-535401451):1)
02-24 19:03:10.837  2894  2939 E AuthPII : 	at android.os.Binder.transact(Binder.java:1183)
02-24 19:03:10.837  2894  2939 E AuthPII : 	at aoey.onTransact(:com.google.android.gms@231818047@23.18.18 (190800-535401451):22)
02-24 19:03:10.837  2894  2939 E AuthPII : 	at android.os.Binder.execTransactInternal(Binder.java:1344)
02-24 19:03:10.837  2894  2939 E AuthPII : 	at android.os.Binder.execTransact(Binder.java:1275)
02-24 19:03:10.837  2894  2939 E AuthPII : Message is Long live credential not available.
02-24 19:03:10.837  2894  2939 E AuthPII : abcp: Long live credential not available.
02-24 19:03:10.837  2894  2939 E AuthPII : 	at mbt.a(:com.google.android.gms@231818047@23.18.18 (190800-535401451):8)
02-24 19:03:10.837  2894  2939 E AuthPII : 	at mca.b(:com.google.android.gms@231818047@23.18.18 (190800-535401451):3)
02-24 19:03:10.837  2894  2939 E AuthPII : 	at lzx.m(:com.google.android.gms@231818047@23.18.18 (190800-535401451):48)
02-24 19:03:10.837  2894  2939 E AuthPII : 	at lyz.a(:com.google.android.gms@231818047@23.18.18 (190800-535401451):22)
02-24 19:03:10.837  2894  2939 E AuthPII : 	at lze.a(:com.google.android.gms@231818047@23.18.18 (190800-535401451):2)
02-24 19:03:10.837  2894  2939 E AuthPII : 	at mcs.b(:com.google.android.gms@231818047@23.18.18 (190800-535401451):3)
02-24 19:03:10.837  2894  2939 E AuthPII : 	at mcs.a(:com.google.android.gms@231818047@23.18.18 (190800-535401451):6)
02-24 19:03:10.837  2894  2939 E AuthPII : 	at lye.hasFeatures(:com.google.android.gms@231818047@23.18.18 (190800-535401451):2)
02-24 19:03:10.837  2894  2939 E AuthPII : 	at android.accounts.AbstractAccountAuthenticator$Transport.hasFeatures(AbstractAccountAuthenticator.java:324)
02-24 19:03:10.837  2894  2939 E AuthPII : 	at android.accounts.IAccountAuthenticator$Stub.onTransact(IAccountAuthenticator.java:299)
02-24 19:03:10.837  2894  2939 E AuthPII : 	at android.os.Binder.transact(Binder.java:1183)
02-24 19:03:10.837  2894  2939 E AuthPII : 	at aumo.onTransact(:com.google.android.gms@231818047@23.18.18 (190800-535401451):1)
02-24 19:03:10.837  2894  2939 E AuthPII : 	at android.os.Binder.transact(Binder.java:1183)
02-24 19:03:10.837  2894  2939 E AuthPII : 	at aoey.onTransact(:com.google.android.gms@231818047@23.18.18 (190800-535401451):22)
02-24 19:03:10.837  2894  2939 E AuthPII : 	at android.os.Binder.execTransactInternal(Binder.java:1344)
02-24 19:03:10.837  2894  2939 E AuthPII : 	at android.os.Binder.execTransact(Binder.java:1275)
02-24 19:03:10.838  2894  2939 W Auth    : [AccountStateSyncher] Unable to look up account state from server: couldn't fetch accessToken [CONTEXT service_id=153 ]
02-24 19:03:10.840  2894  2939 W Auth    : [GaiaServicesFlagManager] Services not available! [CONTEXT service_id=153 ]
02-24 19:03:10.924   568  1159 W CpuPowerCalculator: UID 10196 CPU cluster # mismatch: Power Profile # 2 actual # 4
02-24 19:03:10.924   568  1159 W CpuPowerCalculator: UID 10196 CPU freq # mismatch: Power Profile # 2 actual # 8
02-24 19:03:10.925   568  1159 W CpuPowerCalculator: UID 10196 CPU freq # mismatch: Power Profile # 2 actual # 8
02-24 19:03:10.925   568  1159 W CpuPowerCalculator: UID 10196 CPU freq # mismatch: Power Profile # 2 actual # 8
02-24 19:03:10.925   568  1159 W CpuPowerCalculator: UID 10195 CPU cluster # mismatch: Power Profile # 2 actual # 4
02-24 19:03:10.925   568  1159 W CpuPowerCalculator: UID 10195 CPU freq # mismatch: Power Profile # 2 actual # 8
02-24 19:03:10.976  5263  5312 I cr_BindingManager: onTrimMemory: level=40, size=0
02-24 19:03:11.000   568  1159 W CpuPowerCalculator: UID 10194 CPU cluster # mismatch: Power Profile # 2 actual # 4
02-24 19:03:11.000   568  1159 W CpuPowerCalculator: UID 10194 CPU freq # mismatch: Power Profile # 2 actual # 8
02-24 19:03:11.005   568  1159 W CpuPowerCalculator: UID 10193 CPU cluster # mismatch: Power Profile # 2 actual # 4
02-24 19:03:11.005   568  1159 W CpuPowerCalculator: UID 10193 CPU freq # mismatch: Power Profile # 2 actual # 8
02-24 19:03:11.006   568  1159 W CpuPowerCalculator: UID 10191 CPU cluster # mismatch: Power Profile # 2 actual # 4
02-24 19:03:11.006   568  1159 W CpuPowerCalculator: UID 10191 CPU freq # mismatch: Power Profile # 2 actual # 8
02-24 19:03:11.006   568  1159 W CpuPowerCalculator: UID 10191 CPU freq # mismatch: Power Profile # 2 actual # 8
02-24 19:03:11.006   568  1159 W CpuPowerCalculator: UID 10191 CPU freq # mismatch: Power Profile # 2 actual # 8
02-24 19:03:11.007   568  1159 W CpuPowerCalculator: UID 10191 CPU freq # mismatch: Power Profile # 2 actual # 8
02-24 19:03:11.007   568  1159 W CpuPowerCalculator: UID 10188 CPU cluster # mismatch: Power Profile # 2 actual # 4
02-24 19:03:11.007   568  1159 W CpuPowerCalculator: UID 10188 CPU freq # mismatch: Power Profile # 2 actual # 8
02-24 19:03:11.012   568  1159 W CpuPowerCalculator: UID 10188 CPU freq # mismatch: Power Profile # 2 actual # 8
02-24 19:03:11.012   568  1159 W CpuPowerCalculator: UID 10187 CPU cluster # mismatch: Power Profile # 2 actual # 4
02-24 19:03:11.013   568  1159 W CpuPowerCalculator: UID 10187 CPU freq # mismatch: Power Profile # 2 actual # 8
02-24 19:03:11.013   568  1159 W CpuPowerCalculator: UID 10187 CPU freq # mismatch: Power Profile # 2 actual # 8
02-24 19:03:11.013   568  1159 W CpuPowerCalculator: UID 10187 CPU freq # mismatch: Power Profile # 2 actual # 8
02-24 19:03:11.013   568  1159 W CpuPowerCalculator: UID 10186 CPU cluster # mismatch: Power Profile # 2 actual # 4
02-24 19:03:11.013   568  1159 W CpuPowerCalculator: UID 10186 CPU freq # mismatch: Power Profile # 2 actual # 8
02-24 19:03:11.014   568  1159 W CpuPowerCalculator: UID 10186 CPU freq # mismatch: Power Profile # 2 actual # 8
02-24 19:03:11.014   568  1159 W CpuPowerCalculator: UID 10186 CPU freq # mismatch: Power Profile # 2 actual # 8
02-24 19:03:11.014   568  1159 W CpuPowerCalculator: UID 10184 CPU cluster # mismatch: Power Profile # 2 actual # 4
02-24 19:03:11.014   568  1159 W CpuPowerCalculator: UID 10184 CPU freq # mismatch: Power Profile # 2 actual # 8
02-24 19:03:11.014   568  1159 W CpuPowerCalculator: UID 10184 CPU freq # mismatch: Power Profile # 2 actual # 8
02-24 19:03:11.015   568  1159 W CpuPowerCalculator: UID 10184 CPU freq # mismatch: Power Profile # 2 actual # 8
02-24 19:03:11.015   568  1159 W CpuPowerCalculator: UID 10179 CPU cluster # mismatch: Power Profile # 2 actual # 4
02-24 19:03:11.039   568  1159 W CpuPowerCalculator: UID 10179 CPU freq # mismatch: Power Profile # 2 actual # 8
02-24 19:03:11.039   568  1159 W CpuPowerCalculator: UID 10179 CPU freq # mismatch: Power Profile # 2 actual # 8
02-24 19:03:11.039   568  1159 W CpuPowerCalculator: UID 10179 CPU freq # mismatch: Power Profile # 2 actual # 8
02-24 19:03:11.039   568  1159 W CpuPowerCalculator: UID 10179 CPU freq # mismatch: Power Profile # 2 actual # 8
02-24 19:03:11.039   568  1159 W CpuPowerCalculator: UID 10178 CPU cluster # mismatch: Power Profile # 2 actual # 4
02-24 19:03:11.039   568  1159 W CpuPowerCalculator: UID 10178 CPU freq # mismatch: Power Profile # 2 actual # 8
02-24 19:03:11.040   568  1159 W CpuPowerCalculator: UID 10178 CPU freq # mismatch: Power Profile # 2 actual # 8
02-24 19:03:11.040   568  1159 W CpuPowerCalculator: UID 10178 CPU freq # mismatch: Power Profile # 2 actual # 8
02-24 19:03:11.040   568  1159 W CpuPowerCalculator: UID 10178 CPU freq # mismatch: Power Profile # 2 actual # 8
02-24 19:03:11.040   568  1159 W CpuPowerCalculator: UID 10170 CPU cluster # mismatch: Power Profile # 2 actual # 4
02-24 19:03:11.040   568  1159 W CpuPowerCalculator: UID 10170 CPU freq # mismatch: Power Profile # 2 actual # 8
02-24 19:03:11.041   568  1159 W CpuPowerCalculator: UID 10170 CPU freq # mismatch: Power Profile # 2 actual # 8
02-24 19:03:11.041   568  1159 W CpuPowerCalculator: UID 10170 CPU freq # mismatch: Power Profile # 2 actual # 8
02-24 19:03:11.041   568  1159 W CpuPowerCalculator: UID 10166 CPU cluster # mismatch: Power Profile # 2 actual # 4
02-24 19:03:11.041   568  1159 W CpuPowerCalculator: UID 10166 CPU freq # mismatch: Power Profile # 2 actual # 8
02-24 19:03:11.041   568  1159 W CpuPowerCalculator: UID 10166 CPU freq # mismatch: Power Profile # 2 actual # 8
02-24 19:03:11.041   568  1159 W CpuPowerCalculator: UID 10166 CPU freq # mismatch: Power Profile # 2 actual # 8
02-24 19:03:11.058   568  1159 W CpuPowerCalculator: UID 10164 CPU cluster # mismatch: Power Profile # 2 actual # 4
02-24 19:03:11.062 18800 18800 W android.youtube: Accessing hidden field Ljava/util/Collections$SynchronizedCollection;->mutex:Ljava/lang/Object; (max-target-o, reflection, denied)
02-24 19:03:11.062 18800 18800 W android.youtube: Accessing hidden method Ljava/util/Collections$SynchronizedSet;-><init>(Ljava/util/Set;Ljava/lang/Object;)V (max-target-o, reflection, denied)
02-24 19:03:11.062 18800 18800 W android.youtube: Accessing hidden method Ljava/util/Collections$SynchronizedCollection;-><init>(Ljava/util/Collection;Ljava/lang/Object;)V (max-target-o, reflection, denied)
02-24 19:03:11.083   568  1159 W CpuPowerCalculator: UID 10164 CPU freq # mismatch: Power Profile # 2 actual # 8
02-24 19:03:11.083   568  1159 W CpuPowerCalculator: UID 10164 CPU freq # mismatch: Power Profile # 2 actual # 8
02-24 19:03:11.083   568  1159 W CpuPowerCalculator: UID 10164 CPU freq # mismatch: Power Profile # 2 actual # 8
02-24 19:03:11.083   568  1159 W CpuPowerCalculator: UID 10163 CPU cluster # mismatch: Power Profile # 2 actual # 4
02-24 19:03:11.084   568  1159 W CpuPowerCalculator: UID 10163 CPU freq # mismatch: Power Profile # 2 actual # 8
02-24 19:03:11.100   568  1159 W CpuPowerCalculator: UID 10163 CPU freq # mismatch: Power Profile # 2 actual # 8
02-24 19:03:11.100   568  1159 W CpuPowerCalculator: UID 10161 CPU cluster # mismatch: Power Profile # 2 actual # 4
02-24 19:03:11.100   568  1159 W CpuPowerCalculator: UID 10161 CPU freq # mismatch: Power Profile # 2 actual # 8
02-24 19:03:11.100   568  1159 W CpuPowerCalculator: UID 10161 CPU freq # mismatch: Power Profile # 2 actual # 8
02-24 19:03:11.100   568  1159 W CpuPowerCalculator: UID 10161 CPU freq # mismatch: Power Profile # 2 actual # 8
02-24 19:03:11.100   568  1159 W CpuPowerCalculator: UID 10161 CPU freq # mismatch: Power Profile # 2 actual # 8
02-24 19:03:11.100   568  1159 W CpuPowerCalculator: UID 10154 CPU cluster # mismatch: Power Profile # 2 actual # 4
02-24 19:03:11.100   568  1159 W CpuPowerCalculator: UID 10154 CPU freq # mismatch: Power Profile # 2 actual # 8
02-24 19:03:11.100   568  1159 W CpuPowerCalculator: UID 10154 CPU freq # mismatch: Power Profile # 2 actual # 8
02-24 19:03:11.101   568  1159 W CpuPowerCalculator: UID 10154 CPU freq # mismatch: Power Profile # 2 actual # 8
02-24 19:03:11.101   568  1159 W CpuPowerCalculator: UID 10154 CPU freq # mismatch: Power Profile # 2 actual # 8
02-24 19:03:11.101   568  1159 W CpuPowerCalculator: UID 10153 CPU cluster # mismatch: Power Profile # 2 actual # 4
02-24 19:03:11.102   568  1159 W CpuPowerCalculator: UID 10153 CPU freq # mismatch: Power Profile # 2 actual # 8
02-24 19:03:11.102   568  1159 W CpuPowerCalculator: UID 10153 CPU freq # mismatch: Power Profile # 2 actual # 8
02-24 19:03:11.102 18679 18679 I DialerFlags: com.android.dialer.phenotype.Flags.lambda$registerDialerMendelConfigPackage$0:130 phenotype register status: true
02-24 19:03:11.104   568  1159 W CpuPowerCalculator: UID 10153 CPU freq # mismatch: Power Profile # 2 actual # 8
02-24 19:03:11.104   568  1159 W CpuPowerCalculator: UID 10152 CPU cluster # mismatch: Power Profile # 2 actual # 4
02-24 19:03:11.104   568  1159 W CpuPowerCalculator: UID 10152 CPU freq # mismatch: Power Profile # 2 actual # 8
02-24 19:03:11.104   568  1159 W CpuPowerCalculator: UID 10152 CPU freq # mismatch: Power Profile # 2 actual # 8
02-24 19:03:11.104   568  1159 W CpuPowerCalculator: UID 10152 CPU freq # mismatch: Power Profile # 2 actual # 8
02-24 19:03:11.105   568  1159 W CpuPowerCalculator: UID 10150 CPU cluster # mismatch: Power Profile # 2 actual # 4
02-24 19:03:11.105   568  1159 W CpuPowerCalculator: UID 10150 CPU freq # mismatch: Power Profile # 2 actual # 8
02-24 19:03:11.105   568  1159 W CpuPowerCalculator: UID 10150 CPU freq # mismatch: Power Profile # 2 actual # 8
02-24 19:03:11.105   568  1159 W CpuPowerCalculator: UID 10150 CPU freq # mismatch: Power Profile # 2 actual # 8
02-24 19:03:11.105   568  1159 W CpuPowerCalculator: UID 10150 CPU freq # mismatch: Power Profile # 2 actual # 8
02-24 19:03:11.105   568  1159 W CpuPowerCalculator: UID 10148 CPU cluster # mismatch: Power Profile # 2 actual # 4
02-24 19:03:11.105   568  1159 W CpuPowerCalculator: UID 10148 CPU freq # mismatch: Power Profile # 2 actual # 8
02-24 19:03:11.105   568  1159 W CpuPowerCalculator: UID 10148 CPU freq # mismatch: Power Profile # 2 actual # 8
02-24 19:03:11.105   568  1159 W CpuPowerCalculator: UID 10148 CPU freq # mismatch: Power Profile # 2 actual # 8
02-24 19:03:11.105   568  1159 W CpuPowerCalculator: UID 10147 CPU cluster # mismatch: Power Profile # 2 actual # 4
02-24 19:03:11.105   568  1159 W CpuPowerCalculator: UID 10147 CPU freq # mismatch: Power Profile # 2 actual # 8
02-24 19:03:11.105   568  1159 W CpuPowerCalculator: UID 10147 CPU freq # mismatch: Power Profile # 2 actual # 8
02-24 19:03:11.105   568  1159 W CpuPowerCalculator: UID 10147 CPU freq # mismatch: Power Profile # 2 actual # 8
02-24 19:03:11.106   568  1159 W CpuPowerCalculator: UID 10146 CPU cluster # mismatch: Power Profile # 2 actual # 4
02-24 19:03:11.106   568  1159 W CpuPowerCalculator: UID 10146 CPU freq # mismatch: Power Profile # 2 actual # 8
02-24 19:03:11.106   568  1159 W CpuPowerCalculator: UID 10146 CPU freq # mismatch: Power Profile # 2 actual # 8
02-24 19:03:11.106   568  1159 W CpuPowerCalculator: UID 10146 CPU freq # mismatch: Power Profile # 2 actual # 8
02-24 19:03:11.106   568  1159 W CpuPowerCalculator: UID 10146 CPU freq # mismatch: Power Profile # 2 actual # 8
02-24 19:03:11.123   568  1159 W CpuPowerCalculator: UID 10142 CPU cluster # mismatch: Power Profile # 2 actual # 4
02-24 19:03:11.124   568  1159 W CpuPowerCalculator: UID 10142 CPU freq # mismatch: Power Profile # 2 actual # 8
02-24 19:03:11.124   568  1159 W CpuPowerCalculator: UID 10142 CPU freq # mismatch: Power Profile # 2 actual # 8
02-24 19:03:11.124   568  1159 W CpuPowerCalculator: UID 10142 CPU freq # mismatch: Power Profile # 2 actual # 8
02-24 19:03:11.124   568  1159 W CpuPowerCalculator: UID 10137 CPU cluster # mismatch: Power Profile # 2 actual # 4
02-24 19:03:11.124   568  1159 W CpuPowerCalculator: UID 10137 CPU freq # mismatch: Power Profile # 2 actual # 8
02-24 19:03:11.124   568  1159 W CpuPowerCalculator: UID 10137 CPU freq # mismatch: Power Profile # 2 actual # 8
02-24 19:03:11.124   568  1159 W CpuPowerCalculator: UID 10137 CPU freq # mismatch: Power Profile # 2 actual # 8
02-24 19:03:11.125   568  1159 W CpuPowerCalculator: UID 10137 CPU freq # mismatch: Power Profile # 2 actual # 8
02-24 19:03:11.125   568  1159 W CpuPowerCalculator: UID 10136 CPU cluster # mismatch: Power Profile # 2 actual # 4
02-24 19:03:11.125   568  1159 W CpuPowerCalculator: UID 10136 CPU freq # mismatch: Power Profile # 2 actual # 8
02-24 19:03:11.125   568  1159 W CpuPowerCalculator: UID 10136 CPU freq # mismatch: Power Profile # 2 actual # 8
02-24 19:03:11.125   568  1159 W CpuPowerCalculator: UID 10136 CPU freq # mismatch: Power Profile # 2 actual # 8
02-24 19:03:11.125   568  1159 W CpuPowerCalculator: UID 10136 CPU freq # mismatch: Power Profile # 2 actual # 8
02-24 19:03:11.125   568  1159 W CpuPowerCalculator: UID 10135 CPU cluster # mismatch: Power Profile # 2 actual # 4
02-24 19:03:11.125   568  1159 W CpuPowerCalculator: UID 10135 CPU freq # mismatch: Power Profile # 2 actual # 8
02-24 19:03:11.125   568  1159 W CpuPowerCalculator: UID 10135 CPU freq # mismatch: Power Profile # 2 actual # 8
02-24 19:03:11.125   568  1159 W CpuPowerCalculator: UID 10135 CPU freq # mismatch: Power Profile # 2 actual # 8
02-24 19:03:11.125   568  1159 W CpuPowerCalculator: UID 10133 CPU cluster # mismatch: Power Profile # 2 actual # 4
02-24 19:03:11.125   568  1159 W CpuPowerCalculator: UID 10133 CPU freq # mismatch: Power Profile # 2 actual # 8
02-24 19:03:11.125   568  1159 W CpuPowerCalculator: UID 10133 CPU freq # mismatch: Power Profile # 2 actual # 8
02-24 19:03:11.125   568  1159 W CpuPowerCalculator: UID 10133 CPU freq # mismatch: Power Profile # 2 actual # 8
02-24 19:03:11.126   568  1159 W CpuPowerCalculator: UID 10131 CPU cluster # mismatch: Power Profile # 2 actual # 4
02-24 19:03:11.126   568  1159 W CpuPowerCalculator: UID 10131 CPU freq # mismatch: Power Profile # 2 actual # 8
02-24 19:03:11.126   568  1159 W CpuPowerCalculator: UID 10131 CPU freq # mismatch: Power Profile # 2 actual # 8
02-24 19:03:11.126   568  1159 W CpuPowerCalculator: UID 10131 CPU freq # mismatch: Power Profile # 2 actual # 8
02-24 19:03:11.126   568  1159 W CpuPowerCalculator: UID 10131 CPU freq # mismatch: Power Profile # 2 actual # 8
02-24 19:03:11.126   568  1159 W CpuPowerCalculator: UID 10130 CPU cluster # mismatch: Power Profile # 2 actual # 4
02-24 19:03:11.126   568  1159 W CpuPowerCalculator: UID 10130 CPU freq # mismatch: Power Profile # 2 actual # 8
02-24 19:03:11.126   568  1159 W CpuPowerCalculator: UID 10130 CPU freq # mismatch: Power Profile # 2 actual # 8
02-24 19:03:11.126   568  1159 W CpuPowerCalculator: UID 10130 CPU freq # mismatch: Power Profile # 2 actual # 8
02-24 19:03:11.126   568  1159 W CpuPowerCalculator: UID 10129 CPU cluster # mismatch: Power Profile # 2 actual # 4
02-24 19:03:11.155 18679 18679 I DialerFlags: com.android.dialer.phenotype.Flags.lambda$registerDialerDirectbootMendelConfigPackage$1:142 directboot-aware phenotype register status: true
02-24 19:03:11.157   568  1159 W CpuPowerCalculator: UID 10129 CPU freq # mismatch: Power Profile # 2 actual # 8
02-24 19:03:11.157   568  1159 W CpuPowerCalculator: UID 10129 CPU freq # mismatch: Power Profile # 2 actual # 8
02-24 19:03:11.158   568  1159 W CpuPowerCalculator: UID 10129 CPU freq # mismatch: Power Profile # 2 actual # 8
02-24 19:03:11.158   568  1159 W CpuPowerCalculator: UID 10128 CPU cluster # mismatch: Power Profile # 2 actual # 4
02-24 19:03:11.158   568  1159 W CpuPowerCalculator: UID 10128 CPU freq # mismatch: Power Profile # 2 actual # 8
02-24 19:03:11.158   568  1159 W CpuPowerCalculator: UID 10128 CPU freq # mismatch: Power Profile # 2 actual # 8
02-24 19:03:11.158   568  1159 W CpuPowerCalculator: UID 10128 CPU freq # mismatch: Power Profile # 2 actual # 8
02-24 19:03:11.158   568  1159 W CpuPowerCalculator: UID 10127 CPU cluster # mismatch: Power Profile # 2 actual # 4
02-24 19:03:11.158   568  1159 W CpuPowerCalculator: UID 10127 CPU freq # mismatch: Power Profile # 2 actual # 8
02-24 19:03:11.158   568  1159 W CpuPowerCalculator: UID 10127 CPU freq # mismatch: Power Profile # 2 actual # 8
02-24 19:03:11.158   568  1159 W CpuPowerCalculator: UID 10127 CPU freq # mismatch: Power Profile # 2 actual # 8
02-24 19:03:11.158   568  1159 W CpuPowerCalculator: UID 10127 CPU freq # mismatch: Power Profile # 2 actual # 8
02-24 19:03:11.159   568  1159 W CpuPowerCalculator: UID 10126 CPU cluster # mismatch: Power Profile # 2 actual # 4
02-24 19:03:11.159   568  1159 W CpuPowerCalculator: UID 10126 CPU freq # mismatch: Power Profile # 2 actual # 8
02-24 19:03:11.159   568  1159 W CpuPowerCalculator: UID 10126 CPU freq # mismatch: Power Profile # 2 actual # 8
02-24 19:03:11.159   568  1159 W CpuPowerCalculator: UID 10126 CPU freq # mismatch: Power Profile # 2 actual # 8
02-24 19:03:11.159   568  1159 W CpuPowerCalculator: UID 10126 CPU freq # mismatch: Power Profile # 2 actual # 8
02-24 19:03:11.159   568  1159 W CpuPowerCalculator: UID 10126 CPU freq # mismatch: Power Profile # 2 actual # 8
02-24 19:03:11.159   568  1159 W CpuPowerCalculator: UID 10125 CPU cluster # mismatch: Power Profile # 2 actual # 4
02-24 19:03:11.159   568  1159 W CpuPowerCalculator: UID 10125 CPU freq # mismatch: Power Profile # 2 actual # 8
02-24 19:03:11.159   568  1159 W CpuPowerCalculator: UID 10125 CPU freq # mismatch: Power Profile # 2 actual # 8
02-24 19:03:11.159   568  1159 W CpuPowerCalculator: UID 10125 CPU freq # mismatch: Power Profile # 2 actual # 8
02-24 19:03:11.173   568  1159 W CpuPowerCalculator: UID 10125 CPU freq # mismatch: Power Profile # 2 actual # 8
02-24 19:03:11.173   568  1159 W CpuPowerCalculator: UID 10123 CPU cluster # mismatch: Power Profile # 2 actual # 4
02-24 19:03:11.174   568  1159 W CpuPowerCalculator: UID 10123 CPU freq # mismatch: Power Profile # 2 actual # 8
02-24 19:03:11.174   568  1159 W CpuPowerCalculator: UID 10123 CPU freq # mismatch: Power Profile # 2 actual # 8
02-24 19:03:11.174   568  1159 W CpuPowerCalculator: UID 10123 CPU freq # mismatch: Power Profile # 2 actual # 8
02-24 19:03:11.174   568  1159 W CpuPowerCalculator: UID 10121 CPU cluster # mismatch: Power Profile # 2 actual # 4
02-24 19:03:11.174   568  1159 W CpuPowerCalculator: UID 10121 CPU freq # mismatch: Power Profile # 2 actual # 8
02-24 19:03:11.174   568  1159 W CpuPowerCalculator: UID 10121 CPU freq # mismatch: Power Profile # 2 actual # 8
02-24 19:03:11.174   568  1159 W CpuPowerCalculator: UID 10121 CPU freq # mismatch: Power Profile # 2 actual # 8
02-24 19:03:11.177   568  1159 W CpuPowerCalculator: UID 10120 CPU cluster # mismatch: Power Profile # 2 actual # 4
02-24 19:03:11.177   568  1159 W CpuPowerCalculator: UID 10120 CPU freq # mismatch: Power Profile # 2 actual # 8
02-24 19:03:11.177   568  1159 W CpuPowerCalculator: UID 10120 CPU freq # mismatch: Power Profile # 2 actual # 8
02-24 19:03:11.177   568  1159 W CpuPowerCalculator: UID 10120 CPU freq # mismatch: Power Profile # 2 actual # 8
02-24 19:03:11.177   568  1159 W CpuPowerCalculator: UID 10119 CPU cluster # mismatch: Power Profile # 2 actual # 4
02-24 19:03:11.177   568  1159 W CpuPowerCalculator: UID 10119 CPU freq # mismatch: Power Profile # 2 actual # 8
02-24 19:03:11.177   568  1159 W CpuPowerCalculator: UID 10119 CPU freq # mismatch: Power Profile # 2 actual # 8
02-24 19:03:11.177   568  1159 W CpuPowerCalculator: UID 10119 CPU freq # mismatch: Power Profile # 2 actual # 8
02-24 19:03:11.177   568  1159 W CpuPowerCalculator: UID 10117 CPU cluster # mismatch: Power Profile # 2 actual # 4
02-24 19:03:11.178   568  1159 W CpuPowerCalculator: UID 10117 CPU freq # mismatch: Power Profile # 2 actual # 8
02-24 19:03:11.178   568  1159 W CpuPowerCalculator: UID 10117 CPU freq # mismatch: Power Profile # 2 actual # 8
02-24 19:03:11.178   568  1159 W CpuPowerCalculator: UID 10117 CPU freq # mismatch: Power Profile # 2 actual # 8
02-24 19:03:11.178   568  1159 W CpuPowerCalculator: UID 10116 CPU cluster # mismatch: Power Profile # 2 actual # 4
02-24 19:03:11.178   568  1159 W CpuPowerCalculator: UID 10116 CPU freq # mismatch: Power Profile # 2 actual # 8
02-24 19:03:11.178   568  1159 W CpuPowerCalculator: UID 10116 CPU freq # mismatch: Power Profile # 2 actual # 8
02-24 19:03:11.178   568  1159 W CpuPowerCalculator: UID 10116 CPU freq # mismatch: Power Profile # 2 actual # 8
02-24 19:03:11.179   568  1159 W CpuPowerCalculator: UID 10110 CPU cluster # mismatch: Power Profile # 2 actual # 4
02-24 19:03:11.179   568  1159 W CpuPowerCalculator: UID 10110 CPU freq # mismatch: Power Profile # 2 actual # 8
02-24 19:03:11.179   568  1159 W CpuPowerCalculator: UID 10110 CPU freq # mismatch: Power Profile # 2 actual # 8
02-24 19:03:11.179   568  1159 W CpuPowerCalculator: UID 10110 CPU freq # mismatch: Power Profile # 2 actual # 8
02-24 19:03:11.179   568  1159 W CpuPowerCalculator: UID 10107 CPU cluster # mismatch: Power Profile # 2 actual # 4
02-24 19:03:11.179   568  1159 W CpuPowerCalculator: UID 10107 CPU freq # mismatch: Power Profile # 2 actual # 8
02-24 19:03:11.179   568  1159 W CpuPowerCalculator: UID 10107 CPU freq # mismatch: Power Profile # 2 actual # 8
02-24 19:03:11.179   568  1159 W CpuPowerCalculator: UID 10107 CPU freq # mismatch: Power Profile # 2 actual # 8
02-24 19:03:11.180   568  1159 W CpuPowerCalculator: UID 10107 CPU freq # mismatch: Power Profile # 2 actual # 8
02-24 19:03:11.180   568  1159 W CpuPowerCalculator: UID 10106 CPU cluster # mismatch: Power Profile # 2 actual # 4
02-24 19:03:11.180   568  1159 W CpuPowerCalculator: UID 10106 CPU freq # mismatch: Power Profile # 2 actual # 8
02-24 19:03:11.180   568  1159 W CpuPowerCalculator: UID 10106 CPU freq # mismatch: Power Profile # 2 actual # 8
02-24 19:03:11.180   568  1159 W CpuPowerCalculator: UID 10106 CPU freq # mismatch: Power Profile # 2 actual # 8
02-24 19:03:11.181   568  1159 W CpuPowerCalculator: UID 10105 CPU cluster # mismatch: Power Profile # 2 actual # 4
02-24 19:03:11.181   568  1159 W CpuPowerCalculator: UID 10105 CPU freq # mismatch: Power Profile # 2 actual # 8
02-24 19:03:11.181   568  1159 W CpuPowerCalculator: UID 10105 CPU freq # mismatch: Power Profile # 2 actual # 8
02-24 19:03:11.181 18945 18945 W BpBinder: Linking to death on android.gui.ISurfaceComposer but there are no threads (yet?) listening to incoming transactions. See ProcessState::startThreadPool and ProcessState::setThreadPoolMaxThreadCount. Generally you should setup the binder threadpool before other initialization steps.
02-24 19:03:11.182   568  1159 W CpuPowerCalculator: UID 10105 CPU freq # mismatch: Power Profile # 2 actual # 8
02-24 19:03:11.182   568  1159 W CpuPowerCalculator: UID 10096 CPU cluster # mismatch: Power Profile # 2 actual # 4
02-24 19:03:11.182   568  1159 W CpuPowerCalculator: UID 10096 CPU freq # mismatch: Power Profile # 2 actual # 8
02-24 19:03:11.182   568  1159 W CpuPowerCalculator: UID 10096 CPU freq # mismatch: Power Profile # 2 actual # 8
02-24 19:03:11.182   568  1159 W CpuPowerCalculator: UID 10096 CPU freq # mismatch: Power Profile # 2 actual # 8
02-24 19:03:11.182   568  1159 W CpuPowerCalculator: UID 10093 CPU cluster # mismatch: Power Profile # 2 actual # 4
02-24 19:03:11.182   568  1159 W CpuPowerCalculator: UID 10093 CPU freq # mismatch: Power Profile # 2 actual # 8
02-24 19:03:11.183   568  1159 W CpuPowerCalculator: UID 10093 CPU freq # mismatch: Power Profile # 2 actual # 8
02-24 19:03:11.183   568  1159 W CpuPowerCalculator: UID 10093 CPU freq # mismatch: Power Profile # 2 actual # 8
02-24 19:03:11.183   568  1159 W CpuPowerCalculator: UID 10086 CPU cluster # mismatch: Power Profile # 2 actual # 4
02-24 19:03:11.183   568  1159 W CpuPowerCalculator: UID 10086 CPU freq # mismatch: Power Profile # 2 actual # 8
02-24 19:03:11.183   568  1159 W CpuPowerCalculator: UID 10086 CPU freq # mismatch: Power Profile # 2 actual # 8
02-24 19:03:11.183   568  1159 W CpuPowerCalculator: UID 10086 CPU freq # mismatch: Power Profile # 2 actual # 8
02-24 19:03:11.183   568  1159 W CpuPowerCalculator: UID 10085 CPU cluster # mismatch: Power Profile # 2 actual # 4
02-24 19:03:11.183   568  1159 W CpuPowerCalculator: UID 10085 CPU freq # mismatch: Power Profile # 2 actual # 8
02-24 19:03:11.184   568  1159 W CpuPowerCalculator: UID 10085 CPU freq # mismatch: Power Profile # 2 actual # 8
02-24 19:03:11.185   568  1159 W CpuPowerCalculator: UID 10085 CPU freq # mismatch: Power Profile # 2 actual # 8
02-24 19:03:11.185   568  1159 W CpuPowerCalculator: UID 10085 CPU freq # mismatch: Power Profile # 2 actual # 8
02-24 19:03:11.185   568  1159 W CpuPowerCalculator: UID 10084 CPU cluster # mismatch: Power Profile # 2 actual # 4
02-24 19:03:11.185   568  1159 W CpuPowerCalculator: UID 10084 CPU freq # mismatch: Power Profile # 2 actual # 8
02-24 19:03:11.186   568  1159 W CpuPowerCalculator: UID 10084 CPU freq # mismatch: Power Profile # 2 actual # 8
02-24 19:03:11.186   568  1159 W CpuPowerCalculator: UID 10084 CPU freq # mismatch: Power Profile # 2 actual # 8
02-24 19:03:11.189  1569  7501 W MediaProvider: isAppCloneUserPair for user 0: false
02-24 19:03:11.192 18945 18945 W ProcessState: Extra binder thread started, but 0 threads requested. Do not use *startThreadPool when zero threads are requested.
02-24 19:03:11.203   568  1159 W CpuPowerCalculator: UID 10084 CPU freq # mismatch: Power Profile # 2 actual # 8
02-24 19:03:11.204   568  1159 W CpuPowerCalculator: UID 10082 CPU cluster # mismatch: Power Profile # 2 actual # 4
02-24 19:03:11.204   568  1159 W CpuPowerCalculator: UID 10082 CPU freq # mismatch: Power Profile # 2 actual # 8
02-24 19:03:11.205   568  1159 W CpuPowerCalculator: UID 10082 CPU freq # mismatch: Power Profile # 2 actual # 8
02-24 19:03:11.205   568  1159 W CpuPowerCalculator: UID 10082 CPU freq # mismatch: Power Profile # 2 actual # 8
02-24 19:03:11.205   568  1159 W CpuPowerCalculator: UID 10081 CPU cluster # mismatch: Power Profile # 2 actual # 4
02-24 19:03:11.206   568  1159 W CpuPowerCalculator: UID 10081 CPU freq # mismatch: Power Profile # 2 actual # 8
02-24 19:03:11.207   568  1159 W CpuPowerCalculator: UID 10081 CPU freq # mismatch: Power Profile # 2 actual # 8
02-24 19:03:11.207   568  1159 W CpuPowerCalculator: UID 10081 CPU freq # mismatch: Power Profile # 2 actual # 8
02-24 19:03:11.209   568  1159 W CpuPowerCalculator: UID 10081 CPU freq # mismatch: Power Profile # 2 actual # 8
02-24 19:03:11.209   568  1159 W CpuPowerCalculator: UID 9999 CPU cluster # mismatch: Power Profile # 2 actual # 4
02-24 19:03:11.209   568  1159 W CpuPowerCalculator: UID 9999 CPU freq # mismatch: Power Profile # 2 actual # 8
02-24 19:03:11.209   568  1159 W CpuPowerCalculator: UID 2000 CPU cluster # mismatch: Power Profile # 2 actual # 4
02-24 19:03:11.210   568  1159 W CpuPowerCalculator: UID 2000 CPU freq # mismatch: Power Profile # 2 actual # 8
02-24 19:03:11.210   568  1159 W CpuPowerCalculator: UID 2000 CPU freq # mismatch: Power Profile # 2 actual # 8
02-24 19:03:11.211   568  1159 W CpuPowerCalculator: UID 2000 CPU freq # mismatch: Power Profile # 2 actual # 8
02-24 19:03:11.211   568  1159 W CpuPowerCalculator: UID 1092 CPU cluster # mismatch: Power Profile # 2 actual # 4
02-24 19:03:11.212   568  1159 W CpuPowerCalculator: UID 1092 CPU freq # mismatch: Power Profile # 2 actual # 8
02-24 19:03:11.212   568  1159 W CpuPowerCalculator: UID 1086 CPU cluster # mismatch: Power Profile # 2 actual # 4
02-24 19:03:11.213   568  1159 W CpuPowerCalculator: UID 1086 CPU freq # mismatch: Power Profile # 2 actual # 8
02-24 19:03:11.213   568  1159 W CpuPowerCalculator: UID 1082 CPU cluster # mismatch: Power Profile # 2 actual # 4
02-24 19:03:11.214   568  1159 W CpuPowerCalculator: UID 1082 CPU freq # mismatch: Power Profile # 2 actual # 8
02-24 19:03:11.215   568  1159 W CpuPowerCalculator: UID 1073 CPU cluster # mismatch: Power Profile # 2 actual # 4
02-24 19:03:11.217   568  1159 W CpuPowerCalculator: UID 1073 CPU freq # mismatch: Power Profile # 2 actual # 8
02-24 19:03:11.217   568  1159 W CpuPowerCalculator: UID 1073 CPU freq # mismatch: Power Profile # 2 actual # 8
02-24 19:03:11.217   568  1159 W CpuPowerCalculator: UID 1073 CPU freq # mismatch: Power Profile # 2 actual # 8
02-24 19:03:11.218   568  1159 W CpuPowerCalculator: UID 1072 CPU cluster # mismatch: Power Profile # 2 actual # 4
02-24 19:03:11.218   568  1159 W CpuPowerCalculator: UID 1072 CPU freq # mismatch: Power Profile # 2 actual # 8
02-24 19:03:11.218   568  1159 W CpuPowerCalculator: UID 1069 CPU cluster # mismatch: Power Profile # 2 actual # 4
02-24 19:03:11.218   568  1159 W CpuPowerCalculator: UID 1069 CPU freq # mismatch: Power Profile # 2 actual # 8
02-24 19:03:11.218   568  1159 W CpuPowerCalculator: UID 1068 CPU cluster # mismatch: Power Profile # 2 actual # 4
02-24 19:03:11.220   568  1159 W CpuPowerCalculator: UID 1068 CPU freq # mismatch: Power Profile # 2 actual # 8
02-24 19:03:11.220   568  1159 W CpuPowerCalculator: UID 1068 CPU freq # mismatch: Power Profile # 2 actual # 8
02-24 19:03:11.220   568  1159 W CpuPowerCalculator: UID 1068 CPU freq # mismatch: Power Profile # 2 actual # 8
02-24 19:03:11.220   568  1159 W CpuPowerCalculator: UID 1066 CPU cluster # mismatch: Power Profile # 2 actual # 4
02-24 19:03:11.221   568  1159 W CpuPowerCalculator: UID 1066 CPU freq # mismatch: Power Profile # 2 actual # 8
02-24 19:03:11.221   568  1159 W CpuPowerCalculator: UID 1058 CPU cluster # mismatch: Power Profile # 2 actual # 4
02-24 19:03:11.222   568  1159 W CpuPowerCalculator: UID 1058 CPU freq # mismatch: Power Profile # 2 actual # 8
02-24 19:03:11.222   568  1159 W CpuPowerCalculator: UID 1053 CPU cluster # mismatch: Power Profile # 2 actual # 4
02-24 19:03:11.223   568  1159 W CpuPowerCalculator: UID 1053 CPU freq # mismatch: Power Profile # 2 actual # 8
02-24 19:03:11.223   568  1159 W CpuPowerCalculator: UID 1047 CPU cluster # mismatch: Power Profile # 2 actual # 4
02-24 19:03:11.223   568  1159 W CpuPowerCalculator: UID 1047 CPU freq # mismatch: Power Profile # 2 actual # 8
02-24 19:03:11.224   568  1159 W CpuPowerCalculator: UID 1046 CPU cluster # mismatch: Power Profile # 2 actual # 4
02-24 19:03:11.224   568  1159 W CpuPowerCalculator: UID 1046 CPU freq # mismatch: Power Profile # 2 actual # 8
02-24 19:03:11.224   568  1159 W CpuPowerCalculator: UID 1041 CPU cluster # mismatch: Power Profile # 2 actual # 4
02-24 19:03:11.224   568  1159 W CpuPowerCalculator: UID 1041 CPU freq # mismatch: Power Profile # 2 actual # 8
02-24 19:03:11.225   568  1159 W CpuPowerCalculator: UID 1040 CPU cluster # mismatch: Power Profile # 2 actual # 4
02-24 19:03:11.225   568  1159 W CpuPowerCalculator: UID 1040 CPU freq # mismatch: Power Profile # 2 actual # 8
02-24 19:03:11.226   568  1159 W CpuPowerCalculator: UID 1036 CPU cluster # mismatch: Power Profile # 2 actual # 4
02-24 19:03:11.226   568  1159 W CpuPowerCalculator: UID 1036 CPU freq # mismatch: Power Profile # 2 actual # 8
02-24 19:03:11.226   568  1159 W CpuPowerCalculator: UID 1021 CPU cluster # mismatch: Power Profile # 2 actual # 4
02-24 19:03:11.226   568  1159 W CpuPowerCalculator: UID 1021 CPU freq # mismatch: Power Profile # 2 actual # 8
02-24 19:03:11.226   568  1159 W CpuPowerCalculator: UID 1020 CPU cluster # mismatch: Power Profile # 2 actual # 4
02-24 19:03:11.226   568  1159 W CpuPowerCalculator: UID 1020 CPU freq # mismatch: Power Profile # 2 actual # 8
02-24 19:03:11.226   568  1159 W CpuPowerCalculator: UID 1019 CPU cluster # mismatch: Power Profile # 2 actual # 4
02-24 19:03:11.226   568  1159 W CpuPowerCalculator: UID 1019 CPU freq # mismatch: Power Profile # 2 actual # 8
02-24 19:03:11.227   568  1159 W CpuPowerCalculator: UID 1017 CPU cluster # mismatch: Power Profile # 2 actual # 4
02-24 19:03:11.227   568  1159 W CpuPowerCalculator: UID 1017 CPU freq # mismatch: Power Profile # 2 actual # 8
02-24 19:03:11.227   568  1159 W CpuPowerCalculator: UID 1013 CPU cluster # mismatch: Power Profile # 2 actual # 4
02-24 19:03:11.227   568  1159 W CpuPowerCalculator: UID 1013 CPU freq # mismatch: Power Profile # 2 actual # 8
02-24 19:03:11.227   568  1159 W CpuPowerCalculator: UID 1010 CPU cluster # mismatch: Power Profile # 2 actual # 4
02-24 19:03:11.227   568  1159 W CpuPowerCalculator: UID 1010 CPU freq # mismatch: Power Profile # 2 actual # 8
02-24 19:03:11.228   568  1159 W CpuPowerCalculator: UID 1003 CPU cluster # mismatch: Power Profile # 2 actual # 4
02-24 19:03:11.228   568  1159 W CpuPowerCalculator: UID 1003 CPU freq # mismatch: Power Profile # 2 actual # 8
02-24 19:03:11.228   568  1159 W CpuPowerCalculator: UID 1002 CPU cluster # mismatch: Power Profile # 2 actual # 4
02-24 19:03:11.229   568  1159 W CpuPowerCalculator: UID 1002 CPU freq # mismatch: Power Profile # 2 actual # 8
02-24 19:03:11.230   568  1159 W CpuPowerCalculator: UID 1002 CPU freq # mismatch: Power Profile # 2 actual # 8
02-24 19:03:11.230   568  1159 W CpuPowerCalculator: UID 1002 CPU freq # mismatch: Power Profile # 2 actual # 8
02-24 19:03:11.231   568  1159 W CpuPowerCalculator: UID 1001 CPU cluster # mismatch: Power Profile # 2 actual # 4
02-24 19:03:11.231   568  1159 W CpuPowerCalculator: UID 1001 CPU freq # mismatch: Power Profile # 2 actual # 8
02-24 19:03:11.231   568  1159 W CpuPowerCalculator: UID 1001 CPU freq # mismatch: Power Profile # 2 actual # 8
02-24 19:03:11.232   568  1159 W CpuPowerCalculator: UID 1001 CPU freq # mismatch: Power Profile # 2 actual # 8
02-24 19:03:11.232   568  1159 W CpuPowerCalculator: UID 1000 CPU cluster # mismatch: Power Profile # 2 actual # 4
02-24 19:03:11.232   568  2466 I ActivityManager: Flag disabled. Ignoring finishAttachApplication from uid: 10137. pid: 18800
02-24 19:03:11.232   568  1159 W CpuPowerCalculator: UID 1000 CPU freq # mismatch: Power Profile # 2 actual # 8
02-24 19:03:11.233   568  1159 W CpuPowerCalculator: UID 1000 CPU freq # mismatch: Power Profile # 2 actual # 8
02-24 19:03:11.233   568  1159 W CpuPowerCalculator: UID 1000 CPU freq # mismatch: Power Profile # 2 actual # 8
02-24 19:03:11.243   568  1159 W CpuPowerCalculator: UID 0 CPU cluster # mismatch: Power Profile # 2 actual # 4
02-24 19:03:11.243   568  1159 W CpuPowerCalculator: UID 0 CPU freq # mismatch: Power Profile # 2 actual # 8
02-24 19:03:11.252   568   617 W system_server: Long monitor contention with owner binder:568_A (1159) at java.util.List com.android.server.power.stats.BatteryUsageStatsProvider.getBatteryUsageStats(java.util.List)(BatteryUsageStatsProvider.java:132) waiters=0 in void com.android.server.am.BatteryStatsService.lambda$noteAlarmFinish$22(java.lang.String, android.os.WorkSource, int, long, long) for 260ms
02-24 19:03:11.266 18849 18944 W PowerProfile: ambient.on is deprecated! Use ambient.on.display0 instead.
02-24 19:03:11.266 18849 18944 W PowerProfile: screen.on is deprecated! Use screen.on.display0 instead.
02-24 19:03:11.266 18849 18944 W PowerProfile: screen.full is deprecated! Use screen.full.display0 instead.
02-24 19:03:11.270 18849 18944 W ModemPowerProfile: getAverageBatteryDrainMaH called with unexpected key: 0x0, drain:SLEEP,RAT:DEFAULT
02-24 19:03:11.271 18849 18944 W ModemPowerProfile: getAverageBatteryDrainMaH called with unexpected key: 0x10000000, drain:IDLE,RAT:DEFAULT
02-24 19:03:11.271 18849 18944 W ModemPowerProfile: getAverageBatteryDrainMaH called with unexpected key: 0x20000000, drain:RX,RAT:DEFAULT
02-24 19:03:11.272 18849 18944 W ModemPowerProfile: getAverageBatteryDrainMaH called with unexpected key: 0x30000000, drain:TX,level:0,RAT:DEFAULT
02-24 19:03:11.272 18849 18944 W ModemPowerProfile: getAverageBatteryDrainMaH called with unexpected key: 0x31000000, drain:TX,level:1,RAT:DEFAULT
02-24 19:03:11.272 18849 18944 W ModemPowerProfile: getAverageBatteryDrainMaH called with unexpected key: 0x32000000, drain:TX,level:2,RAT:DEFAULT
02-24 19:03:11.272 18849 18944 W ModemPowerProfile: getAverageBatteryDrainMaH called with unexpected key: 0x33000000, drain:TX,level:3,RAT:DEFAULT
02-24 19:03:11.273 18849 18944 W ModemPowerProfile: getAverageBatteryDrainMaH called with unexpected key: 0x34000000, drain:TX,level:4,RAT:DEFAULT
02-24 19:03:11.273 18849 18944 W DataProcessor: shouldShowBatteryAttributionList(): 0.1
02-24 19:03:11.273 18849 18944 W BatteryUsageDataLoader: getBatteryEntryList() returns null or empty content
02-24 19:03:11.295 18679 18679 I DialerFlags: com.android.dialer.phenotype.Flags.lambda$registerDialerSharedDirectbootMendelConfigPackage$2:156 dialer-shared-directboot-aware phenotype register status: true
02-24 19:03:11.311   158   158 I hwservicemanager: getTransport: Cannot find entry android.hardware.graphics.mapper@4.0::IMapper/default in either framework or device VINTF manifest.
02-24 18:30:15.584     0     0 I servicemanager: Could not find android.hardware.graphics.allocator.IAllocator/default in the VINTF manifest.
02-24 19:03:11.312 18945 18982 I Gralloc4: mapper 4.x is not supported
02-24 19:03:11.414   357 18998 I resolv  : GetAddrInfoHandler::run: {100 100 100 983140 10137 0}
02-24 19:03:11.417   357 19001 I resolv  : res_nmkquery: (QUERY, IN, A)
02-24 19:03:11.417  2894 18488 I NetworkScheduler.Stats: Task com.google.android.gms/com.google.android.gms.ipa.base.IpaGcmTaskService started execution. cause:9 exec_start_elapsed_seconds: 6359 [CONTEXT service_id=218 ]
