02-24 18:29:46.492   568   599 I ActivityManager: Broadcast completed: result=0
02-24 18:29:46.492  1569  2115 I MediaProvider: Begin Intent { act=android.intent.action.MEDIA_SCANNER_SCAN_FILE dat=file:///... flg=0x1400010 cmp=com.google.android.providers.media.module/com.android.providers.media.MediaService }
02-24 18:29:46.492  1569  2115 I MediaProvider: End Intent { act=android.intent.action.MEDIA_SCANNER_SCAN_FILE dat=file:///... flg=0x1400010 cmp=com.google.android.providers.media.module/com.android.providers.media.MediaService }
02-24 18:29:46.492  2894 17482 I NetworkScheduler.Stats: Task com.google.android.gms/com.google.android.gms.ipa.base.IpaGcmTaskService started execution. cause:9 exec_start_elapsed_seconds: 6330 [CONTEXT service_id=218 ]
02-24 18:29:46.492  2894 17113 I NetworkScheduler.Stats: Task com.google.android.gms/com.google.android.gms.ipa.base.IpaGcmTaskService finished executing. cause:9 result: 1 elapsed_millis: 0 uptime_millis: 0 exec_start_elapsed_seconds: 6330 [CONTEXT service_id=218 ]
02-24 18:29:46.492  1569  6747 I MediaProvider: Deleted 0 1 0 0 0 0 0 items on external_primary due to com.android.shell
02-24 18:29:46.492  2894 16930 I NetworkScheduler.Stats: Task com.google.android.gms/com.google.android.gms.ipa.base.IpaGcmTaskService started execution. cause:9 exec_start_elapsed_seconds: 6330 [CONTEXT service_id=218 ]
02-24 18:29:46.492  2894 17420 I NetworkScheduler.Stats: Task com.google.android.gms/com.google.android.gms.ipa.base.IpaGcmTaskService finished executing. cause:9 result: 1 elapsed_millis: 0 uptime_millis: 0 exec_start_elapsed_seconds: 6330 [CONTEXT service_id=218 ]
02-24 18:29:46.492 18480 18480 W BpBinder: Linking to death on android.gui.ISurfaceComposer but there are no threads (yet?) listening to incoming transactions. See ProcessState::startThreadPool and ProcessState::setThreadPoolMaxThreadCount. Generally you should setup the binder threadpool before other initialization steps.
02-24 18:29:46.492  1569  7501 W MediaProvider: isAppCloneUserPair for user 0: false
02-24 18:29:46.492 18480 18480 W ProcessState: Extra binder thread started, but 0 threads requested. Do not use *startThreadPool when zero threads are requested.
02-24 18:29:46.492   158   158 I hwservicemanager: getTransport: Cannot find entry android.hardware.graphics.mapper@4.0::IMapper/default in either framework or device VINTF manifest.
02-24 18:29:46.492 18480 18482 I Gralloc4: mapper 4.x is not supported
02-24 18:29:46.492  2894 16930 I NetworkScheduler.Stats: Task com.google.android.gms/com.google.android.gms.ipa.base.IpaGcmTaskService started execution. cause:9 exec_start_elapsed_seconds: 6330 [CONTEXT service_id=218 ]
02-24 18:29:46.492  2894 17482 I NetworkScheduler.Stats: Task com.google.android.gms/com.google.android.gms.ipa.base.IpaGcmTaskService finished executing. cause:9 result: 1 elapsed_millis: 0 uptime_millis: 0 exec_start_elapsed_seconds: 6330 [CONTEXT service_id=218 ]
02-24 18:29:46.476     0     0 I servicemanager: Could not find android.hardware.graphics.allocator.IAllocator/default in the VINTF manifest.
02-24 18:29:46.476     0     0 I servicemanager: Could not find android.hardware.graphics.allocator.IAllocator/default in the VINTF manifest.
02-24 18:30:04.268   799   858 W Looper  : Slow delivery took 11444ms SysUiBg h=android.os.Handler c=null m=0
02-24 18:30:04.268   568   568 W Looper  : Slow delivery took 16717ms main h=android.os.Handler c=com.android.internal.os.BinderCallsStats$1@fe9dc46 m=0
02-24 18:30:04.282   785   785 I wpa_supplicant: wlan0: CTRL-EVENT-BEACON-LOSS 
02-24 18:30:04.318  1569  1635 I PickerSyncController: Executing SyncAdd. isLocal: true. authority: com.android.providers.media.photopicker
02-24 18:30:04.327  2894 17482 I AlarmManager: setExactAndAllowWhileIdle [name: GCM_HB_ALARM type: 2 triggerAtMillis: 6998322]
02-24 18:30:04.335   568   907 W ProcessStats: Tracking association SourceState{7bc8d81 com.google.android.apps.nexuslauncher/10161 BTop #13688} whose proc state 2 is better than process ProcessState{4ca445f com.google.android.googlequicksearchbox:search/10131 pkg=com.google.android.googlequicksearchbox} proc state 6 (168 skipped)
02-24 18:30:04.338  1569  1635 I PickerSyncController: Paged sync successful. QueryArgs: Bundle[{android.provider.extra.SYNC_GENERATION=1574}]. Result count: 0. Cursor count: 0
02-24 18:30:04.339  1569  1635 I PickerSyncController: Executing SyncRemove. isLocal: true. authority: com.android.providers.media.photopicker
02-24 18:30:04.347   568   568 W Looper  : Drained
02-24 18:30:04.350  1569  1635 W PickerDbFacade: Unable to promote cloud media with localId: 1000000209
02-24 18:30:04.352  1569  1635 W PickerDbFacade: Unable to promote cloud media with localId: 1000000210
02-24 18:30:04.354  1569  1635 W PickerDbFacade: Unable to promote cloud media with localId: 1000000211
02-24 18:30:04.358  1569  1635 W PickerDbFacade: Unable to promote cloud media with localId: 1000000212
02-24 18:30:04.359  1569  1635 W PickerDbFacade: Unable to promote cloud media with localId: 1000000213
02-24 18:30:04.360  1569  1635 W PickerDbFacade: Unable to promote cloud media with localId: 1000000214
02-24 18:30:04.361  1569  1635 W PickerDbFacade: Unable to promote cloud media with localId: 1000000215
02-24 18:30:04.362  1569  1635 W PickerDbFacade: Unable to promote cloud media with localId: 1000000216
02-24 18:30:04.363  1569  1635 W PickerDbFacade: Unable to promote cloud media with localId: 1000000217
02-24 18:30:04.364  1569  1635 W PickerDbFacade: Unable to promote cloud media with localId: 1000000218
02-24 18:30:04.368  2894 17482 I AlarmManager: setExactAndAllowWhileIdle [name: GCM_HB_ALARM type: 2 triggerAtMillis: 6998363]
02-24 18:30:04.369  1569  1635 W PickerDbFacade: Unable to promote cloud media with localId: 1000000219
02-24 18:30:04.371  1569  1635 W PickerDbFacade: Unable to promote cloud media with localId: 1000000220
02-24 18:30:04.372  1569  1635 W PickerDbFacade: Unable to promote cloud media with localId: 1000000221
02-24 18:30:04.372  1569  1635 W PickerDbFacade: Unable to promote cloud media with localId: 1000000222
02-24 18:30:04.374  1569  1635 W PickerDbFacade: Unable to promote cloud media with localId: 1000000223
02-24 18:30:04.374  1569  1635 W PickerDbFacade: Unable to promote cloud media with localId: 1000000224
02-24 18:30:04.375  1569  1635 W PickerDbFacade: Unable to promote cloud media with localId: 1000000225
02-24 18:30:04.376  1569  1635 W PickerDbFacade: Unable to promote cloud media with localId: 1000000226
02-24 18:30:04.376  1569  1635 W PickerDbFacade: Unable to promote cloud media with localId: 1000000227
02-24 18:30:04.377  1569  1635 W PickerDbFacade: Unable to promote cloud media with localId: 1000000228
02-24 18:30:04.377  1569  1635 W PickerDbFacade: Unable to promote cloud media with localId: 1000000229
02-24 18:30:04.378  1569  1635 W PickerDbFacade: Unable to promote cloud media with localId: 1000000230
02-24 18:30:04.379  1569  1635 W PickerDbFacade: Unable to promote cloud media with localId: 1000000231
02-24 18:30:04.380  1569  1635 W PickerDbFacade: Unable to promote cloud media with localId: 1000000232
02-24 18:30:04.381  1719 18485 I GmscoreIpa: Starting mediastore instant index [CONTEXT service_id=255 ]
02-24 18:30:04.381  1569  1635 W PickerDbFacade: Unable to promote cloud media with localId: 1000000233
02-24 18:30:04.382  1569  1635 I PickerSyncController: Paged sync successful. QueryArgs: Bundle[{android.provider.extra.SYNC_GENERATION=1574}]. Result count: 0. Cursor count: 25
02-24 18:30:04.404   568   716 E WifiStaIfaceAidlImpl: installApfPacketFilter failed with service-specific exception: android.os.ServiceSpecificException:  (code 4)
02-24 18:30:04.420  1569  1635 I PickerSyncController: Executing SyncReset. isLocal: false. authority: null
02-24 18:30:04.440  1552  1678 I AiAiEcho: Predicting[0]: 
02-24 18:30:04.421  1569  1635 I PickerSyncController: SyncReset. isLocal:false. authority: null. result count: 0
02-24 18:30:04.443  1569  1635 I PickerSyncController: Executing SyncAlbumReset. isLocal: true. authority: com.android.providers.media.photopicker. albumId: null
02-24 18:30:04.447  1569  1635 I PickerSyncController: Successfully executed SyncResetAlbum. authority: com.android.providers.media.photopicker. albumId: null. Result count: 0
02-24 18:30:04.448  1552  1678 I AiAiEcho: EchoTargets: 
02-24 18:30:04.448  1552  1678 I AiAiEcho: Filtered by AiAi flag check: 
02-24 18:30:04.449  1569  1635 I PickerSyncController: Executing SyncAlbumReset. isLocal: false. authority: null. albumId: null
02-24 18:30:04.450  1552  1678 I AiAiEcho: Ranked targets strategy: SORT, count: 0, ranking metadata: 
02-24 18:30:04.454  1552  1678 I AiAiEcho: #postPredictionTargets: Sending updates to UISurface lockscreen with targets# 0 (types=[])
02-24 18:30:04.455   799   799 W PageIndicator: Total number of pages invalid: 0. Assuming 1 page.
02-24 18:30:04.462  1569  1635 I PickerSyncController: Successfully executed SyncResetAlbum. authority: null. albumId: null. Result count: 0
02-24 18:30:04.510   799   858 W Looper  : Drained
02-24 19:03:00.411   568   673 E LazyAlarmStore: Removed TIME_TICK alarm
02-24 19:03:00.632   568   907 I ActivityManager: Broadcasting: Intent { act=android.intent.action.MEDIA_SCANNER_SCAN_FILE dat=file:///... flg=0x400000 }
02-24 19:03:00.771  1552  1678 I AiAiEcho: Predicting[0]: 
02-24 19:03:00.772  1552  1678 I AiAiEcho: EchoTargets: 
02-24 19:03:00.772  1552  1678 I AiAiEcho: Filtered by AiAi flag check: 
02-24 19:03:00.772  1552  1678 I AiAiEcho: Ranked targets strategy: SORT, count: 0, ranking metadata: 
02-24 19:03:00.773  1552  1678 I AiAiEcho: #postPredictionTargets: Sending updates to UISurface lockscreen with targets# 0 (types=[])
02-24 19:03:00.777   799   799 W PageIndicator: Total number of pages invalid: 0. Assuming 1 page.
02-24 19:03:00.805   568   600 W system_server: Long monitor contention with owner ActivityManager (611) at void com.android.server.am.BroadcastQueueModernImpl.checkPendingColdStartValidity()(BroadcastQueueModernImpl.java:551) waiters=1 in void com.android.server.am.ActivityManagerService.pushTempAllowlist() for 222ms
02-24 19:03:00.814   568   731 W system_server: Long monitor contention with owner ActivityManager (611) at void com.android.server.am.BroadcastQueueModernImpl.checkPendingColdStartValidity()(BroadcastQueueModernImpl.java:551) waiters=2 in android.app.ContentProviderHolder com.android.server.am.ContentProviderHelper.getContentProviderImpl(android.app.IApplicationThread, java.lang.String, android.os.IBinder, int, java.lang.String, java.lang.String, boolean, int) for 200ms
02-24 19:03:00.829   568   610 I UsageStatsService: Time changed in by 1975 seconds
02-24 19:03:00.835   568   600 W Looper  : Slow dispatch took 252ms android.ui h=com.android.server.am.ActivityManagerService$UiHandler c=null m=68
02-24 19:03:00.835   568   600 W Looper  : Slow delivery took 276ms android.ui h=com.android.server.am.ActivityManagerService$UiHandler c=null m=68
02-24 19:03:00.879   568   907 I ActivityManager: Enqueued broadcast Intent { act=android.intent.action.MEDIA_SCANNER_SCAN_FILE dat=file:///... flg=0x400000 }: 0
02-24 19:03:00.885   568   568 W Looper  : Slow dispatch took 302ms main h=android.app.ActivityThread$H c=android.app.LoadedApk$ReceiverDispatcher$Args$$ExternalSyntheticLambda0@a324d15 m=0
02-24 19:03:00.949   568   599 I ActivityManager: Broadcast completed: result=0
02-24 19:03:00.962  1569  2115 I MediaProvider: Begin Intent { act=android.intent.action.MEDIA_SCANNER_SCAN_FILE dat=file:///... flg=0x1400010 cmp=com.google.android.providers.media.module/com.android.providers.media.MediaService }
02-24 19:03:00.993  1569  1577 I FuseDaemon: Background young concurrent copying GC freed 5242(367KB) AllocSpace objects, 7(720KB) LOS objects, 13% free, 4459KB/5127KB, paused 6.544ms,58us total 21.295ms
02-24 19:03:02.047   568   612 W ActivityManager: Slow operation: 1229ms so far, now at startProcess: returned from zygote!
02-24 19:03:02.051   568   612 W ActivityManager: Slow operation: 1233ms so far, now at startProcess: done updating battery stats
02-24 19:03:02.051   568   612 W ActivityManager: Slow operation: 1233ms so far, now at startProcess: building log message
02-24 19:03:02.051   568   612 I ActivityManager: Start proc 18498:com.android.providers.calendar/u0a85 for content provider {com.android.providers.calendar/com.android.providers.calendar.CalendarProvider2}
02-24 19:03:02.051   568   612 W ActivityManager: Slow operation: 1233ms so far, now at startProcess: starting to update pids map
02-24 19:03:02.051   568   612 W ActivityManager: Slow operation: 1233ms so far, now at startProcess: done updating pids map
02-24 19:03:02.051   568   612 W ActivityManager: Slow operation: 1092ms so far, now at startProcess: asking zygote to start proc
02-24 19:03:02.070  1569  1577 I FuseDaemon: Background concurrent copying GC freed 2048(112KB) AllocSpace objects, 6(3276KB) LOS objects, 49% free, 2547KB/5095KB, paused 1.040s,94us total 1.074s
02-24 19:03:02.075   568   612 W ActivityManager: Slow operation: 1116ms so far, now at startProcess: returned from zygote!
02-24 19:03:02.075   568   612 W ActivityManager: Slow operation: 1117ms so far, now at startProcess: done updating battery stats
02-24 19:03:02.076   568   612 W ActivityManager: Slow operation: 1117ms so far, now at startProcess: building log message
02-24 19:03:02.076   568   612 I ActivityManager: Start proc 18499:com.google.android.calendar/u0a135 for broadcast {com.google.android.calendar/com.android.calendar.widget.CalendarAppWidgetProvider}
02-24 19:03:02.076   568   612 W ActivityManager: Slow operation: 1117ms so far, now at startProcess: starting to update pids map
02-24 19:03:02.080   568   612 W ActivityManager: Slow operation: 1121ms so far, now at startProcess: done updating pids map
02-24 19:03:02.096  1569  2115 I MediaProvider: End Intent { act=android.intent.action.MEDIA_SCANNER_SCAN_FILE dat=file:///... flg=0x1400010 cmp=com.google.android.providers.media.module/com.android.providers.media.MediaService }
02-24 19:03:02.201  2894 17420 I NetworkScheduler.Stats: Task com.google.android.gms/com.google.android.gms.ipa.base.IpaGcmTaskService started execution. cause:9 exec_start_elapsed_seconds: 6350 [CONTEXT service_id=218 ]
02-24 19:03:02.229  2894 18488 I NetworkScheduler.Stats: Task com.google.android.gms/com.google.android.gms.ipa.base.IpaGcmTaskService finished executing. cause:9 result: 1 elapsed_millis: 71 uptime_millis: 71 exec_start_elapsed_seconds: 6350 [CONTEXT service_id=218 ]
02-24 19:03:02.239   568   600 W Looper  : Drained
02-24 19:03:02.254   568   926 I ActivityManager: Background started FGS: Allowed [callingPackage: com.google.android.apps.wellbeing; callingUid: 10127; uidState: RCVR; uidBFSL: n/a; intent: Intent { cmp=com.google.android.apps.wellbeing/com.google.apps.tiktok.concurrent.InternalForegroundService (has extras) }; code:BACKGROUND_ACTIVITY_PERMISSION; tempAllowListReason:<3f29534 android.intent.action.TIME_SET/u-1,reasonCode:TIME_CHANGED,duration:20000,callingUid:1000>; targetSdkVersion:33; callerTargetSdkVersion:33; startForegroundCount:0; bindFromPackage:null: isBindService:false]
02-24 19:03:02.274   568   610 I UsageStatsService: User[0] Time changed in by 1975 seconds
02-24 19:03:02.274   568   610 I UsageStatsService: User[0] Flushing usage stats to disk
02-24 19:03:02.394  6169  6217 W UsageSyncManager: <DWB> Last (TimeDelta{wallTime=2025-02-24T17:57:27.308Z, elapsedSinceBoot=PT1H13M11.303S}, boot count 6) and current (TimeDelta{wallTime=2025-02-24T19:03:02.392Z, elapsedSinceBoot=PT1H45M50.684S}, boot count 6) deltas are different. Increase event shift by PT32M55.703S.
02-24 19:03:02.395 18498 18498 I viders.calendar: Using CollectorTypeCC GC.
02-24 19:03:02.398  6169  6217 W UsageSyncManager: <DWB> Deferring shifting events by PT34M22.031S
02-24 19:03:02.445 18498 18498 W viders.calendar: Unexpected CPU variant for x86: x86_64.
02-24 19:03:02.445 18498 18498 W viders.calendar: Known variants: atom, sandybridge, silvermont, goldmont, goldmont-plus, tremont, kabylake, default
02-24 19:03:02.519 18499 18499 I ndroid.calendar: Using CollectorTypeCC GC.
02-24 19:03:02.522 18499 18499 W ndroid.calendar: Unexpected CPU variant for x86: x86_64.
02-24 19:03:02.522 18499 18499 W ndroid.calendar: Known variants: atom, sandybridge, silvermont, goldmont, goldmont-plus, tremont, kabylake, default
02-24 19:03:02.625 18498 18498 E viders.calendar: Not starting debugger since process cannot load the jdwp agent.
02-24 19:03:02.633 18499 18499 E ndroid.calendar: Not starting debugger since process cannot load the jdwp agent.
02-24 19:03:02.634   357 18517 I resolv  : GetAddrInfoHandler::run: {100 100 100 983140 10191 0}
02-24 19:03:02.651   357 18518 I resolv  : res_nmkquery: (QUERY, IN, AAAA)
02-24 19:03:02.655   357 18519 I resolv  : res_nmkquery: (QUERY, IN, A)
02-24 19:03:02.786  3996  4677 W Datadog : [_dd.sdk_core.default]: A RUM event was detected, but no view is active. To track views automatically, try calling the RumConfiguration.Builder.useViewTrackingStrategy() method.
02-24 19:03:02.786  3996  4677 W Datadog : You can also track views manually using the RumMonitor.startView() and RumMonitor.stopView() methods.
02-24 19:03:02.792   568   610 I UsageStatsDatabase: Time changed by +32m55s703ms. files deleted: 0 files moved: 4
02-24 19:03:02.802   568   610 I UsageStatsService: User[0] Rollover scheduled @ 2025-02-25 16:12:24(1740499944509)
02-24 19:03:02.805  1719 18524 I SystemUpdate: [Installation,ReceiverIntentOperation] Received intent: Intent { act=android.intent.action.TIME_SET flg=0x25200010 pkg=com.google.android.gms cmp=com.google.android.gms/.chimera.GmsIntentOperationService$PersistentTrustedReceiver }.
02-24 19:03:02.826  1719 18486 I AlarmManager: setExactAndAllowWhileIdle [name: RemindersNSREFRESH_TIME_REMINDERS_ALARM type: 0 triggerAtMillis: 1740441600000]
02-24 19:03:02.852   568   568 W NotificationHistory: Attempted to add notif for locked/gone/disabled user 0
02-24 19:03:02.852   568   568 W Looper  : Slow dispatch took 324ms main h=com.android.server.notification.NotificationManagerService$WorkerHandler c=com.android.server.notification.NotificationManagerService$PostNotificationRunnable@bff6146 m=0
02-24 19:03:02.852   568   568 W Looper  : Slow delivery took 246ms main h=com.android.server.power.Notifier$NotifierHandler c=null m=7
02-24 19:03:02.940  1719 18486 I SystemUpdate: [Execution,InstallationEventIntentOperation] Handling event of type 6.
02-24 19:03:02.942   357 18536 I resolv  : GetAddrInfoHandler::run: {100 100 100 983140 10146 0}
02-24 19:03:02.944  1552  2157 W AiAiEcho: LyftNotificationParser Ridesharing ETA not enabled
02-24 19:03:02.952   357 18538 I resolv  : res_nmkquery: (QUERY, IN, AAAA)
02-24 19:03:02.966   357 18539 I resolv  : res_nmkquery: (QUERY, IN, A)
02-24 19:03:02.969  1552  2157 W AiAiEcho: SmartspaceNotificationPredictor no parser can handle this notification or notification is invalid
02-24 19:03:02.980  1719 18486 I SystemUpdate: [Execution,InstallationIntentOperation] Received intent: Intent { act=com.google.android.gms.update.INSTALL_UPDATE cat=[targeted_intent_op_prefix:.update.execution.InstallationIntentOperation] cmp=com.google.android.gms/.chimera.GmsIntentOperationService }.
02-24 19:03:02.989  1719 18486 I SystemUpdate: [Execution,ExecutionManager] Action finished-execution executed for 0.00 seconds.
02-24 19:03:03.002   568  2108 W BatteryExternalStatsWorker: error reading Bluetooth stats: 11
02-24 19:03:03.025   568   568 W Looper  : Drained
02-24 19:03:03.113  3996  4677 W Datadog : [_dd.sdk_core.default]: A RUM event was detected, but no view is active. To track views automatically, try calling the RumConfiguration.Builder.useViewTrackingStrategy() method.
02-24 19:03:03.113  3996  4677 W Datadog : You can also track views manually using the RumMonitor.startView() and RumMonitor.stopView() methods.
02-24 19:03:03.134   568   598 W system_server: Long monitor contention with owner binder:568_2 (588) at android.content.res.Configuration com.android.server.wm.ActivityTaskManagerService.getGlobalConfigurationForPid(int)(ActivityTaskManagerService.java:1133) waiters=0 in void com.android.server.wm.WindowManagerService.monitor() for 312ms
02-24 19:03:03.357  3996  4677 W Datadog : [_dd.sdk_core.default]: A RUM event was detected, but no view is active. To track views automatically, try calling the RumConfiguration.Builder.useViewTrackingStrategy() method.
02-24 19:03:03.357  3996  4677 W Datadog : You can also track views manually using the RumMonitor.startView() and RumMonitor.stopView() methods.
02-24 19:03:03.537  3996  3996 I Choreographer: Skipped 45 frames!  The application may be doing too much work on its main thread.
02-24 19:03:03.728   568   568 W Looper  : Slow dispatch took 217ms main h=android.service.notification.NotificationListenerService$MyHandler c=null m=2
02-24 19:03:03.729   568   568 W Looper  : Slow delivery took 331ms main h=android.service.notification.NotificationListenerService$MyHandler c=null m=2
02-24 19:03:03.775   568   618 E system_server: updateValue is called with a value 11496, which is lower than the previous value 11519
02-24 19:03:03.811   568   568 W Looper  : Drained
02-24 19:03:03.839   568   612 I ActivityManager: Start proc 18549:com.google.android.contacts/u0a152 for broadcast {com.google.android.contacts/androidx.work.impl.background.systemalarm.RescheduleReceiver}
02-24 19:03:03.842  3996  4677 W Datadog : [_dd.sdk_core.default]: A RUM event was detected, but no view is active. To track views automatically, try calling the RumConfiguration.Builder.useViewTrackingStrategy() method.
02-24 19:03:03.842  3996  4677 W Datadog : You can also track views manually using the RumMonitor.startView() and RumMonitor.stopView() methods.
02-24 19:03:03.898  3996  4643 I ReactNativeJNI: Memory warning (pressure level: TRIM_MEMORY_BACKGROUND) received by JS VM, running a GC
02-24 19:03:03.919 18549 18549 I ndroid.contacts: Using CollectorTypeCC GC.
02-24 19:03:03.923 18549 18549 W ndroid.contacts: Unexpected CPU variant for x86: x86_64.
02-24 19:03:03.923 18549 18549 W ndroid.contacts: Known variants: atom, sandybridge, silvermont, goldmont, goldmont-plus, tremont, kabylake, default
02-24 19:03:03.950   568   617 W system_server: Long monitor contention with owner batterystats-worker (618) at void com.android.server.power.stats.BatteryExternalStatsWorker.updateExternalStatsLocked(java.lang.String, int, boolean, boolean, int, int[], boolean)(BatteryExternalStatsWorker.java:755) waiters=0 in void com.android.server.am.BatteryStatsService.lambda$noteStopWakelockFromSource$27(android.os.WorkSource, int, java.lang.String, java.lang.String, int, long, long) for 497ms
02-24 19:03:03.996   434   447 I adbd    : jdwp connection from 18549
02-24 19:03:04.023  1020  4595 I OpenGLRenderer: Davey! duration=1679ms; Flags=0, FrameTimelineVsyncId=92803, IntendedVsync=6350371939752, Vsync=6350371939752, InputEventId=0, HandleInputStart=6350381176020, AnimationStart=6350381212420, PerformTraversalsStart=6350430992220, DrawStart=6350431401820, FrameDeadline=6350388606418, FrameInterval=6350380627620, FrameStartTime=16666666, SyncQueued=6350431885220, SyncStart=6350432255620, IssueDrawCommandsStart=6350432484220, SwapBuffers=6350501248320, FrameCompleted=6352051438320, DequeueBufferDuration=20200, QueueBufferDuration=340800, GpuCompleted=6352051438320, SwapBuffersCompleted=6350532590020, DisplayPresentTime=0, CommandSubmissionCompleted=6350501248320, 
02-24 19:03:04.025   799  1364 I OpenGLRenderer: Davey! duration=931ms; Flags=0, FrameTimelineVsyncId=92986, IntendedVsync=6351288606382, Vsync=6351288606382, InputEventId=0, HandleInputStart=6351294239620, AnimationStart=6351294270220, PerformTraversalsStart=6351653291420, DrawStart=6351670690020, FrameDeadline=6351305273048, FrameInterval=6351292952620, FrameStartTime=16666666, SyncQueued=6351682621520, SyncStart=6351683682220, IssueDrawCommandsStart=6351683848620, SwapBuffers=6352050461820, FrameCompleted=6352221487920, DequeueBufferDuration=26200, QueueBufferDuration=715700, GpuCompleted=6352221487920, SwapBuffersCompleted=6352173785820, DisplayPresentTime=0, CommandSubmissionCompleted=6352050461820, 
02-24 19:03:04.091   357   357 I netd    : tetherGetStats() -> {[]} <43.13ms>
02-24 19:03:04.155   568   612 I ActivityManager: Start proc 18568:com.google.android.deskclock/u0a148 for broadcast {com.google.android.deskclock/com.android.deskclock.AlarmInitReceiver}
02-24 19:03:04.201  1569  2765 I MediaProvider: Deleted 0 1 0 0 0 0 0 items on external_primary due to com.android.shell
02-24 19:03:04.240   568   619 W CpuPowerCalculator: UID 10196 CPU cluster # mismatch: Power Profile # 2 actual # 4
02-24 19:03:04.241   568   619 W CpuPowerCalculator: UID 10196 CPU freq # mismatch: Power Profile # 2 actual # 8
02-24 19:03:04.241   568   619 W CpuPowerCalculator: UID 10196 CPU freq # mismatch: Power Profile # 2 actual # 8
02-24 19:03:04.241   568   619 W CpuPowerCalculator: UID 10196 CPU freq # mismatch: Power Profile # 2 actual # 8
02-24 19:03:04.242   568   619 W CpuPowerCalculator: UID 10195 CPU cluster # mismatch: Power Profile # 2 actual # 4
02-24 19:03:04.242   568   619 W CpuPowerCalculator: UID 10195 CPU freq # mismatch: Power Profile # 2 actual # 8
02-24 19:03:04.242   568   619 W CpuPowerCalculator: UID 10194 CPU cluster # mismatch: Power Profile # 2 actual # 4
02-24 19:03:04.242   568   619 W CpuPowerCalculator: UID 10194 CPU freq # mismatch: Power Profile # 2 actual # 8
02-24 19:03:04.242   568   619 W CpuPowerCalculator: UID 10193 CPU cluster # mismatch: Power Profile # 2 actual # 4
02-24 19:03:04.243   568   619 W CpuPowerCalculator: UID 10193 CPU freq # mismatch: Power Profile # 2 actual # 8
02-24 19:03:04.243   568   619 W CpuPowerCalculator: UID 10191 CPU cluster # mismatch: Power Profile # 2 actual # 4
02-24 19:03:04.245   568   619 W CpuPowerCalculator: UID 10191 CPU freq # mismatch: Power Profile # 2 actual # 8
02-24 19:03:04.246   568   619 W CpuPowerCalculator: UID 10191 CPU freq # mismatch: Power Profile # 2 actual # 8
02-24 19:03:04.246   568   619 W CpuPowerCalculator: UID 10191 CPU freq # mismatch: Power Profile # 2 actual # 8
02-24 19:03:04.246   568   619 W CpuPowerCalculator: UID 10191 CPU freq # mismatch: Power Profile # 2 actual # 8
02-24 19:03:04.246   568   619 W CpuPowerCalculator: UID 10188 CPU cluster # mismatch: Power Profile # 2 actual # 4
02-24 19:03:04.247   568   619 W CpuPowerCalculator: UID 10188 CPU freq # mismatch: Power Profile # 2 actual # 8
02-24 19:03:04.248   568   619 W CpuPowerCalculator: UID 10188 CPU freq # mismatch: Power Profile # 2 actual # 8
02-24 19:03:04.248   568   619 W CpuPowerCalculator: UID 10187 CPU cluster # mismatch: Power Profile # 2 actual # 4
02-24 19:03:04.248   568   619 W CpuPowerCalculator: UID 10187 CPU freq # mismatch: Power Profile # 2 actual # 8
02-24 19:03:04.251   568   619 W CpuPowerCalculator: UID 10187 CPU freq # mismatch: Power Profile # 2 actual # 8
02-24 19:03:04.254   568   619 W CpuPowerCalculator: UID 10187 CPU freq # mismatch: Power Profile # 2 actual # 8
02-24 19:03:04.254   568   619 W CpuPowerCalculator: UID 10186 CPU cluster # mismatch: Power Profile # 2 actual # 4
02-24 19:03:04.255   568   619 W CpuPowerCalculator: UID 10186 CPU freq # mismatch: Power Profile # 2 actual # 8
02-24 19:03:04.255   568   619 W CpuPowerCalculator: UID 10186 CPU freq # mismatch: Power Profile # 2 actual # 8
02-24 19:03:04.255   568   619 W CpuPowerCalculator: UID 10186 CPU freq # mismatch: Power Profile # 2 actual # 8
02-24 19:03:04.255   568   619 W CpuPowerCalculator: UID 10184 CPU cluster # mismatch: Power Profile # 2 actual # 4
02-24 19:03:04.255   568   619 W CpuPowerCalculator: UID 10184 CPU freq # mismatch: Power Profile # 2 actual # 8
02-24 19:03:04.257   568   619 W CpuPowerCalculator: UID 10184 CPU freq # mismatch: Power Profile # 2 actual # 8
02-24 19:03:04.257   568   619 W CpuPowerCalculator: UID 10184 CPU freq # mismatch: Power Profile # 2 actual # 8
02-24 19:03:04.257   568   619 W CpuPowerCalculator: UID 10179 CPU cluster # mismatch: Power Profile # 2 actual # 4
02-24 19:03:04.257   568   619 W CpuPowerCalculator: UID 10179 CPU freq # mismatch: Power Profile # 2 actual # 8
02-24 19:03:04.257   568   619 W CpuPowerCalculator: UID 10179 CPU freq # mismatch: Power Profile # 2 actual # 8
02-24 19:03:04.258   568   619 W CpuPowerCalculator: UID 10179 CPU freq # mismatch: Power Profile # 2 actual # 8
02-24 19:03:04.258   568   619 W CpuPowerCalculator: UID 10179 CPU freq # mismatch: Power Profile # 2 actual # 8
02-24 19:03:04.258   568   619 W CpuPowerCalculator: UID 10178 CPU cluster # mismatch: Power Profile # 2 actual # 4
02-24 19:03:04.258   568   619 W CpuPowerCalculator: UID 10178 CPU freq # mismatch: Power Profile # 2 actual # 8
02-24 19:03:04.258   568   619 W CpuPowerCalculator: UID 10178 CPU freq # mismatch: Power Profile # 2 actual # 8
02-24 19:03:04.259   568   619 W CpuPowerCalculator: UID 10178 CPU freq # mismatch: Power Profile # 2 actual # 8
02-24 19:03:04.259   568   619 W CpuPowerCalculator: UID 10178 CPU freq # mismatch: Power Profile # 2 actual # 8
02-24 19:03:04.260   568   619 W CpuPowerCalculator: UID 10170 CPU cluster # mismatch: Power Profile # 2 actual # 4
02-24 19:03:04.261   568   619 W CpuPowerCalculator: UID 10170 CPU freq # mismatch: Power Profile # 2 actual # 8
02-24 19:03:04.263   568   619 W CpuPowerCalculator: UID 10170 CPU freq # mismatch: Power Profile # 2 actual # 8
02-24 19:03:04.263   568   619 W CpuPowerCalculator: UID 10170 CPU freq # mismatch: Power Profile # 2 actual # 8
02-24 19:03:04.266   568   619 W CpuPowerCalculator: UID 10166 CPU cluster # mismatch: Power Profile # 2 actual # 4
02-24 19:03:04.266   568   619 W CpuPowerCalculator: UID 10166 CPU freq # mismatch: Power Profile # 2 actual # 8
02-24 19:03:04.266   568   619 W CpuPowerCalculator: UID 10166 CPU freq # mismatch: Power Profile # 2 actual # 8
02-24 19:03:04.266   568   619 W CpuPowerCalculator: UID 10166 CPU freq # mismatch: Power Profile # 2 actual # 8
02-24 19:03:04.266   568   619 W CpuPowerCalculator: UID 10164 CPU cluster # mismatch: Power Profile # 2 actual # 4
02-24 19:03:04.266   568   619 W CpuPowerCalculator: UID 10164 CPU freq # mismatch: Power Profile # 2 actual # 8
02-24 19:03:04.266   568   619 W CpuPowerCalculator: UID 10164 CPU freq # mismatch: Power Profile # 2 actual # 8
02-24 19:03:04.266   568   619 W CpuPowerCalculator: UID 10164 CPU freq # mismatch: Power Profile # 2 actual # 8
02-24 19:03:04.270   568   619 W CpuPowerCalculator: UID 10163 CPU cluster # mismatch: Power Profile # 2 actual # 4
02-24 19:03:04.272 18568 18568 I droid.deskclock: Using CollectorTypeCC GC.
02-24 19:03:04.280   568   619 W CpuPowerCalculator: UID 10163 CPU freq # mismatch: Power Profile # 2 actual # 8
02-24 19:03:04.286   568   619 W CpuPowerCalculator: UID 10163 CPU freq # mismatch: Power Profile # 2 actual # 8
02-24 19:03:04.286   568   619 W CpuPowerCalculator: UID 10161 CPU cluster # mismatch: Power Profile # 2 actual # 4
02-24 19:03:04.286   568   619 W CpuPowerCalculator: UID 10161 CPU freq # mismatch: Power Profile # 2 actual # 8
02-24 19:03:04.287   568   619 W CpuPowerCalculator: UID 10161 CPU freq # mismatch: Power Profile # 2 actual # 8
02-24 19:03:04.287   568   619 W CpuPowerCalculator: UID 10161 CPU freq # mismatch: Power Profile # 2 actual # 8
02-24 19:03:04.287   568   619 W CpuPowerCalculator: UID 10161 CPU freq # mismatch: Power Profile # 2 actual # 8
02-24 19:03:04.287   568   619 W CpuPowerCalculator: UID 10154 CPU cluster # mismatch: Power Profile # 2 actual # 4
02-24 19:03:04.287   568   619 W CpuPowerCalculator: UID 10154 CPU freq # mismatch: Power Profile # 2 actual # 8
02-24 19:03:04.287   568   619 W CpuPowerCalculator: UID 10154 CPU freq # mismatch: Power Profile # 2 actual # 8
02-24 19:03:04.287   568   619 W CpuPowerCalculator: UID 10154 CPU freq # mismatch: Power Profile # 2 actual # 8
02-24 19:03:04.288   568   619 W CpuPowerCalculator: UID 10154 CPU freq # mismatch: Power Profile # 2 actual # 8
02-24 19:03:04.289   568   619 W CpuPowerCalculator: UID 10153 CPU cluster # mismatch: Power Profile # 2 actual # 4
02-24 19:03:04.289   568   619 W CpuPowerCalculator: UID 10153 CPU freq # mismatch: Power Profile # 2 actual # 8
02-24 19:03:04.289   568   619 W CpuPowerCalculator: UID 10153 CPU freq # mismatch: Power Profile # 2 actual # 8
02-24 19:03:04.290   568   619 W CpuPowerCalculator: UID 10153 CPU freq # mismatch: Power Profile # 2 actual # 8
02-24 19:03:04.290   568   619 W CpuPowerCalculator: UID 10152 CPU cluster # mismatch: Power Profile # 2 actual # 4
02-24 19:03:04.290   568   619 W CpuPowerCalculator: UID 10152 CPU freq # mismatch: Power Profile # 2 actual # 8
02-24 19:03:04.290   568   619 W CpuPowerCalculator: UID 10152 CPU freq # mismatch: Power Profile # 2 actual # 8
02-24 19:03:04.290   568   619 W CpuPowerCalculator: UID 10152 CPU freq # mismatch: Power Profile # 2 actual # 8
02-24 19:03:04.290   568   619 W CpuPowerCalculator: UID 10150 CPU cluster # mismatch: Power Profile # 2 actual # 4
02-24 19:03:04.290   568   619 W CpuPowerCalculator: UID 10150 CPU freq # mismatch: Power Profile # 2 actual # 8
02-24 19:03:04.290   568   619 W CpuPowerCalculator: UID 10150 CPU freq # mismatch: Power Profile # 2 actual # 8
02-24 19:03:04.290   568   619 W CpuPowerCalculator: UID 10150 CPU freq # mismatch: Power Profile # 2 actual # 8
02-24 19:03:04.291   568   619 W CpuPowerCalculator: UID 10150 CPU freq # mismatch: Power Profile # 2 actual # 8
02-24 19:03:04.291   568   619 W CpuPowerCalculator: UID 10148 CPU cluster # mismatch: Power Profile # 2 actual # 4
02-24 19:03:04.291   568   619 W CpuPowerCalculator: UID 10148 CPU freq # mismatch: Power Profile # 2 actual # 8
02-24 19:03:04.291   568   619 W CpuPowerCalculator: UID 10148 CPU freq # mismatch: Power Profile # 2 actual # 8
02-24 19:03:04.291   568   619 W CpuPowerCalculator: UID 10148 CPU freq # mismatch: Power Profile # 2 actual # 8
02-24 19:03:04.291   568   619 W CpuPowerCalculator: UID 10147 CPU cluster # mismatch: Power Profile # 2 actual # 4
02-24 19:03:04.291   568   619 W CpuPowerCalculator: UID 10147 CPU freq # mismatch: Power Profile # 2 actual # 8
02-24 19:03:04.291   568   619 W CpuPowerCalculator: UID 10147 CPU freq # mismatch: Power Profile # 2 actual # 8
02-24 19:03:04.292   568   619 W CpuPowerCalculator: UID 10147 CPU freq # mismatch: Power Profile # 2 actual # 8
02-24 19:03:04.294   568   619 W CpuPowerCalculator: UID 10146 CPU cluster # mismatch: Power Profile # 2 actual # 4
02-24 19:03:04.294   568   619 W CpuPowerCalculator: UID 10146 CPU freq # mismatch: Power Profile # 2 actual # 8
02-24 19:03:04.294   568   619 W CpuPowerCalculator: UID 10146 CPU freq # mismatch: Power Profile # 2 actual # 8
02-24 19:03:04.298   568   619 W CpuPowerCalculator: UID 10146 CPU freq # mismatch: Power Profile # 2 actual # 8
02-24 19:03:04.298   568   619 W CpuPowerCalculator: UID 10146 CPU freq # mismatch: Power Profile # 2 actual # 8
02-24 19:03:04.299   568   619 W CpuPowerCalculator: UID 10142 CPU cluster # mismatch: Power Profile # 2 actual # 4
02-24 19:03:04.300   568   619 W CpuPowerCalculator: UID 10142 CPU freq # mismatch: Power Profile # 2 actual # 8
02-24 19:03:04.300   568   619 W CpuPowerCalculator: UID 10142 CPU freq # mismatch: Power Profile # 2 actual # 8
02-24 19:03:04.308   568   619 W CpuPowerCalculator: UID 10142 CPU freq # mismatch: Power Profile # 2 actual # 8
02-24 19:03:04.308   568   619 W CpuPowerCalculator: UID 10137 CPU cluster # mismatch: Power Profile # 2 actual # 4
02-24 19:03:04.308   568   619 W CpuPowerCalculator: UID 10137 CPU freq # mismatch: Power Profile # 2 actual # 8
02-24 19:03:04.309   568   619 W CpuPowerCalculator: UID 10137 CPU freq # mismatch: Power Profile # 2 actual # 8
02-24 19:03:04.310   568   619 W CpuPowerCalculator: UID 10137 CPU freq # mismatch: Power Profile # 2 actual # 8
02-24 19:03:04.310   568   619 W CpuPowerCalculator: UID 10137 CPU freq # mismatch: Power Profile # 2 actual # 8
02-24 19:03:04.311   568   619 W CpuPowerCalculator: UID 10136 CPU cluster # mismatch: Power Profile # 2 actual # 4
02-24 19:03:04.311   568   619 W CpuPowerCalculator: UID 10136 CPU freq # mismatch: Power Profile # 2 actual # 8
02-24 19:03:04.312   568   619 W CpuPowerCalculator: UID 10136 CPU freq # mismatch: Power Profile # 2 actual # 8
02-24 19:03:04.312   568   619 W CpuPowerCalculator: UID 10136 CPU freq # mismatch: Power Profile # 2 actual # 8
02-24 19:03:04.312   568   619 W CpuPowerCalculator: UID 10136 CPU freq # mismatch: Power Profile # 2 actual # 8
02-24 19:03:04.312   568   619 W CpuPowerCalculator: UID 10135 CPU cluster # mismatch: Power Profile # 2 actual # 4
02-24 19:03:04.312   568   619 W CpuPowerCalculator: UID 10135 CPU freq # mismatch: Power Profile # 2 actual # 8
02-24 19:03:04.312   568   619 W CpuPowerCalculator: UID 10135 CPU freq # mismatch: Power Profile # 2 actual # 8
02-24 19:03:04.312   568   619 W CpuPowerCalculator: UID 10135 CPU freq # mismatch: Power Profile # 2 actual # 8
02-24 19:03:04.313 18568 18568 W droid.deskclock: Unexpected CPU variant for x86: x86_64.
02-24 19:03:04.313 18568 18568 W droid.deskclock: Known variants: atom, sandybridge, silvermont, goldmont, goldmont-plus, tremont, kabylake, default
02-24 19:03:04.314   568   619 W CpuPowerCalculator: UID 10133 CPU cluster # mismatch: Power Profile # 2 actual # 4
02-24 19:03:04.314   568   619 W CpuPowerCalculator: UID 10133 CPU freq # mismatch: Power Profile # 2 actual # 8
02-24 19:03:04.314   568   619 W CpuPowerCalculator: UID 10133 CPU freq # mismatch: Power Profile # 2 actual # 8
02-24 19:03:04.317   568   619 W CpuPowerCalculator: UID 10133 CPU freq # mismatch: Power Profile # 2 actual # 8
02-24 19:03:04.317   568   619 W CpuPowerCalculator: UID 10131 CPU cluster # mismatch: Power Profile # 2 actual # 4
02-24 19:03:04.317   568   619 W CpuPowerCalculator: UID 10131 CPU freq # mismatch: Power Profile # 2 actual # 8
02-24 19:03:04.318   568   619 W CpuPowerCalculator: UID 10131 CPU freq # mismatch: Power Profile # 2 actual # 8
02-24 19:03:04.319   568   619 W CpuPowerCalculator: UID 10131 CPU freq # mismatch: Power Profile # 2 actual # 8
02-24 19:03:04.319   568   619 W CpuPowerCalculator: UID 10131 CPU freq # mismatch: Power Profile # 2 actual # 8
02-24 19:03:04.319   568   619 W CpuPowerCalculator: UID 10130 CPU cluster # mismatch: Power Profile # 2 actual # 4
02-24 19:03:04.321   568   619 W CpuPowerCalculator: UID 10130 CPU freq # mismatch: Power Profile # 2 actual # 8
02-24 19:03:04.322   568   619 W CpuPowerCalculator: UID 10130 CPU freq # mismatch: Power Profile # 2 actual # 8
02-24 19:03:04.323   568   619 W CpuPowerCalculator: UID 10130 CPU freq # mismatch: Power Profile # 2 actual # 8
02-24 19:03:04.323   568   619 W CpuPowerCalculator: UID 10129 CPU cluster # mismatch: Power Profile # 2 actual # 4
02-24 19:03:04.323   568   619 W CpuPowerCalculator: UID 10129 CPU freq # mismatch: Power Profile # 2 actual # 8
02-24 19:03:04.323   568   619 W CpuPowerCalculator: UID 10129 CPU freq # mismatch: Power Profile # 2 actual # 8
02-24 19:03:04.323   568   619 W CpuPowerCalculator: UID 10129 CPU freq # mismatch: Power Profile # 2 actual # 8
02-24 19:03:04.324   568   619 W CpuPowerCalculator: UID 10128 CPU cluster # mismatch: Power Profile # 2 actual # 4
02-24 19:03:04.324   568   619 W CpuPowerCalculator: UID 10128 CPU freq # mismatch: Power Profile # 2 actual # 8
02-24 19:03:04.324   568   619 W CpuPowerCalculator: UID 10128 CPU freq # mismatch: Power Profile # 2 actual # 8
02-24 19:03:04.324   568   619 W CpuPowerCalculator: UID 10128 CPU freq # mismatch: Power Profile # 2 actual # 8
02-24 19:03:04.324   568   619 W CpuPowerCalculator: UID 10127 CPU cluster # mismatch: Power Profile # 2 actual # 4
02-24 19:03:04.324   568   619 W CpuPowerCalculator: UID 10127 CPU freq # mismatch: Power Profile # 2 actual # 8
02-24 19:03:04.324   568   619 W CpuPowerCalculator: UID 10127 CPU freq # mismatch: Power Profile # 2 actual # 8
02-24 19:03:04.325   568   619 W CpuPowerCalculator: UID 10127 CPU freq # mismatch: Power Profile # 2 actual # 8
02-24 19:03:04.325   568   619 W CpuPowerCalculator: UID 10127 CPU freq # mismatch: Power Profile # 2 actual # 8
02-24 19:03:04.325   568   619 W CpuPowerCalculator: UID 10126 CPU cluster # mismatch: Power Profile # 2 actual # 4
02-24 19:03:04.325   568   619 W CpuPowerCalculator: UID 10126 CPU freq # mismatch: Power Profile # 2 actual # 8
02-24 19:03:04.325   568   619 W CpuPowerCalculator: UID 10126 CPU freq # mismatch: Power Profile # 2 actual # 8
02-24 19:03:04.325   568   619 W CpuPowerCalculator: UID 10126 CPU freq # mismatch: Power Profile # 2 actual # 8
02-24 19:03:04.325   568   619 W CpuPowerCalculator: UID 10126 CPU freq # mismatch: Power Profile # 2 actual # 8
02-24 19:03:04.326   568   619 W CpuPowerCalculator: UID 10126 CPU freq # mismatch: Power Profile # 2 actual # 8
02-24 19:03:04.326   568   619 W CpuPowerCalculator: UID 10125 CPU cluster # mismatch: Power Profile # 2 actual # 4
02-24 19:03:04.326   568   619 W CpuPowerCalculator: UID 10125 CPU freq # mismatch: Power Profile # 2 actual # 8
02-24 19:03:04.333   568   619 W CpuPowerCalculator: UID 10125 CPU freq # mismatch: Power Profile # 2 actual # 8
02-24 19:03:04.333   568   619 W CpuPowerCalculator: UID 10125 CPU freq # mismatch: Power Profile # 2 actual # 8
02-24 19:03:04.333   568   619 W CpuPowerCalculator: UID 10125 CPU freq # mismatch: Power Profile # 2 actual # 8
02-24 19:03:04.333   568   619 W CpuPowerCalculator: UID 10123 CPU cluster # mismatch: Power Profile # 2 actual # 4
02-24 19:03:04.333   568   619 W CpuPowerCalculator: UID 10123 CPU freq # mismatch: Power Profile # 2 actual # 8
02-24 19:03:04.334   568   619 W CpuPowerCalculator: UID 10123 CPU freq # mismatch: Power Profile # 2 actual # 8
02-24 19:03:04.334   568   619 W CpuPowerCalculator: UID 10123 CPU freq # mismatch: Power Profile # 2 actual # 8
02-24 19:03:04.334   568   619 W CpuPowerCalculator: UID 10121 CPU cluster # mismatch: Power Profile # 2 actual # 4
02-24 19:03:04.334   568   619 W CpuPowerCalculator: UID 10121 CPU freq # mismatch: Power Profile # 2 actual # 8
02-24 19:03:04.334   568   619 W CpuPowerCalculator: UID 10121 CPU freq # mismatch: Power Profile # 2 actual # 8
02-24 19:03:04.334   568   619 W CpuPowerCalculator: UID 10121 CPU freq # mismatch: Power Profile # 2 actual # 8
02-24 19:03:04.334   568   619 W CpuPowerCalculator: UID 10120 CPU cluster # mismatch: Power Profile # 2 actual # 4
02-24 19:03:04.334   568   619 W CpuPowerCalculator: UID 10120 CPU freq # mismatch: Power Profile # 2 actual # 8
02-24 19:03:04.334   568   619 W CpuPowerCalculator: UID 10120 CPU freq # mismatch: Power Profile # 2 actual # 8
02-24 19:03:04.335   568   619 W CpuPowerCalculator: UID 10120 CPU freq # mismatch: Power Profile # 2 actual # 8
02-24 19:03:04.335   568   619 W CpuPowerCalculator: UID 10119 CPU cluster # mismatch: Power Profile # 2 actual # 4
02-24 19:03:04.335   568   619 W CpuPowerCalculator: UID 10119 CPU freq # mismatch: Power Profile # 2 actual # 8
02-24 19:03:04.335   568   619 W CpuPowerCalculator: UID 10119 CPU freq # mismatch: Power Profile # 2 actual # 8
02-24 19:03:04.337   568   619 W CpuPowerCalculator: UID 10119 CPU freq # mismatch: Power Profile # 2 actual # 8
02-24 19:03:04.337   568   619 W CpuPowerCalculator: UID 10117 CPU cluster # mismatch: Power Profile # 2 actual # 4
02-24 19:03:04.337   568   619 W CpuPowerCalculator: UID 10117 CPU freq # mismatch: Power Profile # 2 actual # 8
02-24 19:03:04.338   568   619 W CpuPowerCalculator: UID 10117 CPU freq # mismatch: Power Profile # 2 actual # 8
02-24 19:03:04.338   568   619 W CpuPowerCalculator: UID 10117 CPU freq # mismatch: Power Profile # 2 actual # 8
02-24 19:03:04.338   568   619 W CpuPowerCalculator: UID 10116 CPU cluster # mismatch: Power Profile # 2 actual # 4
02-24 19:03:04.338   568   619 W CpuPowerCalculator: UID 10116 CPU freq # mismatch: Power Profile # 2 actual # 8
02-24 19:03:04.338   568   619 W CpuPowerCalculator: UID 10116 CPU freq # mismatch: Power Profile # 2 actual # 8
02-24 19:03:04.338   568   619 W CpuPowerCalculator: UID 10116 CPU freq # mismatch: Power Profile # 2 actual # 8
02-24 19:03:04.340   568   619 W CpuPowerCalculator: UID 10110 CPU cluster # mismatch: Power Profile # 2 actual # 4
02-24 19:03:04.341   568   619 W CpuPowerCalculator: UID 10110 CPU freq # mismatch: Power Profile # 2 actual # 8
02-24 19:03:04.341   568   619 W CpuPowerCalculator: UID 10110 CPU freq # mismatch: Power Profile # 2 actual # 8
02-24 19:03:04.341   568   619 W CpuPowerCalculator: UID 10110 CPU freq # mismatch: Power Profile # 2 actual # 8
02-24 19:03:04.342   568   619 W CpuPowerCalculator: UID 10107 CPU cluster # mismatch: Power Profile # 2 actual # 4
02-24 19:03:04.342   568   619 W CpuPowerCalculator: UID 10107 CPU freq # mismatch: Power Profile # 2 actual # 8
02-24 19:03:04.342   568   619 W CpuPowerCalculator: UID 10107 CPU freq # mismatch: Power Profile # 2 actual # 8
02-24 19:03:04.342   568   619 W CpuPowerCalculator: UID 10107 CPU freq # mismatch: Power Profile # 2 actual # 8
02-24 19:03:04.342   568   619 W CpuPowerCalculator: UID 10107 CPU freq # mismatch: Power Profile # 2 actual # 8
02-24 19:03:04.343   568   619 W CpuPowerCalculator: UID 10106 CPU cluster # mismatch: Power Profile # 2 actual # 4
02-24 19:03:04.343   568   619 W CpuPowerCalculator: UID 10106 CPU freq # mismatch: Power Profile # 2 actual # 8
02-24 19:03:04.343   568   619 W CpuPowerCalculator: UID 10106 CPU freq # mismatch: Power Profile # 2 actual # 8
02-24 19:03:04.345   568   619 W CpuPowerCalculator: UID 10106 CPU freq # mismatch: Power Profile # 2 actual # 8
02-24 19:03:04.345   568   619 W CpuPowerCalculator: UID 10105 CPU cluster # mismatch: Power Profile # 2 actual # 4
02-24 19:03:04.345   568   619 W CpuPowerCalculator: UID 10105 CPU freq # mismatch: Power Profile # 2 actual # 8
02-24 19:03:04.345   568   619 W CpuPowerCalculator: UID 10105 CPU freq # mismatch: Power Profile # 2 actual # 8
02-24 19:03:04.345   568   619 W CpuPowerCalculator: UID 10105 CPU freq # mismatch: Power Profile # 2 actual # 8
02-24 19:03:04.346   568   619 W CpuPowerCalculator: UID 10096 CPU cluster # mismatch: Power Profile # 2 actual # 4
02-24 19:03:04.346   568   619 W CpuPowerCalculator: UID 10096 CPU freq # mismatch: Power Profile # 2 actual # 8
02-24 19:03:04.346   568   619 W CpuPowerCalculator: UID 10096 CPU freq # mismatch: Power Profile # 2 actual # 8
02-24 19:03:04.346   568   619 W CpuPowerCalculator: UID 10096 CPU freq # mismatch: Power Profile # 2 actual # 8
02-24 19:03:04.347   568   619 W CpuPowerCalculator: UID 10093 CPU cluster # mismatch: Power Profile # 2 actual # 4
02-24 19:03:04.349   568   619 W CpuPowerCalculator: UID 10093 CPU freq # mismatch: Power Profile # 2 actual # 8
02-24 19:03:04.349   568   619 W CpuPowerCalculator: UID 10093 CPU freq # mismatch: Power Profile # 2 actual # 8
02-24 19:03:04.349   568   619 W CpuPowerCalculator: UID 10093 CPU freq # mismatch: Power Profile # 2 actual # 8
02-24 19:03:04.349   568   619 W CpuPowerCalculator: UID 10086 CPU cluster # mismatch: Power Profile # 2 actual # 4
02-24 19:03:04.350   568   619 W CpuPowerCalculator: UID 10086 CPU freq # mismatch: Power Profile # 2 actual # 8
02-24 19:03:04.350   568   619 W CpuPowerCalculator: UID 10086 CPU freq # mismatch: Power Profile # 2 actual # 8
02-24 19:03:04.352   568   619 W CpuPowerCalculator: UID 10086 CPU freq # mismatch: Power Profile # 2 actual # 8
02-24 19:03:04.353   568   619 W CpuPowerCalculator: UID 10085 CPU cluster # mismatch: Power Profile # 2 actual # 4
02-24 19:03:04.353   568   619 W CpuPowerCalculator: UID 10085 CPU freq # mismatch: Power Profile # 2 actual # 8
02-24 19:03:04.353   568   619 W CpuPowerCalculator: UID 10085 CPU freq # mismatch: Power Profile # 2 actual # 8
02-24 19:03:04.354   568   619 W CpuPowerCalculator: UID 10085 CPU freq # mismatch: Power Profile # 2 actual # 8
02-24 19:03:04.354   568   619 W CpuPowerCalculator: UID 10085 CPU freq # mismatch: Power Profile # 2 actual # 8
02-24 19:03:04.354   568   619 W CpuPowerCalculator: UID 10084 CPU cluster # mismatch: Power Profile # 2 actual # 4
02-24 19:03:04.354   568   619 W CpuPowerCalculator: UID 10084 CPU freq # mismatch: Power Profile # 2 actual # 8
02-24 19:03:04.354   568   619 W CpuPowerCalculator: UID 10084 CPU freq # mismatch: Power Profile # 2 actual # 8
02-24 19:03:04.355   568   619 W CpuPowerCalculator: UID 10084 CPU freq # mismatch: Power Profile # 2 actual # 8
02-24 19:03:04.355   568   619 W CpuPowerCalculator: UID 10084 CPU freq # mismatch: Power Profile # 2 actual # 8
02-24 19:03:04.356   568   619 W CpuPowerCalculator: UID 10082 CPU cluster # mismatch: Power Profile # 2 actual # 4
02-24 19:03:04.356   568   619 W CpuPowerCalculator: UID 10082 CPU freq # mismatch: Power Profile # 2 actual # 8
02-24 19:03:04.356   568   619 W CpuPowerCalculator: UID 10082 CPU freq # mismatch: Power Profile # 2 actual # 8
02-24 19:03:04.357   568   619 W CpuPowerCalculator: UID 10082 CPU freq # mismatch: Power Profile # 2 actual # 8
02-24 19:03:04.358   568   619 W CpuPowerCalculator: UID 10081 CPU cluster # mismatch: Power Profile # 2 actual # 4
02-24 19:03:04.358   568   619 W CpuPowerCalculator: UID 10081 CPU freq # mismatch: Power Profile # 2 actual # 8
