02-24 18:31:00.900     0     0 I servicemanager: Could not find android.hardware.graphics.allocator.IAllocator/default in the VINTF manifest.
02-24 19:03:56.663  2894 18718 I NetworkScheduler.Stats: Task com.google.android.gms/com.google.android.gms.ipa.base.IpaGcmTaskService started execution. cause:9 exec_start_elapsed_seconds: 6404 [CONTEXT service_id=218 ]
02-24 19:03:56.671  2894 18488 I NetworkScheduler.Stats: Task com.google.android.gms/com.google.android.gms.ipa.base.IpaGcmTaskService finished executing. cause:9 result: 1 elapsed_millis: 24 uptime_millis: 24 exec_start_elapsed_seconds: 6404 [CONTEXT service_id=218 ]
02-24 19:03:57.645   568   587 I ActivityManager: Broadcasting: Intent { act=android.intent.action.MEDIA_SCANNER_SCAN_FILE dat=file:///... flg=0x400000 }
02-24 19:03:57.645   568   587 I ActivityManager: Enqueued broadcast Intent { act=android.intent.action.MEDIA_SCANNER_SCAN_FILE dat=file:///... flg=0x400000 }: 0
02-24 19:03:57.656   568   599 I ActivityManager: Broadcast completed: result=0
02-24 19:03:57.658  1569  2115 I MediaProvider: Begin Intent { act=android.intent.action.MEDIA_SCANNER_SCAN_FILE dat=file:///... flg=0x1400010 cmp=com.google.android.providers.media.module/com.android.providers.media.MediaService }
02-24 19:03:57.672  1569  2115 I MediaProvider: End Intent { act=android.intent.action.MEDIA_SCANNER_SCAN_FILE dat=file:///... flg=0x1400010 cmp=com.google.android.providers.media.module/com.android.providers.media.MediaService }
02-24 19:03:57.744  2894 18718 I NetworkScheduler.Stats: Task com.google.android.gms/com.google.android.gms.ipa.base.IpaGcmTaskService started execution. cause:9 exec_start_elapsed_seconds: 6405 [CONTEXT service_id=218 ]
02-24 19:03:57.754  2894  3068 I NetworkScheduler.Stats: Task com.google.android.gms/com.google.android.gms.ipa.base.IpaGcmTaskService finished executing. cause:9 result: 1 elapsed_millis: 45 uptime_millis: 45 exec_start_elapsed_seconds: 6405 [CONTEXT service_id=218 ]
02-24 19:03:57.805  1569  2765 I MediaProvider: Deleted 0 1 0 0 0 0 0 items on external_primary due to com.android.shell
02-24 19:03:57.853  2894 18718 I NetworkScheduler.Stats: Task com.google.android.gms/com.google.android.gms.ipa.base.IpaGcmTaskService started execution. cause:9 exec_start_elapsed_seconds: 6406 [CONTEXT service_id=218 ]
02-24 19:03:57.862  2894 17420 I NetworkScheduler.Stats: Task com.google.android.gms/com.google.android.gms.ipa.base.IpaGcmTaskService finished executing. cause:9 result: 1 elapsed_millis: 16 uptime_millis: 16 exec_start_elapsed_seconds: 6406 [CONTEXT service_id=218 ]
02-24 19:03:58.417 20116 20116 W BpBinder: Linking to death on android.gui.ISurfaceComposer but there are no threads (yet?) listening to incoming transactions. See ProcessState::startThreadPool and ProcessState::setThreadPoolMaxThreadCount. Generally you should setup the binder threadpool before other initialization steps.
02-24 19:03:58.422  1569  1746 W MediaProvider: isAppCloneUserPair for user 0: false
02-24 19:03:58.424 20116 20116 W ProcessState: Extra binder thread started, but 0 threads requested. Do not use *startThreadPool when zero threads are requested.
02-24 18:31:02.814     0     0 I servicemanager: Could not find android.hardware.graphics.allocator.IAllocator/default in the VINTF manifest.
02-24 19:03:58.542   158   158 I hwservicemanager: getTransport: Cannot find entry android.hardware.graphics.mapper@4.0::IMapper/default in either framework or device VINTF manifest.
02-24 19:03:58.543 20116 20118 I Gralloc4: mapper 4.x is not supported
02-24 19:03:58.626  2894 18718 I NetworkScheduler.Stats: Task com.google.android.gms/com.google.android.gms.ipa.base.IpaGcmTaskService started execution. cause:9 exec_start_elapsed_seconds: 6406 [CONTEXT service_id=218 ]
02-24 19:03:58.635  2894 18488 I NetworkScheduler.Stats: Task com.google.android.gms/com.google.android.gms.ipa.base.IpaGcmTaskService finished executing. cause:9 result: 1 elapsed_millis: 54 uptime_millis: 54 exec_start_elapsed_seconds: 6406 [CONTEXT service_id=218 ]
02-24 19:03:59.442   568  1456 I ActivityManager: Broadcasting: Intent { act=android.intent.action.MEDIA_SCANNER_SCAN_FILE dat=file:///... flg=0x400000 }
02-24 19:03:59.443   568  1456 I ActivityManager: Enqueued broadcast Intent { act=android.intent.action.MEDIA_SCANNER_SCAN_FILE dat=file:///... flg=0x400000 }: 0
02-24 19:03:59.450   568   599 I ActivityManager: Broadcast completed: result=0
02-24 19:03:59.453  1569  2115 I MediaProvider: Begin Intent { act=android.intent.action.MEDIA_SCANNER_SCAN_FILE dat=file:///... flg=0x1400010 cmp=com.google.android.providers.media.module/com.android.providers.media.MediaService }
02-24 19:03:59.456  1569  2115 W ExifInterface: Invalid image: ExifInterface got an unsupported image format file(ExifInterface supports JPEG and some RAW image formats only) or a corrupted JPEG file to ExifInterface.
02-24 19:03:59.456  1569  2115 W ExifInterface: java.io.EOFException
02-24 19:03:59.456  1569  2115 W ExifInterface: 	at android.media.ExifInterface$ByteOrderedDataInputStream.readShort(ExifInterface.java:5044)
02-24 19:03:59.456  1569  2115 W ExifInterface: 	at android.media.ExifInterface.readByteOrder(ExifInterface.java:3995)
02-24 19:03:59.456  1569  2115 W ExifInterface: 	at android.media.ExifInterface.parseTiffHeaders(ExifInterface.java:4015)
02-24 19:03:59.456  1569  2115 W ExifInterface: 	at android.media.ExifInterface.getRawAttributes(ExifInterface.java:2974)
02-24 19:03:59.456  1569  2115 W ExifInterface: 	at android.media.ExifInterface.loadAttributes(ExifInterface.java:2023)
02-24 19:03:59.456  1569  2115 W ExifInterface: 	at android.media.ExifInterface.<init>(ExifInterface.java:1640)
02-24 19:03:59.456  1569  2115 W ExifInterface: 	at android.media.ExifInterface.<init>(ExifInterface.java:1591)
02-24 19:03:59.456  1569  2115 W ExifInterface: 	at com.android.providers.media.scan.ModernMediaScanner.scanItemImage(ModernMediaScanner.java:1357)
02-24 19:03:59.456  1569  2115 W ExifInterface: 	at com.android.providers.media.scan.ModernMediaScanner.scanItem(ModernMediaScanner.java:1019)
02-24 19:03:59.456  1569  2115 W ExifInterface: 	at com.android.providers.media.scan.ModernMediaScanner.-$$Nest$smscanItem(ModernMediaScanner.java:0)
02-24 19:03:59.456  1569  2115 W ExifInterface: 	at com.android.providers.media.scan.ModernMediaScanner$Scan.visitFile(ModernMediaScanner.java:820)
02-24 19:03:59.456  1569  2115 W ExifInterface: 	at com.android.providers.media.scan.ModernMediaScanner$Scan.visitFile(ModernMediaScanner.java:319)
02-24 19:03:59.456  1569  2115 W ExifInterface: 	at java.nio.file.Files.walkFileTree(Files.java:2670)
02-24 19:03:59.456  1569  2115 W ExifInterface: 	at java.nio.file.Files.walkFileTree(Files.java:2742)
02-24 19:03:59.456  1569  2115 W ExifInterface: 	at com.android.providers.media.scan.ModernMediaScanner$Scan.walkFileTree(ModernMediaScanner.java:435)
02-24 19:03:59.456  1569  2115 W ExifInterface: 	at com.android.providers.media.scan.ModernMediaScanner$Scan.runInternal(ModernMediaScanner.java:398)
02-24 19:03:59.456  1569  2115 W ExifInterface: 	at com.android.providers.media.scan.ModernMediaScanner$Scan.run(ModernMediaScanner.java:387)
02-24 19:03:59.456  1569  2115 W ExifInterface: 	at com.android.providers.media.scan.ModernMediaScanner.scanFile(ModernMediaScanner.java:261)
02-24 19:03:59.456  1569  2115 W ExifInterface: 	at com.android.providers.media.MediaProvider.scanFile(MediaProvider.java:1943)
02-24 19:03:59.456  1569  2115 W ExifInterface: 	at com.android.providers.media.MediaService.onScanFile(MediaService.java:225)
02-24 19:03:59.456  1569  2115 W ExifInterface: 	at com.android.providers.media.MediaService.onHandleWork(MediaService.java:85)
02-24 19:03:59.456  1569  2115 W ExifInterface: 	at androidx.core.app.JobIntentService$CommandProcessor.doInBackground(JobIntentService.java:396)
02-24 19:03:59.456  1569  2115 W ExifInterface: 	at androidx.core.app.JobIntentService$CommandProcessor.doInBackground(JobIntentService.java:387)
02-24 19:03:59.456  1569  2115 W ExifInterface: 	at android.os.AsyncTask$3.call(AsyncTask.java:394)
02-24 19:03:59.456  1569  2115 W ExifInterface: 	at java.util.concurrent.FutureTask.run(FutureTask.java:264)
02-24 19:03:59.456  1569  2115 W ExifInterface: 	at java.util.concurrent.ThreadPoolExecutor.runWorker(ThreadPoolExecutor.java:1145)
02-24 19:03:59.456  1569  2115 W ExifInterface: 	at java.util.concurrent.ThreadPoolExecutor$Worker.run(ThreadPoolExecutor.java:644)
02-24 19:03:59.456  1569  2115 W ExifInterface: 	at java.lang.Thread.run(Thread.java:1012)
02-24 19:03:59.461  1569  2115 I MediaProvider: End Intent { act=android.intent.action.MEDIA_SCANNER_SCAN_FILE dat=file:///... flg=0x1400010 cmp=com.google.android.providers.media.module/com.android.providers.media.MediaService }
02-24 19:03:59.544  2894 17420 I NetworkScheduler.Stats: Task com.google.android.gms/com.google.android.gms.ipa.base.IpaGcmTaskService started execution. cause:9 exec_start_elapsed_seconds: 6407 [CONTEXT service_id=218 ]
02-24 19:03:59.597  2894 18718 I NetworkScheduler.Stats: Task com.google.android.gms/com.google.android.gms.ipa.base.IpaGcmTaskService finished executing. cause:9 result: 1 elapsed_millis: 95 uptime_millis: 95 exec_start_elapsed_seconds: 6407 [CONTEXT service_id=218 ]
02-24 19:03:59.686  1569  2765 I MediaProvider: Deleted 0 1 0 0 0 0 0 items on external_primary due to com.android.shell
02-24 19:03:59.798  2894 18488 I NetworkScheduler.Stats: Task com.google.android.gms/com.google.android.gms.ipa.base.IpaGcmTaskService started execution. cause:9 exec_start_elapsed_seconds: 6408 [CONTEXT service_id=218 ]
02-24 19:03:59.806  2894  3068 I NetworkScheduler.Stats: Task com.google.android.gms/com.google.android.gms.ipa.base.IpaGcmTaskService finished executing. cause:9 result: 1 elapsed_millis: 37 uptime_millis: 37 exec_start_elapsed_seconds: 6408 [CONTEXT service_id=218 ]
02-24 19:04:00.070  1552  1678 I AiAiEcho: Predicting[0]: 
02-24 19:04:00.072  1552  1678 I AiAiEcho: EchoTargets: 
02-24 19:04:00.072  1552  1678 I AiAiEcho: Filtered by AiAi flag check: 
02-24 19:04:00.072  1552  1678 I AiAiEcho: Ranked targets strategy: SORT, count: 0, ranking metadata: 
02-24 19:04:00.093  1552  1678 I AiAiEcho: #postPredictionTargets: Sending updates to UISurface lockscreen with targets# 0 (types=[])
02-24 19:04:00.141   799   799 W PageIndicator: Total number of pages invalid: 0. Assuming 1 page.
02-24 19:04:00.367 20157 20157 W BpBinder: Linking to death on android.gui.ISurfaceComposer but there are no threads (yet?) listening to incoming transactions. See ProcessState::startThreadPool and ProcessState::setThreadPoolMaxThreadCount. Generally you should setup the binder threadpool before other initialization steps.
02-24 19:04:00.370  1569  1746 W MediaProvider: isAppCloneUserPair for user 0: false
02-24 19:04:00.373 20157 20157 W ProcessState: Extra binder thread started, but 0 threads requested. Do not use *startThreadPool when zero threads are requested.
02-24 19:04:00.392   158   158 I hwservicemanager: getTransport: Cannot find entry android.hardware.graphics.mapper@4.0::IMapper/default in either framework or device VINTF manifest.
02-24 19:04:00.393 20157 20159 I Gralloc4: mapper 4.x is not supported
02-24 18:31:04.664     0     0 I servicemanager: Could not find android.hardware.graphics.allocator.IAllocator/default in the VINTF manifest.
02-24 19:04:00.444  2894 18718 I NetworkScheduler.Stats: Task com.google.android.gms/com.google.android.gms.ipa.base.IpaGcmTaskService started execution. cause:9 exec_start_elapsed_seconds: 6408 [CONTEXT service_id=218 ]
02-24 19:04:00.461  2894 18718 I NetworkScheduler.Stats: Task com.google.android.gms/com.google.android.gms.ipa.base.IpaGcmTaskService finished executing. cause:9 result: 1 elapsed_millis: 38 uptime_millis: 38 exec_start_elapsed_seconds: 6408 [CONTEXT service_id=218 ]
02-24 19:04:01.278   568  1768 I ActivityManager: Broadcasting: Intent { act=android.intent.action.MEDIA_SCANNER_SCAN_FILE dat=file:///... flg=0x400000 }
02-24 19:04:01.278   568  1768 I ActivityManager: Enqueued broadcast Intent { act=android.intent.action.MEDIA_SCANNER_SCAN_FILE dat=file:///... flg=0x400000 }: 0
02-24 19:04:01.286   568   599 I ActivityManager: Broadcast completed: result=0
02-24 19:04:01.289  1569  2115 I MediaProvider: Begin Intent { act=android.intent.action.MEDIA_SCANNER_SCAN_FILE dat=file:///... flg=0x1400010 cmp=com.google.android.providers.media.module/com.android.providers.media.MediaService }
02-24 19:04:01.306  1569  2115 I MediaProvider: End Intent { act=android.intent.action.MEDIA_SCANNER_SCAN_FILE dat=file:///... flg=0x1400010 cmp=com.google.android.providers.media.module/com.android.providers.media.MediaService }
02-24 19:04:01.361  2894 17420 I NetworkScheduler.Stats: Task com.google.android.gms/com.google.android.gms.ipa.base.IpaGcmTaskService started execution. cause:9 exec_start_elapsed_seconds: 6409 [CONTEXT service_id=218 ]
02-24 19:04:01.367  2894  3068 I NetworkScheduler.Stats: Task com.google.android.gms/com.google.android.gms.ipa.base.IpaGcmTaskService finished executing. cause:9 result: 1 elapsed_millis: 35 uptime_millis: 35 exec_start_elapsed_seconds: 6409 [CONTEXT service_id=218 ]
02-24 19:04:01.406  1569  2765 I MediaProvider: Deleted 0 1 0 0 0 0 0 items on external_primary due to com.android.shell
02-24 19:04:01.417  2894 17420 I NetworkScheduler.Stats: Task com.google.android.gms/com.google.android.gms.checkin.EventLogService started execution. cause:5 exec_start_elapsed_seconds: 6409 [CONTEXT service_id=218 ]
02-24 19:04:01.428  1719 17206 I Checkin : [EventLogChimeraService] Opted in for usage reporting: false
02-24 19:04:01.428  1719 17206 I Checkin : [EventLogChimeraService] Aggregate from 1740420175337 (log), 1740420175337 (data)
02-24 18:31:05.709     0     0 I logd    : logdr: UID=10126 GID=10126 PID=1719 n tail=0 logMask=4 pid=0 start=0ns deadline=0ns
02-24 19:04:01.455  2894  3068 I NetworkScheduler.Stats: Task com.google.android.gms/com.google.android.gms.ipa.base.IpaGcmTaskService started execution. cause:9 exec_start_elapsed_seconds: 6409 [CONTEXT service_id=218 ]
02-24 19:04:01.459  2894 17420 I NetworkScheduler.Stats: Task com.google.android.gms/com.google.android.gms.ipa.base.IpaGcmTaskService finished executing. cause:9 result: 1 elapsed_millis: 22 uptime_millis: 22 exec_start_elapsed_seconds: 6409 [CONTEXT service_id=218 ]
02-24 19:04:01.471   568  2476 I DropBoxManagerService: add tag=event_data isTagEnabled=true flags=0x2
02-24 19:04:01.497  2894  3068 I NetworkScheduler.Stats: Task com.google.android.gms/com.google.android.gms.checkin.EventLogService finished executing. cause:5 result: 1 elapsed_millis: 95 uptime_millis: 95 exec_start_elapsed_seconds: 6409 [CONTEXT service_id=218 ]
02-24 19:04:01.916 20199 20199 W BpBinder: Linking to death on android.gui.ISurfaceComposer but there are no threads (yet?) listening to incoming transactions. See ProcessState::startThreadPool and ProcessState::setThreadPoolMaxThreadCount. Generally you should setup the binder threadpool before other initialization steps.
02-24 19:04:01.919  1569  1746 W MediaProvider: isAppCloneUserPair for user 0: false
02-24 19:04:01.921 20199 20199 W ProcessState: Extra binder thread started, but 0 threads requested. Do not use *startThreadPool when zero threads are requested.
02-24 19:04:01.938   158   158 I hwservicemanager: getTransport: Cannot find entry android.hardware.graphics.mapper@4.0::IMapper/default in either framework or device VINTF manifest.
02-24 19:04:01.939 20199 20201 I Gralloc4: mapper 4.x is not supported
02-24 18:31:06.211     0     0 I servicemanager: Could not find android.hardware.graphics.allocator.IAllocator/default in the VINTF manifest.
02-24 19:04:01.971  2894 17420 I NetworkScheduler.Stats: Task com.google.android.gms/com.google.android.gms.ipa.base.IpaGcmTaskService started execution. cause:9 exec_start_elapsed_seconds: 6410 [CONTEXT service_id=218 ]
02-24 19:04:01.977  2894 18488 I NetworkScheduler.Stats: Task com.google.android.gms/com.google.android.gms.ipa.base.IpaGcmTaskService finished executing. cause:9 result: 1 elapsed_millis: 21 uptime_millis: 21 exec_start_elapsed_seconds: 6410 [CONTEXT service_id=218 ]
02-24 19:04:02.247  1719 20203 I GmscoreIpa: Starting mediastore instant index [CONTEXT service_id=255 ]
02-24 19:04:02.784   568  2476 I ActivityManager: Broadcasting: Intent { act=android.intent.action.MEDIA_SCANNER_SCAN_FILE dat=file:///... flg=0x400000 }
02-24 19:04:02.784   568  2476 I ActivityManager: Enqueued broadcast Intent { act=android.intent.action.MEDIA_SCANNER_SCAN_FILE dat=file:///... flg=0x400000 }: 0
02-24 19:04:02.791   568   599 I ActivityManager: Broadcast completed: result=0
02-24 19:04:02.794  1569  2115 I MediaProvider: Begin Intent { act=android.intent.action.MEDIA_SCANNER_SCAN_FILE dat=file:///... flg=0x1400010 cmp=com.google.android.providers.media.module/com.android.providers.media.MediaService }
02-24 19:04:02.809  1569  2115 I MediaProvider: End Intent { act=android.intent.action.MEDIA_SCANNER_SCAN_FILE dat=file:///... flg=0x1400010 cmp=com.google.android.providers.media.module/com.android.providers.media.MediaService }
02-24 19:04:02.893  2894 17420 I NetworkScheduler.Stats: Task com.google.android.gms/com.google.android.gms.ipa.base.IpaGcmTaskService started execution. cause:9 exec_start_elapsed_seconds: 6411 [CONTEXT service_id=218 ]
02-24 19:04:02.912  2894 18718 I NetworkScheduler.Stats: Task com.google.android.gms/com.google.android.gms.ipa.base.IpaGcmTaskService finished executing. cause:9 result: 1 elapsed_millis: 38 uptime_millis: 38 exec_start_elapsed_seconds: 6411 [CONTEXT service_id=218 ]
02-24 19:04:02.956  1569  2765 I MediaProvider: Deleted 0 1 0 0 0 0 0 items on external_primary due to com.android.shell
02-24 19:04:03.015   568  2476 W ProcessStats: Tracking association SourceState{faefd27 com.google.android.gms.persistent/10126 ImpBg #14723} whose proc state 6 is better than process ProcessState{1d85232 com.google.android.gms/10126 pkg=com.google.android.gms} proc state 8 (72 skipped)
02-24 19:04:03.021  2894 17420 I NetworkScheduler.Stats: Task com.google.android.gms/com.google.android.gms.ipa.base.IpaGcmTaskService started execution. cause:9 exec_start_elapsed_seconds: 6411 [CONTEXT service_id=218 ]
02-24 19:04:03.029  2894 17420 I NetworkScheduler.Stats: Task com.google.android.gms/com.google.android.gms.ipa.base.IpaGcmTaskService finished executing. cause:9 result: 1 elapsed_millis: 20 uptime_millis: 20 exec_start_elapsed_seconds: 6411 [CONTEXT service_id=218 ]
02-24 19:04:03.081   568  1768 W BatteryExternalStatsWorker: error reading Bluetooth stats: 11
02-24 19:04:03.581 20242 20242 W BpBinder: Linking to death on android.gui.ISurfaceComposer but there are no threads (yet?) listening to incoming transactions. See ProcessState::startThreadPool and ProcessState::setThreadPoolMaxThreadCount. Generally you should setup the binder threadpool before other initialization steps.
02-24 19:04:03.585  1569  6747 W MediaProvider: isAppCloneUserPair for user 0: false
02-24 19:04:03.587 20242 20242 W ProcessState: Extra binder thread started, but 0 threads requested. Do not use *startThreadPool when zero threads are requested.
02-24 19:04:03.608   158   158 I hwservicemanager: getTransport: Cannot find entry android.hardware.graphics.mapper@4.0::IMapper/default in either framework or device VINTF manifest.
02-24 19:04:03.608 20242 20244 I Gralloc4: mapper 4.x is not supported
02-24 18:31:07.883     0     0 I servicemanager: Could not find android.hardware.graphics.allocator.IAllocator/default in the VINTF manifest.
02-24 19:04:03.659  2894  3068 I NetworkScheduler.Stats: Task com.google.android.gms/com.google.android.gms.ipa.base.IpaGcmTaskService started execution. cause:9 exec_start_elapsed_seconds: 6411 [CONTEXT service_id=218 ]
02-24 19:04:03.680  2894 18488 I NetworkScheduler.Stats: Task com.google.android.gms/com.google.android.gms.ipa.base.IpaGcmTaskService finished executing. cause:9 result: 1 elapsed_millis: 45 uptime_millis: 45 exec_start_elapsed_seconds: 6411 [CONTEXT service_id=218 ]
02-24 19:04:04.615   568  1768 I ActivityManager: Broadcasting: Intent { act=android.intent.action.MEDIA_SCANNER_SCAN_FILE dat=file:///... flg=0x400000 }
02-24 19:04:04.616   568  1768 I ActivityManager: Enqueued broadcast Intent { act=android.intent.action.MEDIA_SCANNER_SCAN_FILE dat=file:///... flg=0x400000 }: 0
02-24 19:04:04.627   568   599 I ActivityManager: Broadcast completed: result=0
02-24 19:04:04.634  1569  2115 I MediaProvider: Begin Intent { act=android.intent.action.MEDIA_SCANNER_SCAN_FILE dat=file:///... flg=0x1400010 cmp=com.google.android.providers.media.module/com.android.providers.media.MediaService }
02-24 19:04:04.651  1569  2115 I MediaProvider: End Intent { act=android.intent.action.MEDIA_SCANNER_SCAN_FILE dat=file:///... flg=0x1400010 cmp=com.google.android.providers.media.module/com.android.providers.media.MediaService }
02-24 19:04:04.717  2894 18488 I NetworkScheduler.Stats: Task com.google.android.gms/com.google.android.gms.ipa.base.IpaGcmTaskService started execution. cause:9 exec_start_elapsed_seconds: 6412 [CONTEXT service_id=218 ]
02-24 19:04:04.726  2894 17420 I NetworkScheduler.Stats: Task com.google.android.gms/com.google.android.gms.ipa.base.IpaGcmTaskService finished executing. cause:9 result: 1 elapsed_millis: 23 uptime_millis: 23 exec_start_elapsed_seconds: 6412 [CONTEXT service_id=218 ]
02-24 19:04:04.750  1569  2765 I MediaProvider: Deleted 0 1 0 0 0 0 0 items on external_primary due to com.android.shell
02-24 19:04:04.802  2894 18488 I NetworkScheduler.Stats: Task com.google.android.gms/com.google.android.gms.ipa.base.IpaGcmTaskService started execution. cause:9 exec_start_elapsed_seconds: 6413 [CONTEXT service_id=218 ]
02-24 19:04:04.812  2894 18718 I NetworkScheduler.Stats: Task com.google.android.gms/com.google.android.gms.ipa.base.IpaGcmTaskService finished executing. cause:9 result: 1 elapsed_millis: 20 uptime_millis: 21 exec_start_elapsed_seconds: 6413 [CONTEXT service_id=218 ]
02-24 19:04:05.535 20283 20283 W BpBinder: Linking to death on android.gui.ISurfaceComposer but there are no threads (yet?) listening to incoming transactions. See ProcessState::startThreadPool and ProcessState::setThreadPoolMaxThreadCount. Generally you should setup the binder threadpool before other initialization steps.
02-24 19:04:05.539  1569  6747 W MediaProvider: isAppCloneUserPair for user 0: false
02-24 19:04:05.541 20283 20283 W ProcessState: Extra binder thread started, but 0 threads requested. Do not use *startThreadPool when zero threads are requested.
02-24 19:04:05.554   158   158 I hwservicemanager: getTransport: Cannot find entry android.hardware.graphics.mapper@4.0::IMapper/default in either framework or device VINTF manifest.
02-24 19:04:05.554 20283 20285 I Gralloc4: mapper 4.x is not supported
02-24 18:31:09.829     0     0 I servicemanager: Could not find android.hardware.graphics.allocator.IAllocator/default in the VINTF manifest.
02-24 19:04:05.587  2894 18488 I NetworkScheduler.Stats: Task com.google.android.gms/com.google.android.gms.ipa.base.IpaGcmTaskService started execution. cause:9 exec_start_elapsed_seconds: 6413 [CONTEXT service_id=218 ]
02-24 19:04:05.594  2894 17420 I NetworkScheduler.Stats: Task com.google.android.gms/com.google.android.gms.ipa.base.IpaGcmTaskService finished executing. cause:9 result: 1 elapsed_millis: 19 uptime_millis: 19 exec_start_elapsed_seconds: 6413 [CONTEXT service_id=218 ]
02-24 19:04:06.379   568  2410 I ActivityManager: Broadcasting: Intent { act=android.intent.action.MEDIA_SCANNER_SCAN_FILE dat=file:///... flg=0x400000 }
02-24 19:04:06.380   568  2410 I ActivityManager: Enqueued broadcast Intent { act=android.intent.action.MEDIA_SCANNER_SCAN_FILE dat=file:///... flg=0x400000 }: 0
02-24 19:04:06.393   568   599 I ActivityManager: Broadcast completed: result=0
02-24 19:04:06.397  1569  2115 I MediaProvider: Begin Intent { act=android.intent.action.MEDIA_SCANNER_SCAN_FILE dat=file:///... flg=0x1400010 cmp=com.google.android.providers.media.module/com.android.providers.media.MediaService }
02-24 19:04:06.409  1569  2115 I MediaProvider: End Intent { act=android.intent.action.MEDIA_SCANNER_SCAN_FILE dat=file:///... flg=0x1400010 cmp=com.google.android.providers.media.module/com.android.providers.media.MediaService }
02-24 19:04:06.458  2894 18718 I NetworkScheduler.Stats: Task com.google.android.gms/com.google.android.gms.ipa.base.IpaGcmTaskService started execution. cause:9 exec_start_elapsed_seconds: 6414 [CONTEXT service_id=218 ]
02-24 19:04:06.474  2894  3068 I NetworkScheduler.Stats: Task com.google.android.gms/com.google.android.gms.ipa.base.IpaGcmTaskService finished executing. cause:9 result: 1 elapsed_millis: 27 uptime_millis: 30 exec_start_elapsed_seconds: 6414 [CONTEXT service_id=218 ]
02-24 19:04:06.527  1569  2765 I MediaProvider: Deleted 0 1 0 0 0 0 0 items on external_primary due to com.android.shell
02-24 19:04:06.591  2894 17420 I NetworkScheduler.Stats: Task com.google.android.gms/com.google.android.gms.ipa.base.IpaGcmTaskService started execution. cause:9 exec_start_elapsed_seconds: 6414 [CONTEXT service_id=218 ]
02-24 19:04:06.600  2894 18488 I NetworkScheduler.Stats: Task com.google.android.gms/com.google.android.gms.ipa.base.IpaGcmTaskService finished executing. cause:9 result: 1 elapsed_millis: 20 uptime_millis: 20 exec_start_elapsed_seconds: 6414 [CONTEXT service_id=218 ]
02-24 19:04:07.419 20324 20324 W BpBinder: Linking to death on android.gui.ISurfaceComposer but there are no threads (yet?) listening to incoming transactions. See ProcessState::startThreadPool and ProcessState::setThreadPoolMaxThreadCount. Generally you should setup the binder threadpool before other initialization steps.
02-24 19:04:07.423  1569  6747 W MediaProvider: isAppCloneUserPair for user 0: false
02-24 19:04:07.427 20324 20324 W ProcessState: Extra binder thread started, but 0 threads requested. Do not use *startThreadPool when zero threads are requested.
02-24 19:04:07.458   158   158 I hwservicemanager: getTransport: Cannot find entry android.hardware.graphics.mapper@4.0::IMapper/default in either framework or device VINTF manifest.
02-24 19:04:07.459 20324 20326 I Gralloc4: mapper 4.x is not supported
02-24 18:31:11.733     0     0 I servicemanager: Could not find android.hardware.graphics.allocator.IAllocator/default in the VINTF manifest.
02-24 19:04:07.546  2894 17420 I NetworkScheduler.Stats: Task com.google.android.gms/com.google.android.gms.ipa.base.IpaGcmTaskService started execution. cause:9 exec_start_elapsed_seconds: 6415 [CONTEXT service_id=218 ]
02-24 19:04:07.553  2894 18718 I NetworkScheduler.Stats: Task com.google.android.gms/com.google.android.gms.ipa.base.IpaGcmTaskService finished executing. cause:9 result: 1 elapsed_millis: 45 uptime_millis: 45 exec_start_elapsed_seconds: 6415 [CONTEXT service_id=218 ]
02-24 19:04:08.358   568  2476 I ActivityManager: Broadcasting: Intent { act=android.intent.action.MEDIA_SCANNER_SCAN_FILE dat=file:///... flg=0x400000 }
02-24 19:04:08.359   568  2476 I ActivityManager: Enqueued broadcast Intent { act=android.intent.action.MEDIA_SCANNER_SCAN_FILE dat=file:///... flg=0x400000 }: 0
02-24 19:04:08.368   568   599 I ActivityManager: Broadcast completed: result=0
02-24 19:04:08.372  1569  2115 I MediaProvider: Begin Intent { act=android.intent.action.MEDIA_SCANNER_SCAN_FILE dat=file:///... flg=0x1400010 cmp=com.google.android.providers.media.module/com.android.providers.media.MediaService }
02-24 19:04:08.390  1569  2115 I MediaProvider: End Intent { act=android.intent.action.MEDIA_SCANNER_SCAN_FILE dat=file:///... flg=0x1400010 cmp=com.google.android.providers.media.module/com.android.providers.media.MediaService }
02-24 19:04:08.503  2894 18488 I NetworkScheduler.Stats: Task com.google.android.gms/com.google.android.gms.ipa.base.IpaGcmTaskService started execution. cause:9 exec_start_elapsed_seconds: 6416 [CONTEXT service_id=218 ]
02-24 19:04:08.514  2894  3068 I NetworkScheduler.Stats: Task com.google.android.gms/com.google.android.gms.ipa.base.IpaGcmTaskService finished executing. cause:9 result: 1 elapsed_millis: 44 uptime_millis: 44 exec_start_elapsed_seconds: 6416 [CONTEXT service_id=218 ]
02-24 19:04:08.547  1569  2765 I MediaProvider: Deleted 0 1 0 0 0 0 0 items on external_primary due to com.android.shell
02-24 19:04:08.626  2894 18718 I NetworkScheduler.Stats: Task com.google.android.gms/com.google.android.gms.ipa.base.IpaGcmTaskService started execution. cause:9 exec_start_elapsed_seconds: 6416 [CONTEXT service_id=218 ]
02-24 19:04:08.635  2894 17420 I NetworkScheduler.Stats: Task com.google.android.gms/com.google.android.gms.ipa.base.IpaGcmTaskService finished executing. cause:9 result: 1 elapsed_millis: 18 uptime_millis: 18 exec_start_elapsed_seconds: 6416 [CONTEXT service_id=218 ]
02-24 19:04:09.211 20363 20363 W BpBinder: Linking to death on android.gui.ISurfaceComposer but there are no threads (yet?) listening to incoming transactions. See ProcessState::startThreadPool and ProcessState::setThreadPoolMaxThreadCount. Generally you should setup the binder threadpool before other initialization steps.
02-24 19:04:09.214  1569  6747 W MediaProvider: isAppCloneUserPair for user 0: false
02-24 19:04:09.216 20363 20363 W ProcessState: Extra binder thread started, but 0 threads requested. Do not use *startThreadPool when zero threads are requested.
02-24 19:04:09.234   158   158 I hwservicemanager: getTransport: Cannot find entry android.hardware.graphics.mapper@4.0::IMapper/default in either framework or device VINTF manifest.
02-24 19:04:09.234 20363 20365 I Gralloc4: mapper 4.x is not supported
02-24 18:31:13.509     0     0 I servicemanager: Could not find android.hardware.graphics.allocator.IAllocator/default in the VINTF manifest.
02-24 19:04:09.264  2894 18718 I NetworkScheduler.Stats: Task com.google.android.gms/com.google.android.gms.ipa.base.IpaGcmTaskService started execution. cause:9 exec_start_elapsed_seconds: 6417 [CONTEXT service_id=218 ]
02-24 19:04:09.269  2894 18488 I NetworkScheduler.Stats: Task com.google.android.gms/com.google.android.gms.ipa.base.IpaGcmTaskService finished executing. cause:9 result: 1 elapsed_millis: 21 uptime_millis: 21 exec_start_elapsed_seconds: 6417 [CONTEXT service_id=218 ]
02-24 19:04:10.015   568  1750 I ActivityManager: Broadcasting: Intent { act=android.intent.action.MEDIA_SCANNER_SCAN_FILE dat=file:///... flg=0x400000 }
02-24 19:04:10.015   568  1750 I ActivityManager: Enqueued broadcast Intent { act=android.intent.action.MEDIA_SCANNER_SCAN_FILE dat=file:///... flg=0x400000 }: 0
02-24 19:04:10.028   568   599 I ActivityManager: Broadcast completed: result=0
02-24 19:04:10.031  1569  2115 I MediaProvider: Begin Intent { act=android.intent.action.MEDIA_SCANNER_SCAN_FILE dat=file:///... flg=0x1400010 cmp=com.google.android.providers.media.module/com.android.providers.media.MediaService }
02-24 19:04:10.048  1569  2115 I MediaProvider: End Intent { act=android.intent.action.MEDIA_SCANNER_SCAN_FILE dat=file:///... flg=0x1400010 cmp=com.google.android.providers.media.module/com.android.providers.media.MediaService }
02-24 19:04:10.131  2894 17420 I NetworkScheduler.Stats: Task com.google.android.gms/com.google.android.gms.ipa.base.IpaGcmTaskService started execution. cause:9 exec_start_elapsed_seconds: 6418 [CONTEXT service_id=218 ]
02-24 19:04:10.145  2894  3068 I NetworkScheduler.Stats: Task com.google.android.gms/com.google.android.gms.ipa.base.IpaGcmTaskService finished executing. cause:9 result: 1 elapsed_millis: 45 uptime_millis: 45 exec_start_elapsed_seconds: 6418 [CONTEXT service_id=218 ]
02-24 19:04:10.230  1569  2765 I MediaProvider: Deleted 0 1 0 0 0 0 0 items on external_primary due to com.android.shell
02-24 19:04:10.325  2894  3068 I NetworkScheduler.Stats: Task com.google.android.gms/com.google.android.gms.ipa.base.IpaGcmTaskService started execution. cause:9 exec_start_elapsed_seconds: 6418 [CONTEXT service_id=218 ]
02-24 19:04:10.335  2894 18718 I NetworkScheduler.Stats: Task com.google.android.gms/com.google.android.gms.ipa.base.IpaGcmTaskService finished executing. cause:9 result: 1 elapsed_millis: 28 uptime_millis: 28 exec_start_elapsed_seconds: 6418 [CONTEXT service_id=218 ]
02-24 19:04:10.922 20404 20404 W BpBinder: Linking to death on android.gui.ISurfaceComposer but there are no threads (yet?) listening to incoming transactions. See ProcessState::startThreadPool and ProcessState::setThreadPoolMaxThreadCount. Generally you should setup the binder threadpool before other initialization steps.
02-24 19:04:10.925  1569  6747 W MediaProvider: isAppCloneUserPair for user 0: false
02-24 19:04:10.927 20404 20404 W ProcessState: Extra binder thread started, but 0 threads requested. Do not use *startThreadPool when zero threads are requested.
02-24 19:04:10.945   158   158 I hwservicemanager: getTransport: Cannot find entry android.hardware.graphics.mapper@4.0::IMapper/default in either framework or device VINTF manifest.
02-24 19:04:10.946 20404 20406 I Gralloc4: mapper 4.x is not supported
02-24 18:31:15.220     0     0 I servicemanager: Could not find android.hardware.graphics.allocator.IAllocator/default in the VINTF manifest.
02-24 19:04:10.974  2894  3068 I NetworkScheduler.Stats: Task com.google.android.gms/com.google.android.gms.ipa.base.IpaGcmTaskService started execution. cause:9 exec_start_elapsed_seconds: 6419 [CONTEXT service_id=218 ]
02-24 19:04:10.980  2894 17420 I NetworkScheduler.Stats: Task com.google.android.gms/com.google.android.gms.ipa.base.IpaGcmTaskService finished executing. cause:9 result: 1 elapsed_millis: 18 uptime_millis: 18 exec_start_elapsed_seconds: 6419 [CONTEXT service_id=218 ]
02-24 19:04:11.790   568  1768 I ActivityManager: Broadcasting: Intent { act=android.intent.action.MEDIA_SCANNER_SCAN_FILE dat=file:///... flg=0x400000 }
02-24 19:04:11.791   568  1768 I ActivityManager: Enqueued broadcast Intent { act=android.intent.action.MEDIA_SCANNER_SCAN_FILE dat=file:///... flg=0x400000 }: 0
02-24 19:04:11.801   568   599 I ActivityManager: Broadcast completed: result=0
02-24 19:04:11.805  1569  2115 I MediaProvider: Begin Intent { act=android.intent.action.MEDIA_SCANNER_SCAN_FILE dat=file:///... flg=0x1400010 cmp=com.google.android.providers.media.module/com.android.providers.media.MediaService }
02-24 19:04:11.821  1569  2115 I MediaProvider: End Intent { act=android.intent.action.MEDIA_SCANNER_SCAN_FILE dat=file:///... flg=0x1400010 cmp=com.google.android.providers.media.module/com.android.providers.media.MediaService }
02-24 19:04:12.008  2894  3068 I NetworkScheduler.Stats: Task com.google.android.gms/com.google.android.gms.ipa.base.IpaGcmTaskService started execution. cause:9 exec_start_elapsed_seconds: 6420 [CONTEXT service_id=218 ]
02-24 19:04:12.022  2894 17420 I NetworkScheduler.Stats: Task com.google.android.gms/com.google.android.gms.ipa.base.IpaGcmTaskService finished executing. cause:9 result: 1 elapsed_millis: 48 uptime_millis: 48 exec_start_elapsed_seconds: 6420 [CONTEXT service_id=218 ]
02-24 19:04:12.034  1569  2765 I MediaProvider: Deleted 0 1 0 0 0 0 0 items on external_primary due to com.android.shell
02-24 19:04:12.825 20444 20444 W BpBinder: Linking to death on android.gui.ISurfaceComposer but there are no threads (yet?) listening to incoming transactions. See ProcessState::startThreadPool and ProcessState::setThreadPoolMaxThreadCount. Generally you should setup the binder threadpool before other initialization steps.
02-24 19:04:12.830  1569  6747 W MediaProvider: isAppCloneUserPair for user 0: false
02-24 19:04:12.835 20444 20444 W ProcessState: Extra binder thread started, but 0 threads requested. Do not use *startThreadPool when zero threads are requested.
02-24 19:04:12.865   158   158 I hwservicemanager: getTransport: Cannot find entry android.hardware.graphics.mapper@4.0::IMapper/default in either framework or device VINTF manifest.
02-24 19:04:12.865 20444 20446 I Gralloc4: mapper 4.x is not supported
02-24 18:31:17.139     0     0 I servicemanager: Could not find android.hardware.graphics.allocator.IAllocator/default in the VINTF manifest.
02-24 19:04:12.897  2894 18718 I NetworkScheduler.Stats: Task com.google.android.gms/com.google.android.gms.ipa.base.IpaGcmTaskService started execution. cause:9 exec_start_elapsed_seconds: 6421 [CONTEXT service_id=218 ]
02-24 19:04:12.904  2894 18488 I NetworkScheduler.Stats: Task com.google.android.gms/com.google.android.gms.ipa.base.IpaGcmTaskService finished executing. cause:9 result: 1 elapsed_millis: 21 uptime_millis: 21 exec_start_elapsed_seconds: 6421 [CONTEXT service_id=218 ]
02-24 19:04:13.552   568  1768 I ActivityManager: Broadcasting: Intent { act=android.intent.action.MEDIA_SCANNER_SCAN_FILE dat=file:///... flg=0x400000 }
02-24 19:04:13.553   568  1768 I ActivityManager: Enqueued broadcast Intent { act=android.intent.action.MEDIA_SCANNER_SCAN_FILE dat=file:///... flg=0x400000 }: 0
02-24 19:04:13.559   568   599 I ActivityManager: Broadcast completed: result=0
02-24 19:04:13.565  1569  2115 I MediaProvider: Begin Intent { act=android.intent.action.MEDIA_SCANNER_SCAN_FILE dat=file:///... flg=0x1400010 cmp=com.google.android.providers.media.module/com.android.providers.media.MediaService }
02-24 19:04:13.592  1569  2115 I MediaProvider: End Intent { act=android.intent.action.MEDIA_SCANNER_SCAN_FILE dat=file:///... flg=0x1400010 cmp=com.google.android.providers.media.module/com.android.providers.media.MediaService }
02-24 19:04:13.655   568  2092 W ProcessStats: Tracking association SourceState{faefd27 com.google.android.gms.persistent/10126 ImpBg #14851} whose proc state 6 is better than process ProcessState{1d85232 com.google.android.gms/10126 pkg=com.google.android.gms} proc state 14 (75 skipped)
02-24 19:04:13.671  2894 18718 I NetworkScheduler.Stats: Task com.google.android.gms/com.google.android.gms.ipa.base.IpaGcmTaskService started execution. cause:9 exec_start_elapsed_seconds: 6421 [CONTEXT service_id=218 ]
02-24 19:04:13.687  2894  3068 I NetworkScheduler.Stats: Task com.google.android.gms/com.google.android.gms.ipa.base.IpaGcmTaskService finished executing. cause:9 result: 1 elapsed_millis: 55 uptime_millis: 55 exec_start_elapsed_seconds: 6421 [CONTEXT service_id=218 ]
02-24 19:04:13.734  1569  2765 I MediaProvider: Deleted 0 1 0 0 0 0 0 items on external_primary due to com.android.shell
02-24 19:04:13.795  2894 18718 I NetworkScheduler.Stats: Task com.google.android.gms/com.google.android.gms.ipa.base.IpaGcmTaskService started execution. cause:9 exec_start_elapsed_seconds: 6422 [CONTEXT service_id=218 ]
02-24 19:04:13.805  2894 17420 I NetworkScheduler.Stats: Task com.google.android.gms/com.google.android.gms.ipa.base.IpaGcmTaskService finished executing. cause:9 result: 1 elapsed_millis: 20 uptime_millis: 20 exec_start_elapsed_seconds: 6422 [CONTEXT service_id=218 ]
02-24 19:04:14.417 20485 20485 W BpBinder: Linking to death on android.gui.ISurfaceComposer but there are no threads (yet?) listening to incoming transactions. See ProcessState::startThreadPool and ProcessState::setThreadPoolMaxThreadCount. Generally you should setup the binder threadpool before other initialization steps.
02-24 19:04:14.423  1569  6747 W MediaProvider: isAppCloneUserPair for user 0: false
02-24 19:04:14.426 20485 20485 W ProcessState: Extra binder thread started, but 0 threads requested. Do not use *startThreadPool when zero threads are requested.
02-24 19:04:14.442   158   158 I hwservicemanager: getTransport: Cannot find entry android.hardware.graphics.mapper@4.0::IMapper/default in either framework or device VINTF manifest.
02-24 19:04:14.442 20485 20487 I Gralloc4: mapper 4.x is not supported
02-24 18:31:18.718     0     0 I servicemanager: Could not find android.hardware.graphics.allocator.IAllocator/default in the VINTF manifest.
02-24 19:04:14.475  2894 18718 I NetworkScheduler.Stats: Task com.google.android.gms/com.google.android.gms.ipa.base.IpaGcmTaskService started execution. cause:9 exec_start_elapsed_seconds: 6422 [CONTEXT service_id=218 ]
02-24 19:04:14.484  2894 18488 I NetworkScheduler.Stats: Task com.google.android.gms/com.google.android.gms.ipa.base.IpaGcmTaskService finished executing. cause:9 result: 1 elapsed_millis: 20 uptime_millis: 20 exec_start_elapsed_seconds: 6422 [CONTEXT service_id=218 ]
02-24 19:04:15.351   568  1768 I ActivityManager: Broadcasting: Intent { act=android.intent.action.MEDIA_SCANNER_SCAN_FILE dat=file:///... flg=0x400000 }
02-24 19:04:15.354   568  1768 I ActivityManager: Enqueued broadcast Intent { act=android.intent.action.MEDIA_SCANNER_SCAN_FILE dat=file:///... flg=0x400000 }: 0
02-24 19:04:15.378   568   599 I ActivityManager: Broadcast completed: result=0
02-24 19:04:15.382  1569  2115 I MediaProvider: Begin Intent { act=android.intent.action.MEDIA_SCANNER_SCAN_FILE dat=file:///... flg=0x1400010 cmp=com.google.android.providers.media.module/com.android.providers.media.MediaService }
02-24 19:04:15.404  1569  1577 I FuseDaemon: Background young concurrent copying GC freed 2548(230KB) AllocSpace objects, 5(616KB) LOS objects, 0% free, 5874KB/5874KB, paused 5.638ms,57us total 16.175ms
02-24 19:04:15.416  1569  2115 I MediaProvider: End Intent { act=android.intent.action.MEDIA_SCANNER_SCAN_FILE dat=file:///... flg=0x1400010 cmp=com.google.android.providers.media.module/com.android.providers.media.MediaService }
02-24 19:04:15.475  2894 17420 I NetworkScheduler.Stats: Task com.google.android.gms/com.google.android.gms.ipa.base.IpaGcmTaskService started execution. cause:9 exec_start_elapsed_seconds: 6423 [CONTEXT service_id=218 ]
02-24 19:04:15.482  2894 18718 I NetworkScheduler.Stats: Task com.google.android.gms/com.google.android.gms.ipa.base.IpaGcmTaskService finished executing. cause:9 result: 1 elapsed_millis: 23 uptime_millis: 23 exec_start_elapsed_seconds: 6423 [CONTEXT service_id=218 ]
02-24 19:04:15.503  1569  2765 I MediaProvider: Deleted 0 1 0 0 0 0 0 items on external_primary due to com.android.shell
02-24 19:04:15.569  2894 17420 I NetworkScheduler.Stats: Task com.google.android.gms/com.google.android.gms.ipa.base.IpaGcmTaskService started execution. cause:9 exec_start_elapsed_seconds: 6423 [CONTEXT service_id=218 ]
02-24 19:04:15.580  2894  3068 I NetworkScheduler.Stats: Task com.google.android.gms/com.google.android.gms.ipa.base.IpaGcmTaskService finished executing. cause:9 result: 1 elapsed_millis: 24 uptime_millis: 24 exec_start_elapsed_seconds: 6423 [CONTEXT service_id=218 ]
02-24 19:04:16.230 20524 20524 W BpBinder: Linking to death on android.gui.ISurfaceComposer but there are no threads (yet?) listening to incoming transactions. See ProcessState::startThreadPool and ProcessState::setThreadPoolMaxThreadCount. Generally you should setup the binder threadpool before other initialization steps.
02-24 19:04:16.234  1569  6747 W MediaProvider: isAppCloneUserPair for user 0: false
02-24 19:04:16.236 20524 20524 W ProcessState: Extra binder thread started, but 0 threads requested. Do not use *startThreadPool when zero threads are requested.
02-24 19:04:16.255   158   158 I hwservicemanager: getTransport: Cannot find entry android.hardware.graphics.mapper@4.0::IMapper/default in either framework or device VINTF manifest.
02-24 19:04:16.255 20524 20526 I Gralloc4: mapper 4.x is not supported
02-24 18:31:20.530     0     0 I servicemanager: Could not find android.hardware.graphics.allocator.IAllocator/default in the VINTF manifest.
02-24 19:04:16.306  2894 17420 I NetworkScheduler.Stats: Task com.google.android.gms/com.google.android.gms.ipa.base.IpaGcmTaskService started execution. cause:9 exec_start_elapsed_seconds: 6424 [CONTEXT service_id=218 ]
02-24 19:04:16.312  2894 18488 I NetworkScheduler.Stats: Task com.google.android.gms/com.google.android.gms.ipa.base.IpaGcmTaskService finished executing. cause:9 result: 1 elapsed_millis: 40 uptime_millis: 40 exec_start_elapsed_seconds: 6424 [CONTEXT service_id=218 ]
02-24 19:04:17.162   568  1456 I ActivityManager: Broadcasting: Intent { act=android.intent.action.MEDIA_SCANNER_SCAN_FILE dat=file:///... flg=0x400000 }
02-24 19:04:17.163   568  1456 I ActivityManager: Enqueued broadcast Intent { act=android.intent.action.MEDIA_SCANNER_SCAN_FILE dat=file:///... flg=0x400000 }: 0
02-24 19:04:17.189   568   599 I ActivityManager: Broadcast completed: result=0
02-24 19:04:17.201  1569  2115 I MediaProvider: Begin Intent { act=android.intent.action.MEDIA_SCANNER_SCAN_FILE dat=file:///... flg=0x1400010 cmp=com.google.android.providers.media.module/com.android.providers.media.MediaService }
02-24 19:04:17.223  1569  2115 I MediaProvider: End Intent { act=android.intent.action.MEDIA_SCANNER_SCAN_FILE dat=file:///... flg=0x1400010 cmp=com.google.android.providers.media.module/com.android.providers.media.MediaService }
02-24 19:04:17.318  2894  3068 I NetworkScheduler.Stats: Task com.google.android.gms/com.google.android.gms.ipa.base.IpaGcmTaskService started execution. cause:9 exec_start_elapsed_seconds: 6425 [CONTEXT service_id=218 ]
02-24 19:04:17.335  2894 18718 I NetworkScheduler.Stats: Task com.google.android.gms/com.google.android.gms.ipa.base.IpaGcmTaskService finished executing. cause:9 result: 1 elapsed_millis: 41 uptime_millis: 41 exec_start_elapsed_seconds: 6425 [CONTEXT service_id=218 ]
02-24 19:04:17.380  1569  2765 I MediaProvider: Deleted 0 1 0 0 0 0 0 items on external_primary due to com.android.shell
02-24 19:04:17.455  2894  3068 I NetworkScheduler.Stats: Task com.google.android.gms/com.google.android.gms.ipa.base.IpaGcmTaskService started execution. cause:9 exec_start_elapsed_seconds: 6425 [CONTEXT service_id=218 ]
02-24 19:04:17.472  2894 18718 I NetworkScheduler.Stats: Task com.google.android.gms/com.google.android.gms.ipa.base.IpaGcmTaskService finished executing. cause:9 result: 1 elapsed_millis: 23 uptime_millis: 22 exec_start_elapsed_seconds: 6425 [CONTEXT service_id=218 ]
02-24 19:04:18.346 20565 20565 W BpBinder: Linking to death on android.gui.ISurfaceComposer but there are no threads (yet?) listening to incoming transactions. See ProcessState::startThreadPool and ProcessState::setThreadPoolMaxThreadCount. Generally you should setup the binder threadpool before other initialization steps.
02-24 19:04:18.350  1569  6747 W MediaProvider: isAppCloneUserPair for user 0: false
02-24 19:04:18.352 20565 20565 W ProcessState: Extra binder thread started, but 0 threads requested. Do not use *startThreadPool when zero threads are requested.
02-24 18:31:22.647     0     0 I servicemanager: Could not find android.hardware.graphics.allocator.IAllocator/default in the VINTF manifest.
02-24 19:04:18.374   158   158 I hwservicemanager: getTransport: Cannot find entry android.hardware.graphics.mapper@4.0::IMapper/default in either framework or device VINTF manifest.
02-24 19:04:18.374 20565 20567 I Gralloc4: mapper 4.x is not supported
02-24 19:04:18.481  2894 17420 I NetworkScheduler.Stats: Task com.google.android.gms/com.google.android.gms.ipa.base.IpaGcmTaskService started execution. cause:9 exec_start_elapsed_seconds: 6426 [CONTEXT service_id=218 ]
02-24 19:04:18.514  2894 18488 I NetworkScheduler.Stats: Task com.google.android.gms/com.google.android.gms.ipa.base.IpaGcmTaskService finished executing. cause:9 result: 1 elapsed_millis: 95 uptime_millis: 95 exec_start_elapsed_seconds: 6426 [CONTEXT service_id=218 ]
02-24 19:04:19.334   568  1750 I ActivityManager: Broadcasting: Intent { act=android.intent.action.MEDIA_SCANNER_SCAN_FILE dat=file:///... flg=0x400000 }
02-24 19:04:19.334   568  1750 I ActivityManager: Enqueued broadcast Intent { act=android.intent.action.MEDIA_SCANNER_SCAN_FILE dat=file:///... flg=0x400000 }: 0
02-24 19:04:19.341   568   599 I ActivityManager: Broadcast completed: result=0
02-24 19:04:19.345  1569  2115 I MediaProvider: Begin Intent { act=android.intent.action.MEDIA_SCANNER_SCAN_FILE dat=file:///... flg=0x1400010 cmp=com.google.android.providers.media.module/com.android.providers.media.MediaService }
02-24 19:04:19.369  1569  2115 I MediaProvider: End Intent { act=android.intent.action.MEDIA_SCANNER_SCAN_FILE dat=file:///... flg=0x1400010 cmp=com.google.android.providers.media.module/com.android.providers.media.MediaService }
02-24 19:04:19.443  2894 17420 I NetworkScheduler.Stats: Task com.google.android.gms/com.google.android.gms.ipa.base.IpaGcmTaskService started execution. cause:9 exec_start_elapsed_seconds: 6427 [CONTEXT service_id=218 ]
02-24 19:04:19.457  2894  3068 I NetworkScheduler.Stats: Task com.google.android.gms/com.google.android.gms.ipa.base.IpaGcmTaskService finished executing. cause:9 result: 1 elapsed_millis: 33 uptime_millis: 33 exec_start_elapsed_seconds: 6427 [CONTEXT service_id=218 ]
02-24 19:04:19.482  1569  2765 I MediaProvider: Deleted 0 1 0 0 0 0 0 items on external_primary due to com.android.shell
02-24 19:04:19.545  2894 17420 I NetworkScheduler.Stats: Task com.google.android.gms/com.google.android.gms.ipa.base.IpaGcmTaskService started execution. cause:9 exec_start_elapsed_seconds: 6427 [CONTEXT service_id=218 ]
02-24 19:04:19.556  2894 18718 I NetworkScheduler.Stats: Task com.google.android.gms/com.google.android.gms.ipa.base.IpaGcmTaskService finished executing. cause:9 result: 1 elapsed_millis: 20 uptime_millis: 20 exec_start_elapsed_seconds: 6427 [CONTEXT service_id=218 ]
