02-24 19:04:20.172 20606 20606 W BpBinder: Linking to death on android.gui.ISurfaceComposer but there are no threads (yet?) listening to incoming transactions. See ProcessState::startThreadPool and ProcessState::setThreadPoolMaxThreadCount. Generally you should setup the binder threadpool before other initialization steps.
02-24 19:04:20.175  1569  6747 W MediaProvider: isAppCloneUserPair for user 0: false
02-24 19:04:20.178 20606 20606 W ProcessState: Extra binder thread started, but 0 threads requested. Do not use *startThreadPool when zero threads are requested.
02-24 19:04:20.191   158   158 I hwservicemanager: getTransport: Cannot find entry android.hardware.graphics.mapper@4.0::IMapper/default in either framework or device VINTF manifest.
02-24 19:04:20.191 20606 20608 I Gralloc4: mapper 4.x is not supported
02-24 18:31:24.467     0     0 I servicemanager: Could not find android.hardware.graphics.allocator.IAllocator/default in the VINTF manifest.
02-24 19:04:20.218  2894 17420 I NetworkScheduler.Stats: Task com.google.android.gms/com.google.android.gms.ipa.base.IpaGcmTaskService started execution. cause:9 exec_start_elapsed_seconds: 6428 [CONTEXT service_id=218 ]
02-24 19:04:20.223  2894  3068 I NetworkScheduler.Stats: Task com.google.android.gms/com.google.android.gms.ipa.base.IpaGcmTaskService finished executing. cause:9 result: 1 elapsed_millis: 18 uptime_millis: 18 exec_start_elapsed_seconds: 6428 [CONTEXT service_id=218 ]
02-24 19:04:21.079   568  1750 I ActivityManager: Broadcasting: Intent { act=android.intent.action.MEDIA_SCANNER_SCAN_FILE dat=file:///... flg=0x400000 }
02-24 19:04:21.080   568  1750 I ActivityManager: Enqueued broadcast Intent { act=android.intent.action.MEDIA_SCANNER_SCAN_FILE dat=file:///... flg=0x400000 }: 0
02-24 19:04:21.087   568   599 I ActivityManager: Broadcast completed: result=0
02-24 19:04:21.090  1569  2115 I MediaProvider: Begin Intent { act=android.intent.action.MEDIA_SCANNER_SCAN_FILE dat=file:///... flg=0x1400010 cmp=com.google.android.providers.media.module/com.android.providers.media.MediaService }
02-24 19:04:21.103  1569  2115 I MediaProvider: End Intent { act=android.intent.action.MEDIA_SCANNER_SCAN_FILE dat=file:///... flg=0x1400010 cmp=com.google.android.providers.media.module/com.android.providers.media.MediaService }
02-24 19:04:21.189  2894 18718 I NetworkScheduler.Stats: Task com.google.android.gms/com.google.android.gms.ipa.base.IpaGcmTaskService started execution. cause:9 exec_start_elapsed_seconds: 6429 [CONTEXT service_id=218 ]
02-24 19:04:21.201  2894 18488 I NetworkScheduler.Stats: Task com.google.android.gms/com.google.android.gms.ipa.base.IpaGcmTaskService finished executing. cause:9 result: 1 elapsed_millis: 54 uptime_millis: 53 exec_start_elapsed_seconds: 6429 [CONTEXT service_id=218 ]
02-24 19:04:21.255  1569  2765 I MediaProvider: Deleted 0 1 0 0 0 0 0 items on external_primary due to com.android.shell
02-24 19:04:21.319  2894 18718 I NetworkScheduler.Stats: Task com.google.android.gms/com.google.android.gms.ipa.base.IpaGcmTaskService started execution. cause:9 exec_start_elapsed_seconds: 6429 [CONTEXT service_id=218 ]
02-24 19:04:21.323  2894 17420 I NetworkScheduler.Stats: Task com.google.android.gms/com.google.android.gms.ipa.base.IpaGcmTaskService finished executing. cause:9 result: 1 elapsed_millis: 25 uptime_millis: 25 exec_start_elapsed_seconds: 6429 [CONTEXT service_id=218 ]
02-24 19:04:22.070 20645 20645 W BpBinder: Linking to death on android.gui.ISurfaceComposer but there are no threads (yet?) listening to incoming transactions. See ProcessState::startThreadPool and ProcessState::setThreadPoolMaxThreadCount. Generally you should setup the binder threadpool before other initialization steps.
02-24 19:04:22.074  1569  6747 W MediaProvider: isAppCloneUserPair for user 0: false
02-24 19:04:22.076 20645 20645 W ProcessState: Extra binder thread started, but 0 threads requested. Do not use *startThreadPool when zero threads are requested.
02-24 19:04:22.089   158   158 I hwservicemanager: getTransport: Cannot find entry android.hardware.graphics.mapper@4.0::IMapper/default in either framework or device VINTF manifest.
02-24 19:04:22.090 20645 20647 I Gralloc4: mapper 4.x is not supported
02-24 18:31:26.365     0     0 I servicemanager: Could not find android.hardware.graphics.allocator.IAllocator/default in the VINTF manifest.
02-24 19:04:22.123  2894 18718 I NetworkScheduler.Stats: Task com.google.android.gms/com.google.android.gms.ipa.base.IpaGcmTaskService started execution. cause:9 exec_start_elapsed_seconds: 6430 [CONTEXT service_id=218 ]
02-24 19:04:22.138  2894  3068 I NetworkScheduler.Stats: Task com.google.android.gms/com.google.android.gms.ipa.base.IpaGcmTaskService finished executing. cause:9 result: 1 elapsed_millis: 20 uptime_millis: 20 exec_start_elapsed_seconds: 6430 [CONTEXT service_id=218 ]
02-24 19:04:22.968   568  1750 I ActivityManager: Broadcasting: Intent { act=android.intent.action.MEDIA_SCANNER_SCAN_FILE dat=file:///... flg=0x400000 }
02-24 19:04:22.970   568  1750 I ActivityManager: Enqueued broadcast Intent { act=android.intent.action.MEDIA_SCANNER_SCAN_FILE dat=file:///... flg=0x400000 }: 0
02-24 19:04:22.977   568   599 I ActivityManager: Broadcast completed: result=0
02-24 19:04:22.980  1569  2115 I MediaProvider: Begin Intent { act=android.intent.action.MEDIA_SCANNER_SCAN_FILE dat=file:///... flg=0x1400010 cmp=com.google.android.providers.media.module/com.android.providers.media.MediaService }
02-24 19:04:22.999  1569  2115 I MediaProvider: End Intent { act=android.intent.action.MEDIA_SCANNER_SCAN_FILE dat=file:///... flg=0x1400010 cmp=com.google.android.providers.media.module/com.android.providers.media.MediaService }
02-24 19:04:23.090  2894 18718 I NetworkScheduler.Stats: Task com.google.android.gms/com.google.android.gms.ipa.base.IpaGcmTaskService started execution. cause:9 exec_start_elapsed_seconds: 6431 [CONTEXT service_id=218 ]
02-24 19:04:23.099  2894 18488 I NetworkScheduler.Stats: Task com.google.android.gms/com.google.android.gms.ipa.base.IpaGcmTaskService finished executing. cause:9 result: 1 elapsed_millis: 29 uptime_millis: 29 exec_start_elapsed_seconds: 6431 [CONTEXT service_id=218 ]
02-24 19:04:23.109  1569  2765 I MediaProvider: Deleted 0 1 0 0 0 0 0 items on external_primary due to com.android.shell
02-24 19:04:23.703 20686 20686 W BpBinder: Linking to death on android.gui.ISurfaceComposer but there are no threads (yet?) listening to incoming transactions. See ProcessState::startThreadPool and ProcessState::setThreadPoolMaxThreadCount. Generally you should setup the binder threadpool before other initialization steps.
02-24 19:04:23.707  1569  6747 W MediaProvider: isAppCloneUserPair for user 0: false
02-24 19:04:23.711 20686 20686 W ProcessState: Extra binder thread started, but 0 threads requested. Do not use *startThreadPool when zero threads are requested.
02-24 19:04:23.727   158   158 I hwservicemanager: getTransport: Cannot find entry android.hardware.graphics.mapper@4.0::IMapper/default in either framework or device VINTF manifest.
02-24 18:31:28.001     0     0 I servicemanager: Could not find android.hardware.graphics.allocator.IAllocator/default in the VINTF manifest.
02-24 19:04:23.728 20686 20688 I Gralloc4: mapper 4.x is not supported
02-24 19:04:23.761   568  2463 W ProcessStats: Tracking association SourceState{faefd27 com.google.android.gms.persistent/10126 ImpBg #14971} whose proc state 6 is better than process ProcessState{1d85232 com.google.android.gms/10126 pkg=com.google.android.gms} proc state 14 (47 skipped)
02-24 19:04:23.768  2894 18718 I NetworkScheduler.Stats: Task com.google.android.gms/com.google.android.gms.ipa.base.IpaGcmTaskService started execution. cause:9 exec_start_elapsed_seconds: 6432 [CONTEXT service_id=218 ]
02-24 19:04:23.774  2894 17420 I NetworkScheduler.Stats: Task com.google.android.gms/com.google.android.gms.ipa.base.IpaGcmTaskService finished executing. cause:9 result: 1 elapsed_millis: 21 uptime_millis: 21 exec_start_elapsed_seconds: 6432 [CONTEXT service_id=218 ]
02-24 19:04:24.605   568  1768 I ActivityManager: Broadcasting: Intent { act=android.intent.action.MEDIA_SCANNER_SCAN_FILE dat=file:///... flg=0x400000 }
02-24 19:04:24.609   568  1768 I ActivityManager: Enqueued broadcast Intent { act=android.intent.action.MEDIA_SCANNER_SCAN_FILE dat=file:///... flg=0x400000 }: 0
02-24 19:04:24.614   568   599 I ActivityManager: Broadcast completed: result=0
02-24 19:04:24.618  1569  2115 I MediaProvider: Begin Intent { act=android.intent.action.MEDIA_SCANNER_SCAN_FILE dat=file:///... flg=0x1400010 cmp=com.google.android.providers.media.module/com.android.providers.media.MediaService }
02-24 19:04:24.629  1569  2115 I MediaProvider: End Intent { act=android.intent.action.MEDIA_SCANNER_SCAN_FILE dat=file:///... flg=0x1400010 cmp=com.google.android.providers.media.module/com.android.providers.media.MediaService }
02-24 19:04:24.691  2894 18718 I NetworkScheduler.Stats: Task com.google.android.gms/com.google.android.gms.ipa.base.IpaGcmTaskService started execution. cause:9 exec_start_elapsed_seconds: 6432 [CONTEXT service_id=218 ]
02-24 19:04:24.709  2894  3068 I NetworkScheduler.Stats: Task com.google.android.gms/com.google.android.gms.ipa.base.IpaGcmTaskService finished executing. cause:9 result: 1 elapsed_millis: 40 uptime_millis: 40 exec_start_elapsed_seconds: 6432 [CONTEXT service_id=218 ]
02-24 19:04:24.738  1569  2765 I MediaProvider: Deleted 0 1 0 0 0 0 0 items on external_primary due to com.android.shell
02-24 19:04:24.795  2894 18718 I NetworkScheduler.Stats: Task com.google.android.gms/com.google.android.gms.ipa.base.IpaGcmTaskService started execution. cause:9 exec_start_elapsed_seconds: 6433 [CONTEXT service_id=218 ]
02-24 19:04:24.805  2894 18488 I NetworkScheduler.Stats: Task com.google.android.gms/com.google.android.gms.ipa.base.IpaGcmTaskService finished executing. cause:9 result: 1 elapsed_millis: 20 uptime_millis: 20 exec_start_elapsed_seconds: 6433 [CONTEXT service_id=218 ]
02-24 19:04:25.366 20725 20725 W BpBinder: Linking to death on android.gui.ISurfaceComposer but there are no threads (yet?) listening to incoming transactions. See ProcessState::startThreadPool and ProcessState::setThreadPoolMaxThreadCount. Generally you should setup the binder threadpool before other initialization steps.
02-24 19:04:25.370  1569  6747 W MediaProvider: isAppCloneUserPair for user 0: false
02-24 19:04:25.374 20725 20725 W ProcessState: Extra binder thread started, but 0 threads requested. Do not use *startThreadPool when zero threads are requested.
02-24 19:04:25.398   158   158 I hwservicemanager: getTransport: Cannot find entry android.hardware.graphics.mapper@4.0::IMapper/default in either framework or device VINTF manifest.
02-24 19:04:25.398 20725 20727 I Gralloc4: mapper 4.x is not supported
02-24 18:31:29.672     0     0 I servicemanager: Could not find android.hardware.graphics.allocator.IAllocator/default in the VINTF manifest.
02-24 19:04:25.437  2894  3068 I NetworkScheduler.Stats: Task com.google.android.gms/com.google.android.gms.ipa.base.IpaGcmTaskService started execution. cause:9 exec_start_elapsed_seconds: 6433 [CONTEXT service_id=218 ]
02-24 19:04:25.448  2894  3068 I NetworkScheduler.Stats: Task com.google.android.gms/com.google.android.gms.ipa.base.IpaGcmTaskService finished executing. cause:9 result: 1 elapsed_millis: 22 uptime_millis: 22 exec_start_elapsed_seconds: 6433 [CONTEXT service_id=218 ]
02-24 19:04:26.198   568  1750 I ActivityManager: Broadcasting: Intent { act=android.intent.action.MEDIA_SCANNER_SCAN_FILE dat=file:///... flg=0x400000 }
02-24 19:04:26.199   568  1750 I ActivityManager: Enqueued broadcast Intent { act=android.intent.action.MEDIA_SCANNER_SCAN_FILE dat=file:///... flg=0x400000 }: 0
02-24 19:04:26.209   568   599 I ActivityManager: Broadcast completed: result=0
02-24 19:04:26.212  1569  2115 I MediaProvider: Begin Intent { act=android.intent.action.MEDIA_SCANNER_SCAN_FILE dat=file:///... flg=0x1400010 cmp=com.google.android.providers.media.module/com.android.providers.media.MediaService }
02-24 19:04:26.226  1569  2115 I MediaProvider: End Intent { act=android.intent.action.MEDIA_SCANNER_SCAN_FILE dat=file:///... flg=0x1400010 cmp=com.google.android.providers.media.module/com.android.providers.media.MediaService }
02-24 19:04:26.301  2894 18488 I NetworkScheduler.Stats: Task com.google.android.gms/com.google.android.gms.ipa.base.IpaGcmTaskService started execution. cause:9 exec_start_elapsed_seconds: 6434 [CONTEXT service_id=218 ]
02-24 19:04:26.312  2894 18718 I NetworkScheduler.Stats: Task com.google.android.gms/com.google.android.gms.ipa.base.IpaGcmTaskService finished executing. cause:9 result: 1 elapsed_millis: 50 uptime_millis: 50 exec_start_elapsed_seconds: 6434 [CONTEXT service_id=218 ]
02-24 19:04:26.386  1569  2765 I MediaProvider: Deleted 0 1 0 0 0 0 0 items on external_primary due to com.android.shell
02-24 19:04:26.453  2894  3068 I NetworkScheduler.Stats: Task com.google.android.gms/com.google.android.gms.ipa.base.IpaGcmTaskService started execution. cause:9 exec_start_elapsed_seconds: 6434 [CONTEXT service_id=218 ]
02-24 19:04:26.463  2894 18718 I NetworkScheduler.Stats: Task com.google.android.gms/com.google.android.gms.ipa.base.IpaGcmTaskService finished executing. cause:9 result: 1 elapsed_millis: 16 uptime_millis: 16 exec_start_elapsed_seconds: 6434 [CONTEXT service_id=218 ]
02-24 19:04:27.072 20766 20766 W BpBinder: Linking to death on android.gui.ISurfaceComposer but there are no threads (yet?) listening to incoming transactions. See ProcessState::startThreadPool and ProcessState::setThreadPoolMaxThreadCount. Generally you should setup the binder threadpool before other initialization steps.
02-24 19:04:27.074  1569  6747 W MediaProvider: isAppCloneUserPair for user 0: false
02-24 19:04:27.081 20766 20766 W ProcessState: Extra binder thread started, but 0 threads requested. Do not use *startThreadPool when zero threads are requested.
02-24 19:04:27.094   158   158 I hwservicemanager: getTransport: Cannot find entry android.hardware.graphics.mapper@4.0::IMapper/default in either framework or device VINTF manifest.
02-24 19:04:27.094 20766 20768 I Gralloc4: mapper 4.x is not supported
02-24 18:31:31.370     0     0 I servicemanager: Could not find android.hardware.graphics.allocator.IAllocator/default in the VINTF manifest.
02-24 19:04:27.123  2894  3068 I NetworkScheduler.Stats: Task com.google.android.gms/com.google.android.gms.ipa.base.IpaGcmTaskService started execution. cause:9 exec_start_elapsed_seconds: 6435 [CONTEXT service_id=218 ]
02-24 19:04:27.129  2894 18488 I NetworkScheduler.Stats: Task com.google.android.gms/com.google.android.gms.ipa.base.IpaGcmTaskService finished executing. cause:9 result: 1 elapsed_millis: 16 uptime_millis: 16 exec_start_elapsed_seconds: 6435 [CONTEXT service_id=218 ]
02-24 19:04:27.964   568   886 I ActivityManager: Broadcasting: Intent { act=android.intent.action.MEDIA_SCANNER_SCAN_FILE dat=file:///... flg=0x400000 }
02-24 19:04:27.965   568   886 I ActivityManager: Enqueued broadcast Intent { act=android.intent.action.MEDIA_SCANNER_SCAN_FILE dat=file:///... flg=0x400000 }: 0
02-24 19:04:27.976   568   599 I ActivityManager: Broadcast completed: result=0
02-24 19:04:27.980  1569  2115 I MediaProvider: Begin Intent { act=android.intent.action.MEDIA_SCANNER_SCAN_FILE dat=file:///... flg=0x1400010 cmp=com.google.android.providers.media.module/com.android.providers.media.MediaService }
02-24 19:04:28.005  1569  2115 I MediaProvider: End Intent { act=android.intent.action.MEDIA_SCANNER_SCAN_FILE dat=file:///... flg=0x1400010 cmp=com.google.android.providers.media.module/com.android.providers.media.MediaService }
02-24 19:04:28.074  2894  3068 I NetworkScheduler.Stats: Task com.google.android.gms/com.google.android.gms.ipa.base.IpaGcmTaskService started execution. cause:9 exec_start_elapsed_seconds: 6436 [CONTEXT service_id=218 ]
02-24 19:04:28.086  2894 17420 I NetworkScheduler.Stats: Task com.google.android.gms/com.google.android.gms.ipa.base.IpaGcmTaskService finished executing. cause:9 result: 1 elapsed_millis: 41 uptime_millis: 41 exec_start_elapsed_seconds: 6436 [CONTEXT service_id=218 ]
02-24 19:04:28.126  1569  2765 I MediaProvider: Deleted 0 1 0 0 0 0 0 items on external_primary due to com.android.shell
02-24 19:04:28.174  2894 18718 I NetworkScheduler.Stats: Task com.google.android.gms/com.google.android.gms.ipa.base.IpaGcmTaskService started execution. cause:9 exec_start_elapsed_seconds: 6436 [CONTEXT service_id=218 ]
02-24 19:04:28.186  2894  3068 I NetworkScheduler.Stats: Task com.google.android.gms/com.google.android.gms.ipa.base.IpaGcmTaskService finished executing. cause:9 result: 1 elapsed_millis: 20 uptime_millis: 20 exec_start_elapsed_seconds: 6436 [CONTEXT service_id=218 ]
02-24 19:04:28.766 20805 20805 W BpBinder: Linking to death on android.gui.ISurfaceComposer but there are no threads (yet?) listening to incoming transactions. See ProcessState::startThreadPool and ProcessState::setThreadPoolMaxThreadCount. Generally you should setup the binder threadpool before other initialization steps.
02-24 19:04:28.769  1569  6747 W MediaProvider: isAppCloneUserPair for user 0: false
02-24 19:04:28.771 20805 20805 W ProcessState: Extra binder thread started, but 0 threads requested. Do not use *startThreadPool when zero threads are requested.
02-24 19:04:28.786   158   158 I hwservicemanager: getTransport: Cannot find entry android.hardware.graphics.mapper@4.0::IMapper/default in either framework or device VINTF manifest.
02-24 19:04:28.787 20805 20807 I Gralloc4: mapper 4.x is not supported
02-24 18:31:33.061     0     0 I servicemanager: Could not find android.hardware.graphics.allocator.IAllocator/default in the VINTF manifest.
02-24 19:04:28.819  2894 18718 I NetworkScheduler.Stats: Task com.google.android.gms/com.google.android.gms.ipa.base.IpaGcmTaskService started execution. cause:9 exec_start_elapsed_seconds: 6437 [CONTEXT service_id=218 ]
02-24 19:04:28.826  2894 17420 I NetworkScheduler.Stats: Task com.google.android.gms/com.google.android.gms.ipa.base.IpaGcmTaskService finished executing. cause:9 result: 1 elapsed_millis: 20 uptime_millis: 20 exec_start_elapsed_seconds: 6437 [CONTEXT service_id=218 ]
02-24 19:04:28.996 18800 18800 E GEL_DELAYED_EVENT_DEBUG: Volley request failed for type amcb
02-24 19:04:28.996 18800 18800 E GEL_DELAYED_EVENT_DEBUG: dxk: java.lang.IllegalStateException: DefaultAccountIdResolver could not resolve pseudonymous, pseudonymous
02-24 19:04:28.996 18800 18800 E GEL_DELAYED_EVENT_DEBUG: 	at van.a(PG:1)
02-24 19:04:28.996 18800 18800 E GEL_DELAYED_EVENT_DEBUG: 	at van.d(PG:17)
02-24 19:04:28.996 18800 18800 E GEL_DELAYED_EVENT_DEBUG: 	at uta.run(PG:2)
02-24 19:04:28.996 18800 18800 E GEL_DELAYED_EVENT_DEBUG: 	at ageq.run(PG:3)
02-24 19:04:28.996 18800 18800 E GEL_DELAYED_EVENT_DEBUG: 	at java.util.concurrent.ThreadPoolExecutor.runWorker(ThreadPoolExecutor.java:1145)
02-24 19:04:28.996 18800 18800 E GEL_DELAYED_EVENT_DEBUG: 	at java.util.concurrent.ThreadPoolExecutor$Worker.run(ThreadPoolExecutor.java:644)
02-24 19:04:28.996 18800 18800 E GEL_DELAYED_EVENT_DEBUG: 	at ugr.run(PG:89)
02-24 19:04:28.996 18800 18800 E GEL_DELAYED_EVENT_DEBUG: 	at java.lang.Thread.run(Thread.java:1012)
02-24 19:04:28.996 18800 18800 E GEL_DELAYED_EVENT_DEBUG: Caused by: java.lang.IllegalStateException: DefaultAccountIdResolver could not resolve pseudonymous, pseudonymous
02-24 19:04:28.996 18800 18800 E GEL_DELAYED_EVENT_DEBUG: 	at tdd.a(PG:18)
02-24 19:04:28.996 18800 18800 E GEL_DELAYED_EVENT_DEBUG: 	at wbj.v(PG:2)
02-24 19:04:28.996 18800 18800 E GEL_DELAYED_EVENT_DEBUG: 	at xem.N(PG:26)
02-24 19:04:28.996 18800 18800 E GEL_DELAYED_EVENT_DEBUG: 	at xem.L(PG:2)
02-24 19:04:28.996 18800 18800 E GEL_DELAYED_EVENT_DEBUG: 	at xem.rZ(PG:1)
02-24 19:04:28.996 18800 18800 E GEL_DELAYED_EVENT_DEBUG: 	at xem.f(PG:1)
02-24 19:04:28.996 18800 18800 E GEL_DELAYED_EVENT_DEBUG: 	at van.b(PG:17)
02-24 19:04:28.996 18800 18800 E GEL_DELAYED_EVENT_DEBUG: 	at van.d(PG:16)
02-24 19:04:28.996 18800 18800 E GEL_DELAYED_EVENT_DEBUG: 	... 6 more
02-24 19:04:28.996 18800 18800 E GEL_DELAYED_EVENT_DEBUG: Caused by: java.util.concurrent.ExecutionException: afuk: account of type pseudonymous is not enabled
02-24 19:04:28.996 18800 18800 E GEL_DELAYED_EVENT_DEBUG: 	at ahfv.n(PG:4)
02-24 19:04:28.996 18800 18800 E GEL_DELAYED_EVENT_DEBUG: 	at ahfv.get(PG:27)
02-24 19:04:28.996 18800 18800 E GEL_DELAYED_EVENT_DEBUG: 	at ahfq.get(PG:2)
02-24 19:04:28.996 18800 18800 E GEL_DELAYED_EVENT_DEBUG: 	at tdd.a(PG:14)
02-24 19:04:28.996 18800 18800 E GEL_DELAYED_EVENT_DEBUG: 	... 13 more
02-24 19:04:28.996 18800 18800 E GEL_DELAYED_EVENT_DEBUG: Caused by: afuk: account of type pseudonymous is not enabled
02-24 19:04:28.996 18800 18800 E GEL_DELAYED_EVENT_DEBUG: 	at zup.apply(PG:10)
02-24 19:04:28.996 18800 18800 E GEL_DELAYED_EVENT_DEBUG: 	at aget.apply(PG:3)
02-24 19:04:28.996 18800 18800 E GEL_DELAYED_EVENT_DEBUG: 	at ahfy.c(PG:2)
02-24 19:04:28.996 18800 18800 E GEL_DELAYED_EVENT_DEBUG: 	at ahfz.run(PG:9)
02-24 19:04:28.996 18800 18800 E GEL_DELAYED_EVENT_DEBUG: 	at ahgu.execute(PG:1)
02-24 19:04:28.996 18800 18800 E GEL_DELAYED_EVENT_DEBUG: 	at ahfv.f(PG:1)
02-24 19:04:28.996 18800 18800 E GEL_DELAYED_EVENT_DEBUG: 	at ahfv.i(PG:12)
02-24 19:04:28.996 18800 18800 E GEL_DELAYED_EVENT_DEBUG: 	at ahfv.setFuture(PG:5)
02-24 19:04:28.996 18800 18800 E GEL_DELAYED_EVENT_DEBUG: 	at ahhn.run(PG:1)
02-24 19:04:28.996 18800 18800 E GEL_DELAYED_EVENT_DEBUG: 	at ahgu.execute(PG:1)
02-24 19:04:28.996 18800 18800 E GEL_DELAYED_EVENT_DEBUG: 	at ahfv.f(PG:1)
02-24 19:04:28.996 18800 18800 E GEL_DELAYED_EVENT_DEBUG: 	at ahfv.i(PG:12)
02-24 19:04:28.996 18800 18800 E GEL_DELAYED_EVENT_DEBUG: 	at ahfv.setFuture(PG:5)
02-24 19:04:28.996 18800 18800 E GEL_DELAYED_EVENT_DEBUG: 	at ahfx.d(PG:2)
02-24 19:04:28.996 18800 18800 E GEL_DELAYED_EVENT_DEBUG: 	at ahfz.run(PG:13)
02-24 19:04:28.996 18800 18800 E GEL_DELAYED_EVENT_DEBUG: 	at ahgu.execute(PG:1)
02-24 19:04:28.996 18800 18800 E GEL_DELAYED_EVENT_DEBUG: 	at ahfv.f(PG:1)
02-24 19:04:28.996 18800 18800 E GEL_DELAYED_EVENT_DEBUG: 	at ahfv.i(PG:12)
02-24 19:04:28.996 18800 18800 E GEL_DELAYED_EVENT_DEBUG: 	at ahfv.setFuture(PG:5)
02-24 19:04:28.996 18800 18800 E GEL_DELAYED_EVENT_DEBUG: 	at afwc.setFuture(PG:1)
02-24 19:04:28.996 18800 18800 E GEL_DELAYED_EVENT_DEBUG: 	at afwb.run(PG:4)
02-24 19:04:28.996 18800 18800 E GEL_DELAYED_EVENT_DEBUG: 	at ahgu.execute(PG:1)
02-24 19:04:28.996 18800 18800 E GEL_DELAYED_EVENT_DEBUG: 	at ahfv.f(PG:1)
02-24 19:04:28.996 18800 18800 E GEL_DELAYED_EVENT_DEBUG: 	at ahfv.i(PG:12)
02-24 19:04:28.996 18800 18800 E GEL_DELAYED_EVENT_DEBUG: 	at ahfv.set(PG:2)
02-24 19:04:28.996 18800 18800 E GEL_DELAYED_EVENT_DEBUG: 	at ahgr.c(PG:1)
02-24 19:04:28.996 18800 18800 E GEL_DELAYED_EVENT_DEBUG: 	at ahgs.e(PG:2)
02-24 19:04:28.996 18800 18800 E GEL_DELAYED_EVENT_DEBUG: 	at ahhw.run(PG:8)
02-24 19:04:28.996 18800 18800 E GEL_DELAYED_EVENT_DEBUG: 	at ahgu.execute(PG:1)
02-24 19:04:28.996 18800 18800 E GEL_DELAYED_EVENT_DEBUG: 	at ahgs.f(PG:1)
02-24 19:04:28.996 18800 18800 E GEL_DELAYED_EVENT_DEBUG: 	at ahgt.m(PG:1)
02-24 19:04:28.996 18800 18800 E GEL_DELAYED_EVENT_DEBUG: 	at ahgc.f(PG:6)
02-24 19:04:28.996 18800 18800 E GEL_DELAYED_EVENT_DEBUG: 	at ahga.run(PG:4)
02-24 19:04:28.996 18800 18800 E GEL_DELAYED_EVENT_DEBUG: 	at ahgu.execute(PG:1)
02-24 19:04:28.996 18800 18800 E GEL_DELAYED_EVENT_DEBUG: 	at ahfv.f(PG:1)
02-24 19:04:28.996 18800 18800 E GEL_DELAYED_EVENT_DEBUG: 	at ahfv.i(PG:12)
02-24 19:04:28.996 18800 18800 E GEL_DELAYED_EVENT_DEBUG: 	at ahfv.setFuture(PG:5)
02-24 19:04:28.996 18800 18800 E GEL_DELAYED_EVENT_DEBUG: 	at ahfx.d(PG:2)
02-24 19:04:28.996 18800 18800 E GEL_DELAYED_EVENT_DEBUG: 	at ahfz.run(PG:13)
02-24 19:04:28.996 18800 18800 E GEL_DELAYED_EVENT_DEBUG: 	at ahgu.execute(PG:1)
02-24 19:04:28.996 18800 18800 E GEL_DELAYED_EVENT_DEBUG: 	at ahfv.f(PG:1)
02-24 19:04:28.996 18800 18800 E GEL_DELAYED_EVENT_DEBUG: 	at ahfv.i(PG:12)
02-24 19:04:28.996 18800 18800 E GEL_DELAYED_EVENT_DEBUG: 	at ahfv.setFuture(PG:5)
02-24 19:04:28.996 18800 18800 E GEL_DELAYED_EVENT_DEBUG: 	at ahhn.run(PG:1)
02-24 19:04:28.996 18800 18800 E GEL_DELAYED_EVENT_DEBUG: 	at ahgu.execute(PG:1)
02-24 19:04:28.996 18800 18800 E GEL_DELAYED_EVENT_DEBUG: 	at ahfv.f(PG:1)
02-24 19:04:28.996 18800 18800 E GEL_DELAYED_EVENT_DEBUG: 	at ahfv.i(PG:12)
02-24 19:04:28.996 18800 18800 E GEL_DELAYED_EVENT_DEBUG: 	at ahfv.setFuture(PG:5)
02-24 19:04:28.996 18800 18800 E GEL_DELAYED_EVENT_DEBUG: 	at ahfx.d(PG:2)
02-24 19:04:28.996 18800 18800 E GEL_DELAYED_EVENT_DEBUG: 	at ahfz.run(PG:13)
02-24 19:04:28.996 18800 18800 E GEL_DELAYED_EVENT_DEBUG: 	at ahgu.execute(PG:1)
02-24 19:04:28.996 18800 18800 E GEL_DELAYED_EVENT_DEBUG: 	at ahfv.f(PG:1)
02-24 19:04:28.996 18800 18800 E GEL_DELAYED_EVENT_DEBUG: 	at ahfv.i(PG:12)
02-24 19:04:28.996 18800 18800 E GEL_DELAYED_EVENT_DEBUG: 	at ahfv.setFuture(PG:5)
02-24 19:04:28.996 18800 18800 E GEL_DELAYED_EVENT_DEBUG: 	at ahgq.c(PG:2)
02-24 19:04:28.996 18800 18800 E GEL_DELAYED_EVENT_DEBUG: 	at ahgs.e(PG:2)
02-24 19:04:28.996 18800 18800 E GEL_DELAYED_EVENT_DEBUG: 	at ahhw.run(PG:8)
02-24 19:04:28.996 18800 18800 E GEL_DELAYED_EVENT_DEBUG: 	at pfu.run(PG:1)
02-24 19:04:28.996 18800 18800 E GEL_DELAYED_EVENT_DEBUG: 	at java.util.concurrent.ThreadPoolExecutor.runWorker(ThreadPoolExecutor.java:1145)
02-24 19:04:28.996 18800 18800 E GEL_DELAYED_EVENT_DEBUG: 	at java.util.concurrent.ThreadPoolExecutor$Worker.run(ThreadPoolExecutor.java:644)
02-24 19:04:28.996 18800 18800 E GEL_DELAYED_EVENT_DEBUG: 	at ohd.run(PG:3)
02-24 19:04:28.996 18800 18800 E GEL_DELAYED_EVENT_DEBUG: 	at java.lang.Thread.run(Thread.java:1012)
02-24 19:04:28.996 18800 18800 E GEL_DELAYED_EVENT_DEBUG: 	at pgd.run(PG:5)
02-24 19:04:29.673   568  1768 I ActivityManager: Broadcasting: Intent { act=android.intent.action.MEDIA_SCANNER_SCAN_FILE dat=file:///... flg=0x400000 }
02-24 19:04:29.673   568  1768 I ActivityManager: Enqueued broadcast Intent { act=android.intent.action.MEDIA_SCANNER_SCAN_FILE dat=file:///... flg=0x400000 }: 0
02-24 19:04:29.681   568   599 I ActivityManager: Broadcast completed: result=0
02-24 19:04:29.685  1569  2115 I MediaProvider: Begin Intent { act=android.intent.action.MEDIA_SCANNER_SCAN_FILE dat=file:///... flg=0x1400010 cmp=com.google.android.providers.media.module/com.android.providers.media.MediaService }
02-24 19:04:29.699  1569  2115 I MediaProvider: End Intent { act=android.intent.action.MEDIA_SCANNER_SCAN_FILE dat=file:///... flg=0x1400010 cmp=com.google.android.providers.media.module/com.android.providers.media.MediaService }
02-24 19:04:29.745  2894 18718 I NetworkScheduler.Stats: Task com.google.android.gms/com.google.android.gms.ipa.base.IpaGcmTaskService started execution. cause:9 exec_start_elapsed_seconds: 6438 [CONTEXT service_id=218 ]
02-24 19:04:29.765  2894 18488 I NetworkScheduler.Stats: Task com.google.android.gms/com.google.android.gms.ipa.base.IpaGcmTaskService finished executing. cause:9 result: 1 elapsed_millis: 33 uptime_millis: 33 exec_start_elapsed_seconds: 6438 [CONTEXT service_id=218 ]
02-24 19:04:29.821  1569  2765 I MediaProvider: Deleted 0 1 0 0 0 0 0 items on external_primary due to com.android.shell
02-24 19:04:29.920  2894 17420 I NetworkScheduler.Stats: Task com.google.android.gms/com.google.android.gms.ipa.base.IpaGcmTaskService started execution. cause:9 exec_start_elapsed_seconds: 6438 [CONTEXT service_id=218 ]
02-24 19:04:29.928  2894  3068 I NetworkScheduler.Stats: Task com.google.android.gms/com.google.android.gms.ipa.base.IpaGcmTaskService finished executing. cause:9 result: 1 elapsed_millis: 27 uptime_millis: 27 exec_start_elapsed_seconds: 6438 [CONTEXT service_id=218 ]
02-24 19:04:30.561 20851 20851 W BpBinder: Linking to death on android.gui.ISurfaceComposer but there are no threads (yet?) listening to incoming transactions. See ProcessState::startThreadPool and ProcessState::setThreadPoolMaxThreadCount. Generally you should setup the binder threadpool before other initialization steps.
02-24 19:04:30.565  1569  6747 W MediaProvider: isAppCloneUserPair for user 0: false
02-24 19:04:30.567 20851 20851 W ProcessState: Extra binder thread started, but 0 threads requested. Do not use *startThreadPool when zero threads are requested.
02-24 19:04:30.586   158   158 I hwservicemanager: getTransport: Cannot find entry android.hardware.graphics.mapper@4.0::IMapper/default in either framework or device VINTF manifest.
02-24 19:04:30.586 20851 20853 I Gralloc4: mapper 4.x is not supported
02-24 18:31:34.859     0     0 I servicemanager: Could not find android.hardware.graphics.allocator.IAllocator/default in the VINTF manifest.
02-24 19:04:30.620  2894 18488 I NetworkScheduler.Stats: Task com.google.android.gms/com.google.android.gms.ipa.base.IpaGcmTaskService started execution. cause:9 exec_start_elapsed_seconds: 6438 [CONTEXT service_id=218 ]
02-24 19:04:30.626  2894 17420 I NetworkScheduler.Stats: Task com.google.android.gms/com.google.android.gms.ipa.base.IpaGcmTaskService finished executing. cause:9 result: 1 elapsed_millis: 19 uptime_millis: 19 exec_start_elapsed_seconds: 6438 [CONTEXT service_id=218 ]
02-24 19:04:31.470   568   886 I ActivityManager: Broadcasting: Intent { act=android.intent.action.MEDIA_SCANNER_SCAN_FILE dat=file:///... flg=0x400000 }
02-24 19:04:31.471   568   886 I ActivityManager: Enqueued broadcast Intent { act=android.intent.action.MEDIA_SCANNER_SCAN_FILE dat=file:///... flg=0x400000 }: 0
02-24 19:04:31.478   568   599 I ActivityManager: Broadcast completed: result=0
02-24 19:04:31.480  1569  2115 I MediaProvider: Begin Intent { act=android.intent.action.MEDIA_SCANNER_SCAN_FILE dat=file:///... flg=0x1400010 cmp=com.google.android.providers.media.module/com.android.providers.media.MediaService }
02-24 19:04:31.495  1569  2115 I MediaProvider: End Intent { act=android.intent.action.MEDIA_SCANNER_SCAN_FILE dat=file:///... flg=0x1400010 cmp=com.google.android.providers.media.module/com.android.providers.media.MediaService }
02-24 19:04:31.589  2894 18488 I NetworkScheduler.Stats: Task com.google.android.gms/com.google.android.gms.ipa.base.IpaGcmTaskService started execution. cause:9 exec_start_elapsed_seconds: 6439 [CONTEXT service_id=218 ]
02-24 19:04:31.597  2894 18718 I NetworkScheduler.Stats: Task com.google.android.gms/com.google.android.gms.ipa.base.IpaGcmTaskService finished executing. cause:9 result: 1 elapsed_millis: 36 uptime_millis: 36 exec_start_elapsed_seconds: 6439 [CONTEXT service_id=218 ]
02-24 19:04:31.662  1569  2765 I MediaProvider: Deleted 0 1 0 0 0 0 0 items on external_primary due to com.android.shell
02-24 19:04:31.833  2894 18488 I NetworkScheduler.Stats: Task com.google.android.gms/com.google.android.gms.ipa.base.IpaGcmTaskService started execution. cause:9 exec_start_elapsed_seconds: 6440 [CONTEXT service_id=218 ]
02-24 19:04:31.864  2894 17420 I NetworkScheduler.Stats: Task com.google.android.gms/com.google.android.gms.ipa.base.IpaGcmTaskService finished executing. cause:9 result: 1 elapsed_millis: 60 uptime_millis: 60 exec_start_elapsed_seconds: 6440 [CONTEXT service_id=218 ]
02-24 19:04:32.502 20892 20892 W BpBinder: Linking to death on android.gui.ISurfaceComposer but there are no threads (yet?) listening to incoming transactions. See ProcessState::startThreadPool and ProcessState::setThreadPoolMaxThreadCount. Generally you should setup the binder threadpool before other initialization steps.
02-24 19:04:32.507  1569  6747 W MediaProvider: isAppCloneUserPair for user 0: false
02-24 19:04:32.511 20892 20892 W ProcessState: Extra binder thread started, but 0 threads requested. Do not use *startThreadPool when zero threads are requested.
02-24 18:31:36.806     0     0 I servicemanager: Could not find android.hardware.graphics.allocator.IAllocator/default in the VINTF manifest.
02-24 19:04:32.537   158   158 I hwservicemanager: getTransport: Cannot find entry android.hardware.graphics.mapper@4.0::IMapper/default in either framework or device VINTF manifest.
02-24 19:04:32.537 20892 20894 I Gralloc4: mapper 4.x is not supported
02-24 19:04:32.579  2894 18488 I NetworkScheduler.Stats: Task com.google.android.gms/com.google.android.gms.ipa.base.IpaGcmTaskService started execution. cause:9 exec_start_elapsed_seconds: 6440 [CONTEXT service_id=218 ]
02-24 19:04:32.586  2894  3068 I NetworkScheduler.Stats: Task com.google.android.gms/com.google.android.gms.ipa.base.IpaGcmTaskService finished executing. cause:9 result: 1 elapsed_millis: 26 uptime_millis: 26 exec_start_elapsed_seconds: 6440 [CONTEXT service_id=218 ]
02-24 19:04:32.947  1719 20895 I GmscoreIpa: Starting mediastore instant index [CONTEXT service_id=255 ]
02-24 19:04:33.597   568  1750 I ActivityManager: Broadcasting: Intent { act=android.intent.action.MEDIA_SCANNER_SCAN_FILE dat=file:///... flg=0x400000 }
02-24 19:04:33.597   568  1750 I ActivityManager: Enqueued broadcast Intent { act=android.intent.action.MEDIA_SCANNER_SCAN_FILE dat=file:///... flg=0x400000 }: 0
02-24 19:04:33.606   568   599 I ActivityManager: Broadcast completed: result=0
02-24 19:04:33.610  1569  2115 I MediaProvider: Begin Intent { act=android.intent.action.MEDIA_SCANNER_SCAN_FILE dat=file:///... flg=0x1400010 cmp=com.google.android.providers.media.module/com.android.providers.media.MediaService }
02-24 19:04:33.632  1569  2115 I MediaProvider: End Intent { act=android.intent.action.MEDIA_SCANNER_SCAN_FILE dat=file:///... flg=0x1400010 cmp=com.google.android.providers.media.module/com.android.providers.media.MediaService }
02-24 19:04:33.719  2894 17420 I NetworkScheduler.Stats: Task com.google.android.gms/com.google.android.gms.ipa.base.IpaGcmTaskService started execution. cause:9 exec_start_elapsed_seconds: 6441 [CONTEXT service_id=218 ]
02-24 19:04:33.729  2894 18488 I NetworkScheduler.Stats: Task com.google.android.gms/com.google.android.gms.ipa.base.IpaGcmTaskService finished executing. cause:9 result: 1 elapsed_millis: 25 uptime_millis: 25 exec_start_elapsed_seconds: 6441 [CONTEXT service_id=218 ]
02-24 19:04:33.748  1569  2765 I MediaProvider: Deleted 0 1 0 0 0 0 0 items on external_primary due to com.android.shell
02-24 19:04:33.812   568  1750 W ProcessStats: Tracking association SourceState{faefd27 com.google.android.gms.persistent/10126 ImpBg #15107} whose proc state 6 is better than process ProcessState{1d85232 com.google.android.gms/10126 pkg=com.google.android.gms} proc state 8 (50 skipped)
02-24 19:04:33.820  2894 17420 I NetworkScheduler.Stats: Task com.google.android.gms/com.google.android.gms.ipa.base.IpaGcmTaskService started execution. cause:9 exec_start_elapsed_seconds: 6442 [CONTEXT service_id=218 ]
02-24 19:04:33.825  2894 18718 I NetworkScheduler.Stats: Task com.google.android.gms/com.google.android.gms.ipa.base.IpaGcmTaskService finished executing. cause:9 result: 1 elapsed_millis: 24 uptime_millis: 24 exec_start_elapsed_seconds: 6442 [CONTEXT service_id=218 ]
02-24 19:04:34.411 20933 20933 W BpBinder: Linking to death on android.gui.ISurfaceComposer but there are no threads (yet?) listening to incoming transactions. See ProcessState::startThreadPool and ProcessState::setThreadPoolMaxThreadCount. Generally you should setup the binder threadpool before other initialization steps.
02-24 19:04:34.417  1569  6747 W MediaProvider: isAppCloneUserPair for user 0: false
02-24 19:04:34.420 20933 20933 W ProcessState: Extra binder thread started, but 0 threads requested. Do not use *startThreadPool when zero threads are requested.
02-24 19:04:34.444   158   158 I hwservicemanager: getTransport: Cannot find entry android.hardware.graphics.mapper@4.0::IMapper/default in either framework or device VINTF manifest.
02-24 18:31:38.720     0     0 I servicemanager: Could not find android.hardware.graphics.allocator.IAllocator/default in the VINTF manifest.
02-24 19:04:34.445 20933 20935 I Gralloc4: mapper 4.x is not supported
02-24 19:04:34.491  2894 18488 I NetworkScheduler.Stats: Task com.google.android.gms/com.google.android.gms.ipa.base.IpaGcmTaskService started execution. cause:9 exec_start_elapsed_seconds: 6442 [CONTEXT service_id=218 ]
02-24 19:04:34.501  2894  3068 I NetworkScheduler.Stats: Task com.google.android.gms/com.google.android.gms.ipa.base.IpaGcmTaskService finished executing. cause:9 result: 1 elapsed_millis: 29 uptime_millis: 29 exec_start_elapsed_seconds: 6442 [CONTEXT service_id=218 ]
02-24 19:04:35.471   568  2092 I ActivityManager: Broadcasting: Intent { act=android.intent.action.MEDIA_SCANNER_SCAN_FILE dat=file:///... flg=0x400000 }
02-24 19:04:35.472   568  2092 I ActivityManager: Enqueued broadcast Intent { act=android.intent.action.MEDIA_SCANNER_SCAN_FILE dat=file:///... flg=0x400000 }: 0
02-24 19:04:35.484   568   599 I ActivityManager: Broadcast completed: result=0
02-24 19:04:35.488  1569  2115 I MediaProvider: Begin Intent { act=android.intent.action.MEDIA_SCANNER_SCAN_FILE dat=file:///... flg=0x1400010 cmp=com.google.android.providers.media.module/com.android.providers.media.MediaService }
02-24 19:04:35.545  1569  2115 I MediaProvider: End Intent { act=android.intent.action.MEDIA_SCANNER_SCAN_FILE dat=file:///... flg=0x1400010 cmp=com.google.android.providers.media.module/com.android.providers.media.MediaService }
02-24 19:04:35.621  1569  1577 I FuseDaemon: Background concurrent copying GC freed 1979(184KB) AllocSpace objects, 6(3276KB) LOS objects, 49% free, 2536KB/5072KB, paused 8.999ms,232us total 81.180ms
02-24 19:04:35.720  2894 18488 I NetworkScheduler.Stats: Task com.google.android.gms/com.google.android.gms.ipa.base.IpaGcmTaskService started execution. cause:9 exec_start_elapsed_seconds: 6443 [CONTEXT service_id=218 ]
02-24 19:04:35.736  2894 18718 I NetworkScheduler.Stats: Task com.google.android.gms/com.google.android.gms.ipa.base.IpaGcmTaskService finished executing. cause:9 result: 1 elapsed_millis: 90 uptime_millis: 90 exec_start_elapsed_seconds: 6443 [CONTEXT service_id=218 ]
02-24 19:04:35.795  1569  6747 I MediaProvider: Deleted 0 1 0 0 0 0 0 items on external_primary due to com.android.shell
02-24 19:04:35.866  2894  3068 I NetworkScheduler.Stats: Task com.google.android.gms/com.google.android.gms.ipa.base.IpaGcmTaskService started execution. cause:9 exec_start_elapsed_seconds: 6444 [CONTEXT service_id=218 ]
02-24 19:04:35.874  2894  3068 I NetworkScheduler.Stats: Task com.google.android.gms/com.google.android.gms.ipa.base.IpaGcmTaskService finished executing. cause:9 result: 1 elapsed_millis: 30 uptime_millis: 30 exec_start_elapsed_seconds: 6444 [CONTEXT service_id=218 ]
02-24 19:04:36.377 20974 20974 W BpBinder: Linking to death on android.gui.ISurfaceComposer but there are no threads (yet?) listening to incoming transactions. See ProcessState::startThreadPool and ProcessState::setThreadPoolMaxThreadCount. Generally you should setup the binder threadpool before other initialization steps.
02-24 19:04:36.380  1569  2765 W MediaProvider: isAppCloneUserPair for user 0: false
02-24 19:04:36.383 20974 20974 W ProcessState: Extra binder thread started, but 0 threads requested. Do not use *startThreadPool when zero threads are requested.
02-24 18:31:40.679     0     0 I servicemanager: Could not find android.hardware.graphics.allocator.IAllocator/default in the VINTF manifest.
02-24 19:04:36.404   158   158 I hwservicemanager: getTransport: Cannot find entry android.hardware.graphics.mapper@4.0::IMapper/default in either framework or device VINTF manifest.
02-24 19:04:36.404 20974 20976 I Gralloc4: mapper 4.x is not supported
02-24 19:04:36.440  2894 17420 I NetworkScheduler.Stats: Task com.google.android.gms/com.google.android.gms.ipa.base.IpaGcmTaskService started execution. cause:9 exec_start_elapsed_seconds: 6444 [CONTEXT service_id=218 ]
02-24 19:04:36.447  2894 17420 I NetworkScheduler.Stats: Task com.google.android.gms/com.google.android.gms.ipa.base.IpaGcmTaskService finished executing. cause:9 result: 1 elapsed_millis: 19 uptime_millis: 19 exec_start_elapsed_seconds: 6444 [CONTEXT service_id=218 ]
02-24 19:04:37.250   568  2092 I ActivityManager: Broadcasting: Intent { act=android.intent.action.MEDIA_SCANNER_SCAN_FILE dat=file:///... flg=0x400000 }
02-24 19:04:37.251   568  2092 I ActivityManager: Enqueued broadcast Intent { act=android.intent.action.MEDIA_SCANNER_SCAN_FILE dat=file:///... flg=0x400000 }: 0
02-24 19:04:37.264   568   599 I ActivityManager: Broadcast completed: result=0
02-24 19:04:37.277  1569  2115 I MediaProvider: Begin Intent { act=android.intent.action.MEDIA_SCANNER_SCAN_FILE dat=file:///... flg=0x1400010 cmp=com.google.android.providers.media.module/com.android.providers.media.MediaService }
02-24 19:04:37.315  1569  2115 I MediaProvider: End Intent { act=android.intent.action.MEDIA_SCANNER_SCAN_FILE dat=file:///... flg=0x1400010 cmp=com.google.android.providers.media.module/com.android.providers.media.MediaService }
02-24 19:04:37.428  2894  3068 I NetworkScheduler.Stats: Task com.google.android.gms/com.google.android.gms.ipa.base.IpaGcmTaskService started execution. cause:9 exec_start_elapsed_seconds: 6445 [CONTEXT service_id=218 ]
02-24 19:04:37.441  2894 18718 I NetworkScheduler.Stats: Task com.google.android.gms/com.google.android.gms.ipa.base.IpaGcmTaskService finished executing. cause:9 result: 1 elapsed_millis: 23 uptime_millis: 23 exec_start_elapsed_seconds: 6445 [CONTEXT service_id=218 ]
